#@ # 
#@ # Running icc2_shell Version O-2018.06-SP1 for linux64 -- Jul 17, 2018
#@ # Date:   Fri Sep 18 06:03:48 2026
#@ # Run by: ICer@IC_EDA
#@ 

source -echo -verbose ../script/power_script.tcl
win_set_filter -visible -class cell -filter {hard_macro_margin hard_margin route_blockage_margin soft_margin}
win_set_filter -visible -class placement_blockage -filter {wiring} -layer {0-77}
win_set_filter -expand_cell_types {soft_macro  }
win_set_select_class -visible {cell port bound routing_blockage shaping_blockage pg_region pin_blockage block_shielding topology_node topology_edge core_area die_area edit_group shape via terminal fill_cell placement_blockage }
win_set_filter -class cell -filter {cell_array hard_macro_margin hard_margin route_blockage_margin soft_margin}
win_set_filter -class placement_blockage -filter {wiring} -layer {0-77}
win_set_select_class {cell port bound routing_blockage shaping_blockage pg_region pin_blockage topology_node topology_edge edit_group shape via placement_blockage }
gui_zoom -window [gui_get_current_window -types Layout -view] -factor 2 -at_point {10.425 -11.090}
gui_zoom -window [gui_get_current_window -types Layout -view] -factor 2 -at_point {10.635 -5.850}
gui_zoom -window [gui_get_current_window -types Layout -view] -factor 2 -at_point {10.635 -3.395}
gui_zoom -window [gui_get_current_window -types Layout -view] -factor 2 -at_point {-1.855 0.085}
gui_zoom -window [gui_get_current_window -types Layout -view] -factor 2 -at_point {-1.555 -0.185}
gui_zoom -window [gui_get_current_window -types Layout -view] -factor 2 -at_point {-1.565 -0.195}
gui_set_layout_layer_visibility -toggle [get_layers -filter {mask_name == metal9} -quiet]
win_set_filter -visible -class routing_blockage -layer {28}
win_set_filter -visible -class shape -filter {} -layer {28}
win_set_filter -visible -class via -filter {} -layer {28}
win_set_filter -visible -class terminal -filter {}  -layer {28}
win_set_filter -class routing_blockage -layer {28}
win_set_filter -class shape -filter {} -layer {28}
win_set_filter -class via -filter {} -layer {28}
gui_set_layout_layer_visibility -toggle [get_layers -filter {mask_name == metal8} -quiet]
win_set_filter -visible -class routing_blockage -layer {25 28}
win_set_filter -visible -class shape -filter {} -layer {25 28}
win_set_filter -visible -class via -filter {} -layer {25 28}
win_set_filter -visible -class terminal -filter {}  -layer {25 28}
win_set_filter -class routing_blockage -layer {25 28}
win_set_filter -class shape -filter {} -layer {25 28}
win_set_filter -class via -filter {} -layer {25 28}
gui_scroll -window [gui_get_current_window -view] -vrel .2
gui_zoom -window [gui_get_current_window -types Layout -view] -factor 2 -at_point {-0.065 -0.605}
gui_zoom -window [gui_get_current_window -types Layout -view] -factor 2 -at_point {-0.065 -0.600}
gui_zoom -window [gui_get_current_window -types Layout -view] -factor 2 -at_point {-0.060 -0.600}
gui_zoom -window [gui_get_current_window -types Layout -view] -factor 0.5 -at_point {0.115 -0.380}
gui_zoom -window [gui_get_current_window -types Layout -view] -factor 0.5 -at_point {0.120 -0.385}
gui_show_error_data
gui_set_error_browser_option -show_mode all
gui_set_error_browser_option -view_mode zoom
gui_set_error_browser_option -zoom_factor 1.000000
gui_set_error_browser_option -grouping type
gui_error_browser -show
gui_open_error_data -name {DRC_report_by_check_pg_drc}
gui_open_error_data -name {DRC_report_by_check_pg_drc}
gui_set_current_errors -data_name {DRC_report_by_check_pg_drc}
gui_error_browser -hide
exit
