 
****************************************
Report : area
Design : css_phy_tx_top
Version: O-2018.06-SP1
Date   : Sat Sep 19 03:37:41 2026
****************************************

Library(s) Used:

    saed90nm_max (File: /mnt/hgfs/Shared_Folder/Zigbee-CSS-PHY-Transmitter-main/std_cells/saed90nm_max.db)

Number of ports:                         1290
Number of nets:                         36129
Number of cells:                        34834
Number of combinational cells:          25018
Number of sequential cells:              9780
Number of macros/black boxes:               0
Number of buf/inv:                       5536
Number of references:                      72

Combinational area:             249600.614348
Buf/Inv area:                    35772.826221
Noncombinational area:          246348.285427
Macro/Black Box area:                0.000000
Net Interconnect area:           12448.740595

Total cell area:                495948.899776
Total area:                     508397.640371

Hierarchical area distribution
------------------------------

                                  Global cell area              Local cell area
                                  --------------------  -------------------------------- 
Hierarchical cell                 Absolute     Percent  Combi-       Noncombi-    Black-
                                  Total        Total    national     national     boxes   Design
--------------------------------  -----------  -------  -----------  -----------  ------  -------------------------------
css_phy_tx_top                    495948.8998    100.0  105292.7988  102921.5220  0.0000  css_phy_tx_top
add_324                              146.5344      0.0     146.5344       0.0000  0.0000  css_phy_tx_top_DW01_inc_2
add_431                              160.3584      0.0     160.3584       0.0000  0.0000  css_phy_tx_top_DW01_inc_0
div_290                              826.6752      0.2     826.6752       0.0000  0.0000  css_phy_tx_top_DW_div_uns_4
div_293                             1066.2912      0.2    1066.2912       0.0000  0.0000  css_phy_tx_top_DW_div_uns_6
r112                                 160.3584      0.0     160.3584       0.0000  0.0000  css_phy_tx_top_DW01_inc_1
rem_281                              533.6064      0.1     533.6064       0.0000  0.0000  css_phy_tx_top_DW_div_uns_2
rem_282                              800.8704      0.2     800.8704       0.0000  0.0000  css_phy_tx_top_DW_div_uns_3
u_controller                       54814.9248     11.1   24466.6370   27184.4349  0.0000  controller
u_controller/add_159                 191.6928      0.0     191.6928       0.0000  0.0000  controller_DW01_inc_2
u_controller/add_164                 191.6928      0.0     191.6928       0.0000  0.0000  controller_DW01_inc_1
u_controller/add_189                 160.3584      0.0     160.3584       0.0000  0.0000  controller_DW01_inc_0
u_controller/div_108                 515.1744      0.1     515.1744       0.0000  0.0000  controller_DW_div_uns_1
u_controller/div_109                 835.8912      0.2     835.8912       0.0000  0.0000  controller_DW_div_uns_0
u_controller/rem_101                 552.0384      0.1     552.0384       0.0000  0.0000  controller_DW_div_uns_3
u_controller/rem_102                 717.0048      0.1     717.0048       0.0000  0.0000  controller_DW_div_uns_2
u_csk_rom                           1681.9200      0.3    1383.3216     298.5984  0.0000  csk_waveform_rom
u_csk_selector                        69.1200      0.0      69.1200       0.0000  0.0000  csk_waveform_selector
u_csk_sequencer                     3723.2640      0.8    2338.0992    1064.4480  0.0000  csk_sequencer
u_csk_sequencer/add_81               160.3584      0.0     160.3584       0.0000  0.0000  csk_sequencer_DW01_inc_2
u_csk_sequencer/r98                  160.3584      0.0     160.3584       0.0000  0.0000  csk_sequencer_DW01_inc_1
u_demux                              260.8128      0.1      99.5328     161.2800  0.0000  demux_iq
u_dqpsk                             1057.9968      0.2     389.8368     668.1600  0.0000  dqpsk_encoder
u_dqpsk_csk_multiplier              1888.3584      0.4     783.3600     612.8640  0.0000  dqpsk_csk_multiplier
u_dqpsk_csk_multiplier/add_39        223.9488      0.0     223.9488       0.0000  0.0000  dqpsk_csk_multiplier_DW01_add_0
u_dqpsk_csk_multiplier/sub_38        268.1856      0.1     268.1856       0.0000  0.0000  dqpsk_csk_multiplier_DW01_sub_0
u_form_ppdu                       199006.6171     40.1   95507.2520  103147.3140  0.0000  form_ppdu
u_form_ppdu/r113                     176.0256      0.0     176.0256       0.0000  0.0000  form_ppdu_DW01_inc_1
u_form_ppdu/r114                     176.0256      0.0     176.0256       0.0000  0.0000  form_ppdu_DW01_inc_0
u_interleaver                       9347.7889      1.9    3090.1248    6257.6641  0.0000  bit_interleaver
u_qpsk                               251.5968      0.1      90.3168     161.2800  0.0000  qpsk_mapper
u_symbol_mapper                     7365.4273      1.5    4849.4593    2515.9680  0.0000  symbol_mapper
u_zero_padding                      4572.0577      0.9    1380.5568    1354.7520  0.0000  zero_padding
u_zero_padding/r106                  238.6944      0.0     238.6944       0.0000  0.0000  zero_padding_DW01_inc_2
u_zero_padding/rem_59                482.9184      0.1     482.9184       0.0000  0.0000  zero_padding_DW_div_uns_3
u_zero_padding/rem_61                484.7616      0.1     484.7616       0.0000  0.0000  zero_padding_DW_div_uns_1
u_zero_padding/rem_67                630.3744      0.1     630.3744       0.0000  0.0000  zero_padding_DW_div_uns_0
--------------------------------  -----------  -------  -----------  -----------  ------  -------------------------------
Total                                                   249600.6143  246348.2854  0.0000

1
