#@ # 
#@ # Running icc2_lm_shell Version O-2018.06-SP1 for linux64 -- Jul 17, 2018
#@ # Date:   Thu Sep 17 06:59:07 2026
#@ # Run by: ICer@IC_EDA
#@ 

source -echo -verbose ../script/ndm_script.tcl
change_selection [get_libs {saed90nmEditted}]
change_selection [get_designs -filter {view_name == design} {AND2X1}]
current_block saed90nmEditted:AND2X1.design
win_set_filter -visible -class cell -filter {hard_macro_margin hard_margin route_blockage_margin soft_margin}
win_set_filter -visible -class placement_blockage -filter {wiring} -layer {0-77}
win_set_filter -expand_cell_types {soft_macro  }
win_set_select_class -visible {cell port bound routing_blockage shaping_blockage pg_region pin_blockage block_shielding topology_node topology_edge core_area die_area edit_group shape via terminal fill_cell placement_blockage }
win_set_filter -class cell -filter {cell_array hard_macro_margin hard_margin route_blockage_margin soft_margin}
win_set_filter -class placement_blockage -filter {wiring} -layer {0-77}
win_set_select_class {cell port bound routing_blockage shaping_blockage pg_region pin_blockage topology_node topology_edge edit_group shape via placement_blockage }
change_selection [get_designs -filter {view_name == design} {AND2X1}]
current_block saed90nmEditted:AND2X1.design
change_selection [get_designs -filter {view_name == design} {AND2X1}]
change_selection [get_designs -filter {view_name == design} {LSDNENCLSSX8}]
current_block saed90nmEditted:LSDNENCLSSX8.design
gui_zoom -window [gui_get_current_window -types Layout -view] -factor 2 -at_point {6.520 0.950}
gui_zoom -window [gui_get_current_window -types Layout -view] -factor 2 -at_point {6.520 0.950}
gui_zoom -window [gui_get_current_window -types Layout -view] -factor 2 -at_point {6.520 0.950}
gui_zoom -window [gui_get_current_window -types Layout -view] -factor 2 -at_point {6.520 0.950}
gui_zoom -window [gui_get_current_window -types Layout -view] -factor 2 -at_point {6.520 0.950}
gui_zoom -window [gui_get_current_window -types Layout -view] -factor 0.5 -at_point {6.515 0.970}
gui_zoom -window [gui_get_current_window -types Layout -view] -factor 0.5 -at_point {6.515 0.970}
gui_zoom -window [gui_get_current_window -types Layout -view] -factor 0.5 -at_point {6.515 0.970}
gui_zoom -window [gui_get_current_window -types Layout -view] -factor 0.5 -at_point {6.510 0.970}
gui_zoom -window [gui_get_current_window -types Layout -view] -factor 0.5 -at_point {6.510 0.975}
gui_zoom -window [gui_get_current_window -types Layout -view] -factor 0.5 -at_point {6.560 1.010}
gui_zoom -window [gui_get_current_window -types Layout -view] -factor 0.5 -at_point {6.635 1.045}
gui_zoom -window [gui_get_current_window -types Layout -view] -factor 0.5 -at_point {6.655 1.065}
gui_zoom -window [gui_get_current_window -types Layout -view] -factor 0.5 -at_point {6.655 1.105}
gui_zoom -window [gui_get_current_window -types Layout -view] -factor 0.5 -at_point {6.625 1.135}
gui_zoom -window [gui_get_current_window -types Layout -view] -factor 0.5 -at_point {6.625 1.135}
gui_zoom -window [gui_get_current_window -types Layout -view] -factor 2 -at_point {10.465 1.330}
gui_zoom -window [gui_get_current_window -types Layout -view] -factor 2 -at_point {10.030 1.330}
gui_zoom -window [gui_get_current_window -types Layout -view] -factor 2 -at_point {9.815 1.330}
gui_zoom -window [gui_get_current_window -types Layout -view] -factor 2 -at_point {9.705 1.330}
exit
