****************************************
Report : qor
        -summary
Design : css_phy_tx_top
Version: O-2018.06-SP1
Date   : Sat Sep 19 08:17:02 2026
****************************************
Information: Timer using 'SI, Timing Window Analysis, CRPR'. (TIM-050)
Information: The RC mode used is DR for design 'css_phy_tx_top'. (NEX-022)
---extraction options---
Corner: default
 late_cap_scale                : 1
 late_res_scale                : 1
 late_ccap_scale               : 1
 early_cap_scale               : 1
 early_res_scale               : 1
 early_ccap_scale              : 1
Global options:
 late_ccap_threshold       : 0.003pf
 late_ccap_ratio           : 0.03
 reference_direction       : use_from_tluplus
 real_metalfill_extraction : none
 virtual_shield_extraction : true
---app options---
 host.max_cores                   : 1
 extract.connect_open           : true
 extract.incremental_extraction : true
 extract.enable_coupling_cap    : true
Extracting design: css_phy_tx_top_routing 
Information: coupling capacitance is created explicitly. (NEX-029)
Information: 42430 nets are successfully extracted. (NEX-028)
Information: Advanced receiver model has not been enabled for detailed routed design. (TIM-204)
Information: Update timing completed net estimation for all the timing graph nets (TIM-111)
Information: Net estimation statistics: timing graph nets = 42430, routed nets = 42430, across physical hierarchy nets = 0, parasitics cached nets = 42430, delay annotated nets = 0, parasitics annotated nets = 0, multi-voltage nets = 0. (TIM-112)

Timing
---------------------------------------------------------------------------
Context                                 WNS            TNS            NVE
---------------------------------------------------------------------------
Design             (Setup)            22.73           0.00              0

Design             (Hold)              0.00           0.00              0
---------------------------------------------------------------------------

Miscellaneous
---------------------------------------------------------------------------
Cell Area (netlist):                         525194.96
Cell Area (netlist and physical only):       824753.66
Nets with DRC Violations:        0
1
