Warning: Cell contains tie connections which are not connected to real PG. (ZRT-511)
Warning: Ignore contact DIFFCON. (ZRT-015)
Turn off antenna since no rule is specified
Cell Min-Routing-Layer = M2
Cell Max-Routing-Layer = M9
Warning: Ignore 2 top cell ports with no pins. (ZRT-027)
Info: number of net_type_blockage: 0 
Warning: Contact VIA89's lower layer enclosure width does not satisfy end of line enclosure design rule. (ZRT-042)
Warning: Contact VIA89's upper layer enclosure width does not satisfy end of line enclosure design rule. (ZRT-042)
Warning: Contact VIA89's lower layer enclosure height does not satisfy end of line enclosure design rule. (ZRT-042)
Warning: Contact VIA89's upper layer enclosure height does not satisfy end of line enclosure design rule. (ZRT-042)
Warning: Contact VIA89C's lower layer enclosure height does not satisfy end of line enclosure design rule. (ZRT-042)
Warning: Contact VIA89C's upper layer enclosure width does not satisfy end of line enclosure design rule. (ZRT-042)
Warning: Contact VIA89C's lower layer enclosure width does not satisfy end of line enclosure design rule. (ZRT-042)
Warning: Contact VIA89C's upper layer enclosure height does not satisfy end of line enclosure design rule. (ZRT-042)
Via on layer (VIA1) needs more than one tracks
Warning: Layer M1 pitch 0.320 may be too small: wire/via-down 0.315, wire/via-up 0.330. (ZRT-026)
Via on layer (VIA1) needs more than one tracks
Warning: Layer M2 pitch 0.320 may be too small: wire/via-down 0.360, wire/via-up 0.320. (ZRT-026)
soft rule ICC2_GENERATED_DEFAULT_SPACING_RULE_3_8_wire is redundant
soft rule LOPT_M3_M7_3_8_wire is redundant
soft rule LOPT_M6_M7_3_8_wire is redundant


Start checking for open nets ... 

Total number of nets = 42433, of which 0 are not extracted
Total number of open nets = 0, of which 0 are frozen

Check 42433 nets, 0 have Errors

[CHECK OPEN NETS] Elapsed real time: 0:00:00 
[CHECK OPEN NETS] Elapsed cpu  time: sys=0:00:00 usr=0:00:00 total=0:00:00
[CHECK OPEN NETS] Stage (MB): Used    0  Alloctr    0  Proc    0 
[CHECK OPEN NETS] Total (MB): Used  145  Alloctr  154  Proc 1890 
Printing options for 'route.common.*'

Printing options for 'route.detail.*'
detail.antenna                                          :	 true                
detail.force_end_on_preferred_grid                      :	 true                

Printing options for 'route.auto_via_ladder.*'


Begin full DRC check ...

Information: Using 1 threads for routing. (ZRT-444)
Checked	1/81 Partitions, Violations =	0
Checked	3/81 Partitions, Violations =	0
Checked	6/81 Partitions, Violations =	0
Checked	9/81 Partitions, Violations =	0
Checked	12/81 Partitions, Violations =	0
Checked	15/81 Partitions, Violations =	0
Checked	18/81 Partitions, Violations =	0
Checked	21/81 Partitions, Violations =	0
Checked	24/81 Partitions, Violations =	0
Checked	27/81 Partitions, Violations =	0
Checked	30/81 Partitions, Violations =	0
Checked	33/81 Partitions, Violations =	0
Checked	36/81 Partitions, Violations =	0
Checked	39/81 Partitions, Violations =	0
Checked	42/81 Partitions, Violations =	0
Checked	45/81 Partitions, Violations =	0
Checked	48/81 Partitions, Violations =	0
Checked	51/81 Partitions, Violations =	0
Checked	54/81 Partitions, Violations =	0
Checked	57/81 Partitions, Violations =	0
Checked	60/81 Partitions, Violations =	0
Checked	63/81 Partitions, Violations =	0
Checked	66/81 Partitions, Violations =	0
Checked	69/81 Partitions, Violations =	0
Checked	72/81 Partitions, Violations =	0
Checked	75/81 Partitions, Violations =	0
Checked	78/81 Partitions, Violations =	0
[DRC CHECK] Elapsed real time: 0:00:15 
[DRC CHECK] Elapsed cpu  time: sys=0:00:00 usr=0:00:15 total=0:00:15
[DRC CHECK] Stage (MB): Used    0  Alloctr    0  Proc    0 
[DRC CHECK] Total (MB): Used  166  Alloctr  175  Proc 1890 
Warning: No antenna rules defined, Skip antenna analysis. (ZRT-309)

DRC-SUMMARY:
	@@@@@@@ TOTAL VIOLATIONS =	0


Total Wire Length =                    1379415 micron
Total Number of Contacts =             316893
Total Number of Wires =                296243
Total Number of PtConns =              32670
Total Number of Routed Wires =       296243
Total Routed Wire Length =           1371701 micron
Total Number of Routed Contacts =       316893
	Layer          M1 :       3552 micron
	Layer          M2 :     433103 micron
	Layer          M3 :     480704 micron
	Layer          M4 :     244346 micron
	Layer          M5 :     173301 micron
	Layer          M6 :      17557 micron
	Layer          M7 :      23083 micron
	Layer          M8 :        702 micron
	Layer          M9 :       3067 micron
	Via        VIA89C :         64
	Via   VIA78C(rot) :         79
	Via        VIA67C :        602
	Via        VIA56C :          2
	Via   VIA56C(rot) :       1078
	Via        VIA45C :       7846
	Via        VIA34C :        516
	Via   VIA34C(rot) :      17894
	Via        VIA23C :     149564
	Via   VIA23C(rot) :          9
	Via        VIA12C :         89
	Via   VIA12C(rot) :     117117
	Via        VIA12B :        742
	Via   VIA12B(rot) :      21291

 
Redundant via conversion report:
--------------------------------

  Total optimized via conversion rate =  0.00% (0 / 316893 vias)
 
    Layer VIA1       =  0.00% (0      / 139239  vias)
        Un-optimized =  0.00% (0       vias)
        Un-mapped    = 100.00% (139239  vias)
    Layer VIA2       =  0.00% (0      / 149573  vias)
        Un-optimized =  0.00% (0       vias)
        Un-mapped    = 100.00% (149573  vias)
    Layer VIA3       =  0.00% (0      / 18410   vias)
        Un-optimized =  0.00% (0       vias)
        Un-mapped    = 100.00% (18410   vias)
    Layer VIA4       =  0.00% (0      / 7846    vias)
        Un-optimized =  0.00% (0       vias)
        Un-mapped    = 100.00% (7846    vias)
    Layer VIA5       =  0.00% (0      / 1080    vias)
        Un-optimized =  0.00% (0       vias)
        Un-mapped    = 100.00% (1080    vias)
    Layer VIA6       =  0.00% (0      / 602     vias)
        Un-optimized =  0.00% (0       vias)
        Un-mapped    = 100.00% (602     vias)
    Layer VIA7       =  0.00% (0      / 79      vias)
        Un-optimized =  0.00% (0       vias)
        Un-mapped    = 100.00% (79      vias)
    Layer VIA8       =  0.00% (0      / 64      vias)
        Un-optimized =  0.00% (0       vias)
        Un-mapped    = 100.00% (64      vias)
 
  Total double via conversion rate    =  0.00% (0 / 316893 vias)
 
    Layer VIA1       =  0.00% (0      / 139239  vias)
    Layer VIA2       =  0.00% (0      / 149573  vias)
    Layer VIA3       =  0.00% (0      / 18410   vias)
    Layer VIA4       =  0.00% (0      / 7846    vias)
    Layer VIA5       =  0.00% (0      / 1080    vias)
    Layer VIA6       =  0.00% (0      / 602     vias)
    Layer VIA7       =  0.00% (0      / 79      vias)
    Layer VIA8       =  0.00% (0      / 64      vias)
 
  The optimized via conversion rate based on total routed via count =  0.00% (0 / 316893 vias)
 
    Layer VIA1       =  0.00% (0      / 139239  vias)
        Un-optimized =  0.00% (0       vias)
        Un-mapped    = 100.00% (139239  vias)
    Layer VIA2       =  0.00% (0      / 149573  vias)
        Un-optimized =  0.00% (0       vias)
        Un-mapped    = 100.00% (149573  vias)
    Layer VIA3       =  0.00% (0      / 18410   vias)
        Un-optimized =  0.00% (0       vias)
        Un-mapped    = 100.00% (18410   vias)
    Layer VIA4       =  0.00% (0      / 7846    vias)
        Un-optimized =  0.00% (0       vias)
        Un-mapped    = 100.00% (7846    vias)
    Layer VIA5       =  0.00% (0      / 1080    vias)
        Un-optimized =  0.00% (0       vias)
        Un-mapped    = 100.00% (1080    vias)
    Layer VIA6       =  0.00% (0      / 602     vias)
        Un-optimized =  0.00% (0       vias)
        Un-mapped    = 100.00% (602     vias)
    Layer VIA7       =  0.00% (0      / 79      vias)
        Un-optimized =  0.00% (0       vias)
        Un-mapped    = 100.00% (79      vias)
    Layer VIA8       =  0.00% (0      / 64      vias)
        Un-optimized =  0.00% (0       vias)
        Un-mapped    = 100.00% (64      vias)
 


Verify Summary:

Total number of nets = 42433, of which 0 are not extracted
Total number of open nets = 0, of which 0 are frozen
Total number of excluded ports = 0 ports of 0 unplaced cells connected to 0 nets
                                 0 ports without pins of 0 cells connected to 0 nets
                                 0 ports of 0 cover cells connected to 0 non-pg nets
Total number of DRCs = 0
Total number of antenna violations = no antenna rules defined
Total number of tie to rail violations = not checked
Total number of tie to rail directly violations = not checked


