 
****************************************
Report : area
Design : css_phy_tx_top
Version: O-2018.06-SP1
Date   : Fri Sep 18 01:21:51 2026
****************************************

Library(s) Used:

    saed90nm_max (File: /mnt/hgfs/Shared_Folder/Zigbee-CSS-PHY-Transmitter-main/std_cells/saed90nm_max.db)

Number of ports:                         1365
Number of nets:                         47537
Number of cells:                        36554
Number of combinational cells:          26741
Number of sequential cells:              9775
Number of macros/black boxes:               0
Number of buf/inv:                       7571
Number of references:                      54

Combinational area:             256533.810113
Buf/Inv area:                    45169.460159
Noncombinational area:          300196.452225
Macro/Black Box area:                0.000000
Net Interconnect area:           99666.971399

Total cell area:                556730.262338
Total area:                     656397.233737

Hierarchical area distribution
------------------------------

                                  Global cell area              Local cell area
                                  --------------------  -------------------------------- 
Hierarchical cell                 Absolute     Percent  Combi-       Noncombi-    Black-
                                  Total        Total    national     national     boxes   Design
--------------------------------  -----------  -------  -----------  -----------  ------  -------------------------------
css_phy_tx_top                    556730.2623    100.0  105167.4619  125742.1817  0.0000  css_phy_tx_top
add_344                              146.5344      0.0     146.5344       0.0000  0.0000  css_phy_tx_top_DW01_inc_2
add_451                              160.3584      0.0     160.3584       0.0000  0.0000  css_phy_tx_top_DW01_inc_0
clk_mux                               18.4320      0.0      18.4320       0.0000  0.0000  mux2X1_0
div_310                              529.9200      0.1     529.9200       0.0000  0.0000  css_phy_tx_top_DW_div_uns_0
div_313                              573.2352      0.1     573.2352       0.0000  0.0000  css_phy_tx_top_DW_div_uns_1
r112                                 160.3584      0.0     160.3584       0.0000  0.0000  css_phy_tx_top_DW01_inc_1
rem_301                              457.1136      0.1     457.1136       0.0000  0.0000  css_phy_tx_top_DW_div_uns_2
rem_302                              567.7056      0.1     567.7056       0.0000  0.0000  css_phy_tx_top_DW_div_uns_3
rst_mux                               18.4320      0.0      18.4320       0.0000  0.0000  mux2X1_1
u_controller                       66194.8414     11.9   30593.4336   33090.9694  0.0000  controller_test_1
u_controller/add_159                 191.6928      0.0     191.6928       0.0000  0.0000  controller_DW01_inc_2
u_controller/add_164                 191.6928      0.0     191.6928       0.0000  0.0000  controller_DW01_inc_1
u_controller/add_189                 160.3584      0.0     160.3584       0.0000  0.0000  controller_DW01_inc_0
u_controller/div_108                 465.4080      0.1     465.4080       0.0000  0.0000  controller_DW_div_uns_1
u_controller/div_109                 514.2528      0.1     514.2528       0.0000  0.0000  controller_DW_div_uns_0
u_controller/rem_101                 436.8384      0.1     436.8384       0.0000  0.0000  controller_DW_div_uns_3
u_controller/rem_102                 550.1952      0.1     550.1952       0.0000  0.0000  controller_DW_div_uns_2
u_csk_rom                           1542.7584      0.3    1177.8048     364.9536  0.0000  csk_waveform_rom_test_1
u_csk_selector                        76.4928      0.0      76.4928       0.0000  0.0000  csk_waveform_selector
u_csk_sequencer                     2832.0768      0.5    1264.4352    1246.9248  0.0000  csk_sequencer_test_1
u_csk_sequencer/add_81               160.3584      0.0     160.3584       0.0000  0.0000  csk_sequencer_DW01_inc_2
u_csk_sequencer/r98                  160.3584      0.0     160.3584       0.0000  0.0000  csk_sequencer_DW01_inc_1
u_demux                              293.9904      0.1     105.0624     188.9280  0.0000  demux_iq_test_1
u_dqpsk                             1204.5312      0.2     420.2496     784.2816  0.0000  dqpsk_encoder_test_1
u_dqpsk_csk_multiplier              1956.5568      0.4     761.2416     717.9264  0.0000  dqpsk_csk_multiplier_test_1
u_dqpsk_csk_multiplier/add_39        220.2624      0.0     220.2624       0.0000  0.0000  dqpsk_csk_multiplier_DW01_add_0
u_dqpsk_csk_multiplier/sub_38        257.1264      0.0     257.1264       0.0000  0.0000  dqpsk_csk_multiplier_DW01_sub_0
u_form_ppdu                       225969.8675     40.6   99611.1354  126006.6809  0.0000  form_ppdu_test_1
u_form_ppdu/r113                     176.0256      0.0     176.0256       0.0000  0.0000  form_ppdu_DW01_inc_1
u_form_ppdu/r114                     176.0256      0.0     176.0256       0.0000  0.0000  form_ppdu_DW01_inc_0
u_interleaver                      10297.0365      1.8    2966.6304    7330.4062  0.0000  bit_interleaver_test_1
u_qpsk                               279.2448      0.1      90.3168     188.9280  0.0000  qpsk_mapper_test_1
u_symbol_mapper                     7873.2287      1.4    4925.9520    2947.2767  0.0000  symbol_mapper_test_1
u_zero_padding                      4667.9040      0.8    1290.2400    1586.9951  0.0000  zero_padding_test_1
u_zero_padding/r106                  238.6944      0.0     238.6944       0.0000  0.0000  zero_padding_DW01_inc_2
u_zero_padding/rem_59                482.9184      0.1     482.9184       0.0000  0.0000  zero_padding_DW_div_uns_3
u_zero_padding/rem_61                482.9184      0.1     482.9184       0.0000  0.0000  zero_padding_DW_div_uns_1
u_zero_padding/rem_67                586.1376      0.1     586.1376       0.0000  0.0000  zero_padding_DW_div_uns_0
--------------------------------  -----------  -------  -----------  -----------  ------  -------------------------------
Total                                                   256533.8101  300196.4522  0.0000

1
