 
****************************************
Report : timing
        -path full
        -delay min
        -max_paths 10
Design : css_phy_tx_top
Version: O-2018.06-SP1
Date   : Fri Sep 18 01:21:51 2026
****************************************

 # A fanout number of 1000 was used for high fanout net computations.

Operating Conditions: WORST   Library: saed90nm_max
Wire Load Model Mode: enclosed

  Startpoint: u_dqpsk/s_imag_reg[1]
              (rising edge-triggered flip-flop clocked by CLK)
  Endpoint: u_dqpsk/s_real_d_reg[0][0]
            (rising edge-triggered flip-flop clocked by CLK)
  Path Group: CLK
  Path Type: min

  Des/Clust/Port     Wire Load Model       Library
  ------------------------------------------------
  css_phy_tx_top     540000                saed90nm_max
  dqpsk_encoder_test_1
                     8000                  saed90nm_max

  Point                                                   Incr       Path
  --------------------------------------------------------------------------
  clock CLK (rise edge)                                   0.00       0.00
  clock network delay (ideal)                             0.00       0.00
  u_dqpsk/s_imag_reg[1]/CLK (SDFFARX1)                    0.00 #     0.00 r
  u_dqpsk/s_imag_reg[1]/QN (SDFFARX1)                     0.91       0.91 f
  u_dqpsk/s_real_d_reg[0][0]/SI (SDFFASX1)                0.04       0.94 f
  data arrival time                                                  0.94

  clock CLK (rise edge)                                   0.00       0.00
  clock network delay (ideal)                             0.00       0.00
  clock uncertainty                                       2.00       2.00
  u_dqpsk/s_real_d_reg[0][0]/CLK (SDFFASX1)               0.00       2.00 r
  library hold time                                       0.15       2.15
  data required time                                                 2.15
  --------------------------------------------------------------------------
  data required time                                                 2.15
  data arrival time                                                 -0.94
  --------------------------------------------------------------------------
  slack (VIOLATED)                                                  -1.21


  Startpoint: u_csk_rom/i_c_reg[4]
              (rising edge-triggered flip-flop clocked by CLK)
  Endpoint: u_csk_rom/i_c_reg[5]
            (rising edge-triggered flip-flop clocked by CLK)
  Path Group: CLK
  Path Type: min

  Des/Clust/Port     Wire Load Model       Library
  ------------------------------------------------
  css_phy_tx_top     540000                saed90nm_max
  csk_waveform_rom_test_1
                     8000                  saed90nm_max

  Point                                    Incr       Path
  -----------------------------------------------------------
  clock CLK (rise edge)                    0.00       0.00
  clock network delay (ideal)              0.00       0.00
  u_csk_rom/i_c_reg[4]/CLK (SDFFX1)        0.00 #     0.00 r
  u_csk_rom/i_c_reg[4]/QN (SDFFX1)         0.89       0.89 f
  u_csk_rom/i_c_reg[5]/SI (SDFFX1)         0.04       0.92 f
  data arrival time                                   0.92

  clock CLK (rise edge)                    0.00       0.00
  clock network delay (ideal)              0.00       0.00
  clock uncertainty                        2.00       2.00
  u_csk_rom/i_c_reg[5]/CLK (SDFFX1)        0.00       2.00 r
  library hold time                        0.12       2.12
  data required time                                  2.12
  -----------------------------------------------------------
  data required time                                  2.12
  data arrival time                                  -0.92
  -----------------------------------------------------------
  slack (VIOLATED)                                   -1.19


  Startpoint: u_csk_rom/i_c_reg[3]
              (rising edge-triggered flip-flop clocked by CLK)
  Endpoint: u_csk_rom/i_c_reg[4]
            (rising edge-triggered flip-flop clocked by CLK)
  Path Group: CLK
  Path Type: min

  Des/Clust/Port     Wire Load Model       Library
  ------------------------------------------------
  css_phy_tx_top     540000                saed90nm_max
  csk_waveform_rom_test_1
                     8000                  saed90nm_max

  Point                                    Incr       Path
  -----------------------------------------------------------
  clock CLK (rise edge)                    0.00       0.00
  clock network delay (ideal)              0.00       0.00
  u_csk_rom/i_c_reg[3]/CLK (SDFFX1)        0.00 #     0.00 r
  u_csk_rom/i_c_reg[3]/QN (SDFFX1)         0.89       0.89 f
  u_csk_rom/i_c_reg[4]/SI (SDFFX1)         0.04       0.92 f
  data arrival time                                   0.92

  clock CLK (rise edge)                    0.00       0.00
  clock network delay (ideal)              0.00       0.00
  clock uncertainty                        2.00       2.00
  u_csk_rom/i_c_reg[4]/CLK (SDFFX1)        0.00       2.00 r
  library hold time                        0.12       2.12
  data required time                                  2.12
  -----------------------------------------------------------
  data required time                                  2.12
  data arrival time                                  -0.92
  -----------------------------------------------------------
  slack (VIOLATED)                                   -1.19


  Startpoint: u_csk_rom/i_c_reg[2]
              (rising edge-triggered flip-flop clocked by CLK)
  Endpoint: u_csk_rom/i_c_reg[3]
            (rising edge-triggered flip-flop clocked by CLK)
  Path Group: CLK
  Path Type: min

  Des/Clust/Port     Wire Load Model       Library
  ------------------------------------------------
  css_phy_tx_top     540000                saed90nm_max
  csk_waveform_rom_test_1
                     8000                  saed90nm_max

  Point                                    Incr       Path
  -----------------------------------------------------------
  clock CLK (rise edge)                    0.00       0.00
  clock network delay (ideal)              0.00       0.00
  u_csk_rom/i_c_reg[2]/CLK (SDFFX1)        0.00 #     0.00 r
  u_csk_rom/i_c_reg[2]/QN (SDFFX1)         0.89       0.89 f
  u_csk_rom/i_c_reg[3]/SI (SDFFX1)         0.04       0.92 f
  data arrival time                                   0.92

  clock CLK (rise edge)                    0.00       0.00
  clock network delay (ideal)              0.00       0.00
  clock uncertainty                        2.00       2.00
  u_csk_rom/i_c_reg[3]/CLK (SDFFX1)        0.00       2.00 r
  library hold time                        0.12       2.12
  data required time                                  2.12
  -----------------------------------------------------------
  data required time                                  2.12
  data arrival time                                  -0.92
  -----------------------------------------------------------
  slack (VIOLATED)                                   -1.19


  Startpoint: u_csk_rom/i_c_reg[1]
              (rising edge-triggered flip-flop clocked by CLK)
  Endpoint: u_csk_rom/i_c_reg[2]
            (rising edge-triggered flip-flop clocked by CLK)
  Path Group: CLK
  Path Type: min

  Des/Clust/Port     Wire Load Model       Library
  ------------------------------------------------
  css_phy_tx_top     540000                saed90nm_max
  csk_waveform_rom_test_1
                     8000                  saed90nm_max

  Point                                    Incr       Path
  -----------------------------------------------------------
  clock CLK (rise edge)                    0.00       0.00
  clock network delay (ideal)              0.00       0.00
  u_csk_rom/i_c_reg[1]/CLK (SDFFX1)        0.00 #     0.00 r
  u_csk_rom/i_c_reg[1]/QN (SDFFX1)         0.89       0.89 f
  u_csk_rom/i_c_reg[2]/SI (SDFFX1)         0.04       0.92 f
  data arrival time                                   0.92

  clock CLK (rise edge)                    0.00       0.00
  clock network delay (ideal)              0.00       0.00
  clock uncertainty                        2.00       2.00
  u_csk_rom/i_c_reg[2]/CLK (SDFFX1)        0.00       2.00 r
  library hold time                        0.12       2.12
  data required time                                  2.12
  -----------------------------------------------------------
  data required time                                  2.12
  data arrival time                                  -0.92
  -----------------------------------------------------------
  slack (VIOLATED)                                   -1.19


  Startpoint: u_csk_rom/i_c_reg[0]
              (rising edge-triggered flip-flop clocked by CLK)
  Endpoint: u_csk_rom/i_c_reg[1]
            (rising edge-triggered flip-flop clocked by CLK)
  Path Group: CLK
  Path Type: min

  Des/Clust/Port     Wire Load Model       Library
  ------------------------------------------------
  css_phy_tx_top     540000                saed90nm_max
  csk_waveform_rom_test_1
                     8000                  saed90nm_max

  Point                                    Incr       Path
  -----------------------------------------------------------
  clock CLK (rise edge)                    0.00       0.00
  clock network delay (ideal)              0.00       0.00
  u_csk_rom/i_c_reg[0]/CLK (SDFFX1)        0.00 #     0.00 r
  u_csk_rom/i_c_reg[0]/QN (SDFFX1)         0.89       0.89 f
  u_csk_rom/i_c_reg[1]/SI (SDFFX1)         0.04       0.92 f
  data arrival time                                   0.92

  clock CLK (rise edge)                    0.00       0.00
  clock network delay (ideal)              0.00       0.00
  clock uncertainty                        2.00       2.00
  u_csk_rom/i_c_reg[1]/CLK (SDFFX1)        0.00       2.00 r
  library hold time                        0.12       2.12
  data required time                                  2.12
  -----------------------------------------------------------
  data required time                                  2.12
  data arrival time                                  -0.92
  -----------------------------------------------------------
  slack (VIOLATED)                                   -1.19


  Startpoint: u_csk_rom/q_c_reg[2]
              (rising edge-triggered flip-flop clocked by CLK)
  Endpoint: u_csk_rom/q_c_reg[3]
            (rising edge-triggered flip-flop clocked by CLK)
  Path Group: CLK
  Path Type: min

  Des/Clust/Port     Wire Load Model       Library
  ------------------------------------------------
  css_phy_tx_top     540000                saed90nm_max
  csk_waveform_rom_test_1
                     8000                  saed90nm_max

  Point                                    Incr       Path
  -----------------------------------------------------------
  clock CLK (rise edge)                    0.00       0.00
  clock network delay (ideal)              0.00       0.00
  u_csk_rom/q_c_reg[2]/CLK (SDFFX1)        0.00 #     0.00 r
  u_csk_rom/q_c_reg[2]/QN (SDFFX1)         0.89       0.89 f
  u_csk_rom/q_c_reg[3]/SI (SDFFX1)         0.04       0.92 f
  data arrival time                                   0.92

  clock CLK (rise edge)                    0.00       0.00
  clock network delay (ideal)              0.00       0.00
  clock uncertainty                        2.00       2.00
  u_csk_rom/q_c_reg[3]/CLK (SDFFX1)        0.00       2.00 r
  library hold time                        0.12       2.12
  data required time                                  2.12
  -----------------------------------------------------------
  data required time                                  2.12
  data arrival time                                  -0.92
  -----------------------------------------------------------
  slack (VIOLATED)                                   -1.19


  Startpoint: u_csk_rom/q_c_reg[1]
              (rising edge-triggered flip-flop clocked by CLK)
  Endpoint: u_csk_rom/q_c_reg[2]
            (rising edge-triggered flip-flop clocked by CLK)
  Path Group: CLK
  Path Type: min

  Des/Clust/Port     Wire Load Model       Library
  ------------------------------------------------
  css_phy_tx_top     540000                saed90nm_max
  csk_waveform_rom_test_1
                     8000                  saed90nm_max

  Point                                    Incr       Path
  -----------------------------------------------------------
  clock CLK (rise edge)                    0.00       0.00
  clock network delay (ideal)              0.00       0.00
  u_csk_rom/q_c_reg[1]/CLK (SDFFX1)        0.00 #     0.00 r
  u_csk_rom/q_c_reg[1]/QN (SDFFX1)         0.89       0.89 f
  u_csk_rom/q_c_reg[2]/SI (SDFFX1)         0.04       0.92 f
  data arrival time                                   0.92

  clock CLK (rise edge)                    0.00       0.00
  clock network delay (ideal)              0.00       0.00
  clock uncertainty                        2.00       2.00
  u_csk_rom/q_c_reg[2]/CLK (SDFFX1)        0.00       2.00 r
  library hold time                        0.12       2.12
  data required time                                  2.12
  -----------------------------------------------------------
  data required time                                  2.12
  data arrival time                                  -0.92
  -----------------------------------------------------------
  slack (VIOLATED)                                   -1.19


  Startpoint: u_csk_rom/q_c_reg[0]
              (rising edge-triggered flip-flop clocked by CLK)
  Endpoint: u_csk_rom/q_c_reg[1]
            (rising edge-triggered flip-flop clocked by CLK)
  Path Group: CLK
  Path Type: min

  Des/Clust/Port     Wire Load Model       Library
  ------------------------------------------------
  css_phy_tx_top     540000                saed90nm_max
  csk_waveform_rom_test_1
                     8000                  saed90nm_max

  Point                                    Incr       Path
  -----------------------------------------------------------
  clock CLK (rise edge)                    0.00       0.00
  clock network delay (ideal)              0.00       0.00
  u_csk_rom/q_c_reg[0]/CLK (SDFFX1)        0.00 #     0.00 r
  u_csk_rom/q_c_reg[0]/QN (SDFFX1)         0.89       0.89 f
  u_csk_rom/q_c_reg[1]/SI (SDFFX1)         0.04       0.92 f
  data arrival time                                   0.92

  clock CLK (rise edge)                    0.00       0.00
  clock network delay (ideal)              0.00       0.00
  clock uncertainty                        2.00       2.00
  u_csk_rom/q_c_reg[1]/CLK (SDFFX1)        0.00       2.00 r
  library hold time                        0.12       2.12
  data required time                                  2.12
  -----------------------------------------------------------
  data required time                                  2.12
  data arrival time                                  -0.92
  -----------------------------------------------------------
  slack (VIOLATED)                                   -1.19


  Startpoint: u_csk_rom/i_c_reg[5]
              (rising edge-triggered flip-flop clocked by CLK)
  Endpoint: u_csk_rom/q_c_reg[0]
            (rising edge-triggered flip-flop clocked by CLK)
  Path Group: CLK
  Path Type: min

  Des/Clust/Port     Wire Load Model       Library
  ------------------------------------------------
  css_phy_tx_top     540000                saed90nm_max
  csk_waveform_rom_test_1
                     8000                  saed90nm_max

  Point                                    Incr       Path
  -----------------------------------------------------------
  clock CLK (rise edge)                    0.00       0.00
  clock network delay (ideal)              0.00       0.00
  u_csk_rom/i_c_reg[5]/CLK (SDFFX1)        0.00 #     0.00 r
  u_csk_rom/i_c_reg[5]/QN (SDFFX1)         0.89       0.89 f
  u_csk_rom/q_c_reg[0]/SI (SDFFX1)         0.04       0.92 f
  data arrival time                                   0.92

  clock CLK (rise edge)                    0.00       0.00
  clock network delay (ideal)              0.00       0.00
  clock uncertainty                        2.00       2.00
  u_csk_rom/q_c_reg[0]/CLK (SDFFX1)        0.00       2.00 r
  library hold time                        0.12       2.12
  data required time                                  2.12
  -----------------------------------------------------------
  data required time                                  2.12
  data arrival time                                  -0.92
  -----------------------------------------------------------
  slack (VIOLATED)                                   -1.19


  Startpoint: u_dqpsk/s_imag_reg[1]
              (rising edge-triggered flip-flop clocked by SCAN_CLK)
  Endpoint: u_dqpsk/s_real_d_reg[0][0]
            (rising edge-triggered flip-flop clocked by SCAN_CLK)
  Path Group: SCAN_CLK
  Path Type: min

  Des/Clust/Port     Wire Load Model       Library
  ------------------------------------------------
  css_phy_tx_top     540000                saed90nm_max
  dqpsk_encoder_test_1
                     8000                  saed90nm_max

  Point                                                   Incr       Path
  --------------------------------------------------------------------------
  clock SCAN_CLK (rise edge)                              0.00       0.00
  clock network delay (ideal)                             0.00       0.00
  u_dqpsk/s_imag_reg[1]/CLK (SDFFARX1)                    0.00 #     0.00 r
  u_dqpsk/s_imag_reg[1]/QN (SDFFARX1)                     0.91       0.91 f
  u_dqpsk/s_real_d_reg[0][0]/SI (SDFFASX1)                0.04       0.94 f
  data arrival time                                                  0.94

  clock SCAN_CLK (rise edge)                              0.00       0.00
  clock network delay (ideal)                             0.00       0.00
  clock uncertainty                                       2.00       2.00
  u_dqpsk/s_real_d_reg[0][0]/CLK (SDFFASX1)               0.00       2.00 r
  library hold time                                       0.15       2.15
  data required time                                                 2.15
  --------------------------------------------------------------------------
  data required time                                                 2.15
  data arrival time                                                 -0.94
  --------------------------------------------------------------------------
  slack (VIOLATED)                                                  -1.21


  Startpoint: u_csk_rom/i_c_reg[4]
              (rising edge-triggered flip-flop clocked by SCAN_CLK)
  Endpoint: u_csk_rom/i_c_reg[5]
            (rising edge-triggered flip-flop clocked by SCAN_CLK)
  Path Group: SCAN_CLK
  Path Type: min

  Des/Clust/Port     Wire Load Model       Library
  ------------------------------------------------
  css_phy_tx_top     540000                saed90nm_max
  csk_waveform_rom_test_1
                     8000                  saed90nm_max

  Point                                    Incr       Path
  -----------------------------------------------------------
  clock SCAN_CLK (rise edge)               0.00       0.00
  clock network delay (ideal)              0.00       0.00
  u_csk_rom/i_c_reg[4]/CLK (SDFFX1)        0.00 #     0.00 r
  u_csk_rom/i_c_reg[4]/QN (SDFFX1)         0.89       0.89 f
  u_csk_rom/i_c_reg[5]/SI (SDFFX1)         0.04       0.92 f
  data arrival time                                   0.92

  clock SCAN_CLK (rise edge)               0.00       0.00
  clock network delay (ideal)              0.00       0.00
  clock uncertainty                        2.00       2.00
  u_csk_rom/i_c_reg[5]/CLK (SDFFX1)        0.00       2.00 r
  library hold time                        0.12       2.12
  data required time                                  2.12
  -----------------------------------------------------------
  data required time                                  2.12
  data arrival time                                  -0.92
  -----------------------------------------------------------
  slack (VIOLATED)                                   -1.19


  Startpoint: u_csk_rom/i_c_reg[3]
              (rising edge-triggered flip-flop clocked by SCAN_CLK)
  Endpoint: u_csk_rom/i_c_reg[4]
            (rising edge-triggered flip-flop clocked by SCAN_CLK)
  Path Group: SCAN_CLK
  Path Type: min

  Des/Clust/Port     Wire Load Model       Library
  ------------------------------------------------
  css_phy_tx_top     540000                saed90nm_max
  csk_waveform_rom_test_1
                     8000                  saed90nm_max

  Point                                    Incr       Path
  -----------------------------------------------------------
  clock SCAN_CLK (rise edge)               0.00       0.00
  clock network delay (ideal)              0.00       0.00
  u_csk_rom/i_c_reg[3]/CLK (SDFFX1)        0.00 #     0.00 r
  u_csk_rom/i_c_reg[3]/QN (SDFFX1)         0.89       0.89 f
  u_csk_rom/i_c_reg[4]/SI (SDFFX1)         0.04       0.92 f
  data arrival time                                   0.92

  clock SCAN_CLK (rise edge)               0.00       0.00
  clock network delay (ideal)              0.00       0.00
  clock uncertainty                        2.00       2.00
  u_csk_rom/i_c_reg[4]/CLK (SDFFX1)        0.00       2.00 r
  library hold time                        0.12       2.12
  data required time                                  2.12
  -----------------------------------------------------------
  data required time                                  2.12
  data arrival time                                  -0.92
  -----------------------------------------------------------
  slack (VIOLATED)                                   -1.19


  Startpoint: u_csk_rom/i_c_reg[2]
              (rising edge-triggered flip-flop clocked by SCAN_CLK)
  Endpoint: u_csk_rom/i_c_reg[3]
            (rising edge-triggered flip-flop clocked by SCAN_CLK)
  Path Group: SCAN_CLK
  Path Type: min

  Des/Clust/Port     Wire Load Model       Library
  ------------------------------------------------
  css_phy_tx_top     540000                saed90nm_max
  csk_waveform_rom_test_1
                     8000                  saed90nm_max

  Point                                    Incr       Path
  -----------------------------------------------------------
  clock SCAN_CLK (rise edge)               0.00       0.00
  clock network delay (ideal)              0.00       0.00
  u_csk_rom/i_c_reg[2]/CLK (SDFFX1)        0.00 #     0.00 r
  u_csk_rom/i_c_reg[2]/QN (SDFFX1)         0.89       0.89 f
  u_csk_rom/i_c_reg[3]/SI (SDFFX1)         0.04       0.92 f
  data arrival time                                   0.92

  clock SCAN_CLK (rise edge)               0.00       0.00
  clock network delay (ideal)              0.00       0.00
  clock uncertainty                        2.00       2.00
  u_csk_rom/i_c_reg[3]/CLK (SDFFX1)        0.00       2.00 r
  library hold time                        0.12       2.12
  data required time                                  2.12
  -----------------------------------------------------------
  data required time                                  2.12
  data arrival time                                  -0.92
  -----------------------------------------------------------
  slack (VIOLATED)                                   -1.19


  Startpoint: u_csk_rom/i_c_reg[1]
              (rising edge-triggered flip-flop clocked by SCAN_CLK)
  Endpoint: u_csk_rom/i_c_reg[2]
            (rising edge-triggered flip-flop clocked by SCAN_CLK)
  Path Group: SCAN_CLK
  Path Type: min

  Des/Clust/Port     Wire Load Model       Library
  ------------------------------------------------
  css_phy_tx_top     540000                saed90nm_max
  csk_waveform_rom_test_1
                     8000                  saed90nm_max

  Point                                    Incr       Path
  -----------------------------------------------------------
  clock SCAN_CLK (rise edge)               0.00       0.00
  clock network delay (ideal)              0.00       0.00
  u_csk_rom/i_c_reg[1]/CLK (SDFFX1)        0.00 #     0.00 r
  u_csk_rom/i_c_reg[1]/QN (SDFFX1)         0.89       0.89 f
  u_csk_rom/i_c_reg[2]/SI (SDFFX1)         0.04       0.92 f
  data arrival time                                   0.92

  clock SCAN_CLK (rise edge)               0.00       0.00
  clock network delay (ideal)              0.00       0.00
  clock uncertainty                        2.00       2.00
  u_csk_rom/i_c_reg[2]/CLK (SDFFX1)        0.00       2.00 r
  library hold time                        0.12       2.12
  data required time                                  2.12
  -----------------------------------------------------------
  data required time                                  2.12
  data arrival time                                  -0.92
  -----------------------------------------------------------
  slack (VIOLATED)                                   -1.19


  Startpoint: u_csk_rom/i_c_reg[0]
              (rising edge-triggered flip-flop clocked by SCAN_CLK)
  Endpoint: u_csk_rom/i_c_reg[1]
            (rising edge-triggered flip-flop clocked by SCAN_CLK)
  Path Group: SCAN_CLK
  Path Type: min

  Des/Clust/Port     Wire Load Model       Library
  ------------------------------------------------
  css_phy_tx_top     540000                saed90nm_max
  csk_waveform_rom_test_1
                     8000                  saed90nm_max

  Point                                    Incr       Path
  -----------------------------------------------------------
  clock SCAN_CLK (rise edge)               0.00       0.00
  clock network delay (ideal)              0.00       0.00
  u_csk_rom/i_c_reg[0]/CLK (SDFFX1)        0.00 #     0.00 r
  u_csk_rom/i_c_reg[0]/QN (SDFFX1)         0.89       0.89 f
  u_csk_rom/i_c_reg[1]/SI (SDFFX1)         0.04       0.92 f
  data arrival time                                   0.92

  clock SCAN_CLK (rise edge)               0.00       0.00
  clock network delay (ideal)              0.00       0.00
  clock uncertainty                        2.00       2.00
  u_csk_rom/i_c_reg[1]/CLK (SDFFX1)        0.00       2.00 r
  library hold time                        0.12       2.12
  data required time                                  2.12
  -----------------------------------------------------------
  data required time                                  2.12
  data arrival time                                  -0.92
  -----------------------------------------------------------
  slack (VIOLATED)                                   -1.19


  Startpoint: u_csk_rom/q_c_reg[2]
              (rising edge-triggered flip-flop clocked by SCAN_CLK)
  Endpoint: u_csk_rom/q_c_reg[3]
            (rising edge-triggered flip-flop clocked by SCAN_CLK)
  Path Group: SCAN_CLK
  Path Type: min

  Des/Clust/Port     Wire Load Model       Library
  ------------------------------------------------
  css_phy_tx_top     540000                saed90nm_max
  csk_waveform_rom_test_1
                     8000                  saed90nm_max

  Point                                    Incr       Path
  -----------------------------------------------------------
  clock SCAN_CLK (rise edge)               0.00       0.00
  clock network delay (ideal)              0.00       0.00
  u_csk_rom/q_c_reg[2]/CLK (SDFFX1)        0.00 #     0.00 r
  u_csk_rom/q_c_reg[2]/QN (SDFFX1)         0.89       0.89 f
  u_csk_rom/q_c_reg[3]/SI (SDFFX1)         0.04       0.92 f
  data arrival time                                   0.92

  clock SCAN_CLK (rise edge)               0.00       0.00
  clock network delay (ideal)              0.00       0.00
  clock uncertainty                        2.00       2.00
  u_csk_rom/q_c_reg[3]/CLK (SDFFX1)        0.00       2.00 r
  library hold time                        0.12       2.12
  data required time                                  2.12
  -----------------------------------------------------------
  data required time                                  2.12
  data arrival time                                  -0.92
  -----------------------------------------------------------
  slack (VIOLATED)                                   -1.19


  Startpoint: u_csk_rom/q_c_reg[1]
              (rising edge-triggered flip-flop clocked by SCAN_CLK)
  Endpoint: u_csk_rom/q_c_reg[2]
            (rising edge-triggered flip-flop clocked by SCAN_CLK)
  Path Group: SCAN_CLK
  Path Type: min

  Des/Clust/Port     Wire Load Model       Library
  ------------------------------------------------
  css_phy_tx_top     540000                saed90nm_max
  csk_waveform_rom_test_1
                     8000                  saed90nm_max

  Point                                    Incr       Path
  -----------------------------------------------------------
  clock SCAN_CLK (rise edge)               0.00       0.00
  clock network delay (ideal)              0.00       0.00
  u_csk_rom/q_c_reg[1]/CLK (SDFFX1)        0.00 #     0.00 r
  u_csk_rom/q_c_reg[1]/QN (SDFFX1)         0.89       0.89 f
  u_csk_rom/q_c_reg[2]/SI (SDFFX1)         0.04       0.92 f
  data arrival time                                   0.92

  clock SCAN_CLK (rise edge)               0.00       0.00
  clock network delay (ideal)              0.00       0.00
  clock uncertainty                        2.00       2.00
  u_csk_rom/q_c_reg[2]/CLK (SDFFX1)        0.00       2.00 r
  library hold time                        0.12       2.12
  data required time                                  2.12
  -----------------------------------------------------------
  data required time                                  2.12
  data arrival time                                  -0.92
  -----------------------------------------------------------
  slack (VIOLATED)                                   -1.19


  Startpoint: u_csk_rom/q_c_reg[0]
              (rising edge-triggered flip-flop clocked by SCAN_CLK)
  Endpoint: u_csk_rom/q_c_reg[1]
            (rising edge-triggered flip-flop clocked by SCAN_CLK)
  Path Group: SCAN_CLK
  Path Type: min

  Des/Clust/Port     Wire Load Model       Library
  ------------------------------------------------
  css_phy_tx_top     540000                saed90nm_max
  csk_waveform_rom_test_1
                     8000                  saed90nm_max

  Point                                    Incr       Path
  -----------------------------------------------------------
  clock SCAN_CLK (rise edge)               0.00       0.00
  clock network delay (ideal)              0.00       0.00
  u_csk_rom/q_c_reg[0]/CLK (SDFFX1)        0.00 #     0.00 r
  u_csk_rom/q_c_reg[0]/QN (SDFFX1)         0.89       0.89 f
  u_csk_rom/q_c_reg[1]/SI (SDFFX1)         0.04       0.92 f
  data arrival time                                   0.92

  clock SCAN_CLK (rise edge)               0.00       0.00
  clock network delay (ideal)              0.00       0.00
  clock uncertainty                        2.00       2.00
  u_csk_rom/q_c_reg[1]/CLK (SDFFX1)        0.00       2.00 r
  library hold time                        0.12       2.12
  data required time                                  2.12
  -----------------------------------------------------------
  data required time                                  2.12
  data arrival time                                  -0.92
  -----------------------------------------------------------
  slack (VIOLATED)                                   -1.19


  Startpoint: u_csk_rom/i_c_reg[5]
              (rising edge-triggered flip-flop clocked by SCAN_CLK)
  Endpoint: u_csk_rom/q_c_reg[0]
            (rising edge-triggered flip-flop clocked by SCAN_CLK)
  Path Group: SCAN_CLK
  Path Type: min

  Des/Clust/Port     Wire Load Model       Library
  ------------------------------------------------
  css_phy_tx_top     540000                saed90nm_max
  csk_waveform_rom_test_1
                     8000                  saed90nm_max

  Point                                    Incr       Path
  -----------------------------------------------------------
  clock SCAN_CLK (rise edge)               0.00       0.00
  clock network delay (ideal)              0.00       0.00
  u_csk_rom/i_c_reg[5]/CLK (SDFFX1)        0.00 #     0.00 r
  u_csk_rom/i_c_reg[5]/QN (SDFFX1)         0.89       0.89 f
  u_csk_rom/q_c_reg[0]/SI (SDFFX1)         0.04       0.92 f
  data arrival time                                   0.92

  clock SCAN_CLK (rise edge)               0.00       0.00
  clock network delay (ideal)              0.00       0.00
  clock uncertainty                        2.00       2.00
  u_csk_rom/q_c_reg[0]/CLK (SDFFX1)        0.00       2.00 r
  library hold time                        0.12       2.12
  data required time                                  2.12
  -----------------------------------------------------------
  data required time                                  2.12
  data arrival time                                  -0.92
  -----------------------------------------------------------
  slack (VIOLATED)                                   -1.19


1
