#@ # 
#@ # Running icc2_shell Version O-2018.06-SP1 for linux64 -- Jul 17, 2018
#@ # Date:   Sat Sep 19 08:06:56 2026
#@ # Run by: ICer@IC_EDA
#@ 

source -echo -verbose ../script/routing_script.tcl
gui_start
gui_set_pref_value -category {SelectByNamePalette} -key {ObjectType} -value {Logical Cells}
win_set_filter -visible -class cell -filter {hard_macro_margin hard_margin route_blockage_margin soft_margin}
win_set_filter -visible -class placement_blockage -filter {wiring} -layer {0-77}
win_set_filter -expand_cell_types {soft_macro  }
win_set_select_class -visible {cell port bound routing_blockage shaping_blockage pg_region pin_blockage block_shielding topology_node topology_edge core_area die_area edit_group shape via terminal fill_cell placement_blockage }
win_set_filter -class cell -filter {cell_array hard_macro_margin hard_margin route_blockage_margin soft_margin}
win_set_filter -class placement_blockage -filter {wiring} -layer {0-77}
win_set_select_class {cell port bound routing_blockage shaping_blockage pg_region pin_blockage topology_node topology_edge edit_group shape via placement_blockage }
gui_zoom -window [gui_get_current_window -types Layout -view] -factor 2 -at_point {382.355 424.950}
gui_zoom -window [gui_get_current_window -types Layout -view] -factor 2 -at_point {382.700 425.265}
gui_zoom -window [gui_get_current_window -types Layout -view] -factor 2 -at_point {382.700 425.265}
gui_zoom -window [gui_get_current_window -types Layout -view] -factor 2 -at_point {382.700 425.265}
gui_zoom -window [gui_get_current_window -types Layout -view] -factor 2 -at_point {382.695 425.260}
gui_show_map -window [gui_get_current_window -types Layout -mru] -map {cellDensityMap} -show {true}
gui_set_map_option -map {cellDensityMap} -option {area_type} -value {Reset}
gui_set_map_option -map {cellDensityMap} -option {area_type} -value {WholeDesign}
gui_show_map -window [gui_get_current_window -types Layout -mru] -map {cellMapUtilMap} -show {true}
cm_density_map -reload -grid_width 5 -grid_height 5
gui_zoom -window [gui_get_current_window -types Layout -view] -factor 2 -at_point {387.270 433.755}
gui_zoom -window [gui_get_current_window -types Layout -view] -factor 2 -at_point {387.265 433.765}
gui_zoom -window [gui_get_current_window -types Layout -view] -factor 0.5 -at_point {387.265 433.770}
gui_zoom -window [gui_get_current_window -types Layout -view] -factor 0.5 -at_point {387.255 433.695}
gui_zoom -window [gui_get_current_window -types Layout -view] -factor 0.5 -at_point {387.250 433.700}
gui_zoom -window [gui_get_current_window -types Layout -view] -factor 0.5 -at_point {387.210 433.715}
gui_zoom -window [gui_get_current_window -types Layout -view] -factor 0.5 -at_point {387.285 433.670}
gui_zoom -window [gui_get_current_window -types Layout -view] -factor 0.5 -at_point {387.285 433.670}
gui_zoom -window [gui_get_current_window -types Layout -view] -factor 0.5 -at_point {387.285 433.670}
gui_zoom -window [gui_get_current_window -types Layout -view] -factor 0.5 -at_point {387.285 432.905}
gui_zoom -window [gui_get_current_window -types Layout -view] -factor 2 -at_point {454.545 442.080}
gui_zoom -window [gui_get_current_window -view] -full
exit
