****************************************
Report : constraint
        -all_violators
Design : css_phy_tx_top
Version: O-2018.06-SP1
Date   : Fri Sep 18 07:30:40 2026
****************************************

   late_timing
   -----------

Information: Timer using 'SI, Timing Window Analysis, CRPR'. (TIM-050)
Endpoint                         Path Delay     Path Required       CRP    Slack Group    Scenario
----------------------------------------------------------------------------------------------------------
No paths.

   early_timing
   -----------

Information: Timer using 'SI, Timing Window Analysis, CRPR'. (TIM-050)
Endpoint                         Path Delay     Path Required       CRP    Slack Group    Scenario
----------------------------------------------------------------------------------------------------------
u_controller/payload_ram_reg[56][1]/D (SDFFX1)
                                   4.55 f         5.44          -0.18    -0.89   CLK      default
u_controller/payload_ram_reg[56][0]/D (SDFFX1)
                                   4.52 f         5.41          -0.18    -0.89   CLK      default
u_controller/payload_ram_reg[56][1]/D (SDFFX1)
                                   4.14 f         5.03          -0.17    -0.89   SCAN_CLK default
u_controller/payload_ram_reg[56][0]/D (SDFFX1)
                                   4.11 f         5.00          -0.17    -0.89   SCAN_CLK default





   Total number of violation(s): 0
1
