****************************************
Report : timing
        -path_type full
        -delay_type min
        -max_paths 10
        -report_by design
Design : css_phy_tx_top
Version: O-2018.06-SP1
Date   : Fri Sep 18 07:30:40 2026
****************************************
Information: Timer using 'SI, Timing Window Analysis, CRPR'. (TIM-050)

  Startpoint: u_controller/payload_ram_reg[56][1] (rising edge-triggered flip-flop clocked by CLK)
  Endpoint: u_controller/payload_ram_reg[56][1] (rising edge-triggered flip-flop clocked by CLK)
  Mode: default
  Corner: default
  Scenario: default
  Path Group: CLK
  Path Type: min

  Point                                            Incr      Path  
  ------------------------------------------------------------------------
  clock CLK (rise edge)                            0.00      0.00
  clock network delay (propagated)                 3.59      3.59

  u_controller/payload_ram_reg[56][1]/CLK (SDFFX1)
                                                   0.00      3.59 r
  u_controller/payload_ram_reg[56][1]/Q (SDFFX1)   0.70      4.29 f
  u_controller/U1447/Q (AO22X1)                    0.26      4.55 f
  u_controller/payload_ram_reg[56][1]/D (SDFFX1)   0.00      4.55 f
  data arrival time                                          4.55

  clock CLK (rise edge)                            0.00      0.00
  clock network delay (propagated)                 3.77      3.77
  clock reconvergence pessimism                   -0.18      3.59
  u_controller/payload_ram_reg[56][1]/CLK (SDFFX1)
                                                   0.00      3.59 r
  clock uncertainty                                2.00      5.59
  library hold time                               -0.15      5.44
  data required time                                         5.44
  ------------------------------------------------------------------------
  data required time                                         5.44
  data arrival time                                         -4.55
  ------------------------------------------------------------------------
  slack (VIOLATED)                                          -0.89



  Startpoint: u_controller/payload_ram_reg[56][0] (rising edge-triggered flip-flop clocked by CLK)
  Endpoint: u_controller/payload_ram_reg[56][0] (rising edge-triggered flip-flop clocked by CLK)
  Mode: default
  Corner: default
  Scenario: default
  Path Group: CLK
  Path Type: min

  Point                                            Incr      Path  
  ------------------------------------------------------------------------
  clock CLK (rise edge)                            0.00      0.00
  clock network delay (propagated)                 3.56      3.56

  u_controller/payload_ram_reg[56][0]/CLK (SDFFX1)
                                                   0.00      3.56 r
  u_controller/payload_ram_reg[56][0]/Q (SDFFX1)   0.70      4.26 f
  u_controller/U1448/Q (AO22X1)                    0.26      4.52 f
  u_controller/payload_ram_reg[56][0]/D (SDFFX1)   0.00      4.52 f
  data arrival time                                          4.52

  clock CLK (rise edge)                            0.00      0.00
  clock network delay (propagated)                 3.74      3.74
  clock reconvergence pessimism                   -0.18      3.56
  u_controller/payload_ram_reg[56][0]/CLK (SDFFX1)
                                                   0.00      3.56 r
  clock uncertainty                                2.00      5.56
  library hold time                               -0.15      5.41
  data required time                                         5.41
  ------------------------------------------------------------------------
  data required time                                         5.41
  data arrival time                                         -4.52
  ------------------------------------------------------------------------
  slack (VIOLATED)                                          -0.89



  Startpoint: csk_symbol_index_reg[6] (rising edge-triggered flip-flop clocked by SCAN_CLK)
  Endpoint: csk_symbol_index_reg[6] (rising edge-triggered flip-flop clocked by SCAN_CLK)
  Mode: default
  Corner: default
  Scenario: default
  Path Group: SCAN_CLK
  Path Type: min

  Point                                            Incr      Path  
  ------------------------------------------------------------------------
  clock SCAN_CLK (rise edge)                       0.00      0.00
  clock network delay (propagated)                 3.18      3.18

  csk_symbol_index_reg[6]/CLK (SDFFARX1)           0.00      3.18 r
  csk_symbol_index_reg[6]/QN (SDFFARX1)            0.56      3.74 r
  OPT_copt_h_inst_61868/Z (DELLN1X2)               0.84      4.58 r
  U12632/ZN (INVX0)                                0.16      4.74 f
  U8723/Q (AO22X1)                                 0.28      5.02 f
  csk_symbol_index_reg[6]/D (SDFFARX1)             0.00      5.02 f
  data arrival time                                          5.02

  clock SCAN_CLK (rise edge)                       0.00      0.00
  clock network delay (propagated)                 3.36      3.36
  clock reconvergence pessimism                   -0.18      3.18
  csk_symbol_index_reg[6]/CLK (SDFFARX1)           0.00      3.18 r
  clock uncertainty                                2.00      5.18
  library hold time                               -0.16      5.02
  data required time                                         5.02
  ------------------------------------------------------------------------
  data required time                                         5.02
  data arrival time                                         -5.02
  ------------------------------------------------------------------------
  slack (MET)                                                0.00



  Startpoint: u_form_ppdu/i_fifo_reg[23][63] (rising edge-triggered flip-flop clocked by SCAN_CLK)
  Endpoint: u_form_ppdu/i_fifo_reg[23][63] (rising edge-triggered flip-flop clocked by SCAN_CLK)
  Mode: default
  Corner: default
  Scenario: default
  Path Group: SCAN_CLK
  Path Type: min

  Point                                            Incr      Path  
  ------------------------------------------------------------------------
  clock SCAN_CLK (rise edge)                       0.00      0.00
  clock network delay (propagated)                 3.14      3.14

  u_form_ppdu/i_fifo_reg[23][63]/CLK (SDFFX1)      0.00      3.14 r
  u_form_ppdu/i_fifo_reg[23][63]/Q (SDFFX1)        0.62      3.76 r
  u_form_ppdu/OPT_copt_h_inst_51388/Z (DELLN1X2)   0.82      4.57 r
  u_form_ppdu/U3133/Q (AO22X1)                     0.32      4.89 r
  u_form_ppdu/i_fifo_reg[23][63]/D (SDFFX1)        0.00      4.89 r
  data arrival time                                          4.89

  clock SCAN_CLK (rise edge)                       0.00      0.00
  clock network delay (propagated)                 3.31      3.31
  clock reconvergence pessimism                   -0.17      3.14
  u_form_ppdu/i_fifo_reg[23][63]/CLK (SDFFX1)      0.00      3.14 r
  clock uncertainty                                2.00      5.14
  library hold time                               -0.25      4.89
  data required time                                         4.89
  ------------------------------------------------------------------------
  data required time                                         4.89
  data arrival time                                         -4.89
  ------------------------------------------------------------------------
  slack (MET)                                                0.00



  Startpoint: u_dqpsk/s_imag_d_reg[1][0] (rising edge-triggered flip-flop clocked by SCAN_CLK)
  Endpoint: u_dqpsk/s_imag_d_reg[2][0] (rising edge-triggered flip-flop clocked by SCAN_CLK)
  Mode: default
  Corner: default
  Scenario: default
  Path Group: SCAN_CLK
  Path Type: min

  Point                                            Incr      Path  
  ------------------------------------------------------------------------
  clock SCAN_CLK (rise edge)                       0.00      0.00
  clock network delay (propagated)                 3.13      3.13

  u_dqpsk/s_imag_d_reg[1][0]/CLK (SDFFASX1)        0.00      3.13 r
  u_dqpsk/s_imag_d_reg[1][0]/QN (SDFFASX1)         0.57      3.70 r
  u_dqpsk/OPT_copt_h_inst_61836/Z (DELLN1X2)       0.83      4.53 r
  u_dqpsk/U44/ZN (INVX0)                           0.13      4.66 f
  u_dqpsk/U37/Q (AO22X1)                           0.33      4.99 f
  u_dqpsk/s_imag_d_reg[2][0]/D (SDFFASX1)          0.00      4.99 f
  data arrival time                                          4.99

  clock SCAN_CLK (rise edge)                       0.00      0.00
  clock network delay (propagated)                 3.29      3.29
  clock reconvergence pessimism                   -0.16      3.13
  u_dqpsk/s_imag_d_reg[2][0]/CLK (SDFFASX1)        0.00      3.13 r
  clock uncertainty                                2.00      5.13
  library hold time                               -0.15      4.98
  data required time                                         4.98
  ------------------------------------------------------------------------
  data required time                                         4.98
  data arrival time                                         -4.99
  ------------------------------------------------------------------------
  slack (MET)                                                0.00



  Startpoint: u_dqpsk/s_imag_d_reg[1][0] (rising edge-triggered flip-flop clocked by SCAN_CLK)
  Endpoint: u_dqpsk/s_imag_d_reg[1][0] (rising edge-triggered flip-flop clocked by SCAN_CLK)
  Mode: default
  Corner: default
  Scenario: default
  Path Group: SCAN_CLK
  Path Type: min

  Point                                            Incr      Path  
  ------------------------------------------------------------------------
  clock SCAN_CLK (rise edge)                       0.00      0.00
  clock network delay (propagated)                 3.13      3.13

  u_dqpsk/s_imag_d_reg[1][0]/CLK (SDFFASX1)        0.00      3.13 r
  u_dqpsk/s_imag_d_reg[1][0]/QN (SDFFASX1)         0.57      3.70 r
  u_dqpsk/OPT_copt_h_inst_61836/Z (DELLN1X2)       0.83      4.53 r
  u_dqpsk/U44/ZN (INVX0)                           0.13      4.66 f
  u_dqpsk/U36/Q (AO22X1)                           0.33      4.99 f
  u_dqpsk/s_imag_d_reg[1][0]/D (SDFFASX1)          0.00      4.99 f
  data arrival time                                          4.99

  clock SCAN_CLK (rise edge)                       0.00      0.00
  clock network delay (propagated)                 3.29      3.29
  clock reconvergence pessimism                   -0.16      3.13
  u_dqpsk/s_imag_d_reg[1][0]/CLK (SDFFASX1)        0.00      3.13 r
  clock uncertainty                                2.00      5.13
  library hold time                               -0.15      4.98
  data required time                                         4.98
  ------------------------------------------------------------------------
  data required time                                         4.98
  data arrival time                                         -4.99
  ------------------------------------------------------------------------
  slack (MET)                                                0.00



  Startpoint: u_form_ppdu/i_fifo_reg[29][11] (rising edge-triggered flip-flop clocked by SCAN_CLK)
  Endpoint: u_form_ppdu/i_fifo_reg[29][11] (rising edge-triggered flip-flop clocked by SCAN_CLK)
  Mode: default
  Corner: default
  Scenario: default
  Path Group: SCAN_CLK
  Path Type: min

  Point                                            Incr      Path  
  ------------------------------------------------------------------------
  clock SCAN_CLK (rise edge)                       0.00      0.00
  clock network delay (propagated)                 3.18      3.18

  u_form_ppdu/i_fifo_reg[29][11]/CLK (SDFFX1)      0.00      3.18 r
  u_form_ppdu/i_fifo_reg[29][11]/Q (SDFFX1)        0.59      3.77 r
  u_form_ppdu/OPT_copt_h_inst_51998/Z (DELLN1X2)   0.84      4.61 r
  u_form_ppdu/U2625/Q (AO22X1)                     0.33      4.93 r
  u_form_ppdu/i_fifo_reg[29][11]/D (SDFFX1)        0.00      4.93 r
  data arrival time                                          4.93

  clock SCAN_CLK (rise edge)                       0.00      0.00
  clock network delay (propagated)                 3.36      3.36
  clock reconvergence pessimism                   -0.18      3.18
  u_form_ppdu/i_fifo_reg[29][11]/CLK (SDFFX1)      0.00      3.18 r
  clock uncertainty                                2.00      5.18
  library hold time                               -0.25      4.93
  data required time                                         4.93
  ------------------------------------------------------------------------
  data required time                                         4.93
  data arrival time                                         -4.93
  ------------------------------------------------------------------------
  slack (MET)                                                0.00



  Startpoint: u_form_ppdu/i_fifo_reg[14][3] (rising edge-triggered flip-flop clocked by SCAN_CLK)
  Endpoint: u_form_ppdu/i_fifo_reg[14][3] (rising edge-triggered flip-flop clocked by SCAN_CLK)
  Mode: default
  Corner: default
  Scenario: default
  Path Group: SCAN_CLK
  Path Type: min

  Point                                            Incr      Path  
  ------------------------------------------------------------------------
  clock SCAN_CLK (rise edge)                       0.00      0.00
  clock network delay (propagated)                 3.15      3.15

  u_form_ppdu/i_fifo_reg[14][3]/CLK (SDFFX1)       0.00      3.15 r
  u_form_ppdu/i_fifo_reg[14][3]/Q (SDFFX1)         0.62      3.77 r
  u_form_ppdu/OPT_copt_h_inst_54258/Z (DELLN1X2)   0.82      4.59 r
  u_form_ppdu/U4105/Q (AO22X1)                     0.31      4.90 r
  u_form_ppdu/i_fifo_reg[14][3]/D (SDFFX1)         0.00      4.90 r
  data arrival time                                          4.90

  clock SCAN_CLK (rise edge)                       0.00      0.00
  clock network delay (propagated)                 3.32      3.32
  clock reconvergence pessimism                   -0.17      3.15
  u_form_ppdu/i_fifo_reg[14][3]/CLK (SDFFX1)       0.00      3.15 r
  clock uncertainty                                2.00      5.15
  library hold time                               -0.25      4.90
  data required time                                         4.90
  ------------------------------------------------------------------------
  data required time                                         4.90
  data arrival time                                         -4.90
  ------------------------------------------------------------------------
  slack (MET)                                                0.00



  Startpoint: u_form_ppdu/i_fifo_reg[28][23] (rising edge-triggered flip-flop clocked by CLK)
  Endpoint: u_form_ppdu/i_fifo_reg[28][23] (rising edge-triggered flip-flop clocked by CLK)
  Mode: default
  Corner: default
  Scenario: default
  Path Group: CLK
  Path Type: min

  Point                                            Incr      Path  
  ------------------------------------------------------------------------
  clock CLK (rise edge)                            0.00      0.00
  clock network delay (propagated)                 3.53      3.53

  u_form_ppdu/i_fifo_reg[28][23]/CLK (SDFFX1)      0.00      3.53 r
  u_form_ppdu/i_fifo_reg[28][23]/Q (SDFFX1)        0.63      4.15 r
  u_form_ppdu/OPT_copt_h_inst_52071/Z (DELLN1X2)   0.81      4.97 r
  u_form_ppdu/U2704/Q (AO22X1)                     0.32      5.28 r
  u_form_ppdu/i_fifo_reg[28][23]/D (SDFFX1)        0.00      5.28 r
  data arrival time                                          5.28

  clock CLK (rise edge)                            0.00      0.00
  clock network delay (propagated)                 3.71      3.71
  clock reconvergence pessimism                   -0.18      3.53
  u_form_ppdu/i_fifo_reg[28][23]/CLK (SDFFX1)      0.00      3.53 r
  clock uncertainty                                2.00      5.53
  library hold time                               -0.25      5.28
  data required time                                         5.28
  ------------------------------------------------------------------------
  data required time                                         5.28
  data arrival time                                         -5.28
  ------------------------------------------------------------------------
  slack (MET)                                                0.00



  Startpoint: u_form_ppdu/i_fifo_reg[10][27] (rising edge-triggered flip-flop clocked by CLK)
  Endpoint: u_form_ppdu/i_fifo_reg[10][27] (rising edge-triggered flip-flop clocked by CLK)
  Mode: default
  Corner: default
  Scenario: default
  Path Group: CLK
  Path Type: min

  Point                                            Incr      Path  
  ------------------------------------------------------------------------
  clock CLK (rise edge)                            0.00      0.00
  clock network delay (propagated)                 3.60      3.60

  u_form_ppdu/i_fifo_reg[10][27]/CLK (SDFFX1)      0.00      3.60 r
  u_form_ppdu/i_fifo_reg[10][27]/Q (SDFFX1)        0.63      4.23 r
  u_form_ppdu/OPT_copt_h_inst_53975/Z (DELLN1X2)   0.81      5.04 r
  u_form_ppdu/U2849/Q (AO22X1)                     0.32      5.36 r
  u_form_ppdu/i_fifo_reg[10][27]/D (SDFFX1)        0.00      5.36 r
  data arrival time                                          5.36

  clock CLK (rise edge)                            0.00      0.00
  clock network delay (propagated)                 3.79      3.79
  clock reconvergence pessimism                   -0.18      3.60
  u_form_ppdu/i_fifo_reg[10][27]/CLK (SDFFX1)      0.00      3.60 r
  clock uncertainty                                2.00      5.60
  library hold time                               -0.25      5.35
  data required time                                         5.35
  ------------------------------------------------------------------------
  data required time                                         5.35
  data arrival time                                         -5.36
  ------------------------------------------------------------------------
  slack (MET)                                                0.00


1
