****************************************
Report : timing
        -path_type full
        -delay_type max
        -max_paths 10
        -report_by design
Design : css_phy_tx_top
Version: O-2018.06-SP1
Date   : Fri Sep 18 07:30:39 2026
****************************************
Information: Timer using 'SI, Timing Window Analysis, CRPR'. (TIM-050)

  Startpoint: payloadLength[0] (input port clocked by CLK)
  Endpoint: u_csk_sequencer/gap_counter_reg[2] (rising edge-triggered flip-flop clocked by CLK)
  Mode: default
  Corner: default
  Scenario: default
  Path Group: CLK
  Path Type: max

  Point                                            Incr      Path  
  ------------------------------------------------------------------------
  clock CLK (rise edge)                            0.00      0.00
  clock network delay (ideal)                      3.73      3.73
  input external delay                           300.00    303.73

  payloadLength[0] (in)                            0.48    304.21 r
  PLACE_HFSBUF_231_5675/Z (NBUFFX2)                0.45    304.66 r
  U12753/QN (NAND3X0)                              0.20    304.86 f
  U12784/QN (NOR2X0)                               0.23    305.09 r
  U12783/QN (NAND2X0)                              0.28    305.37 f
  U12787/QN (NOR2X0)                               0.25    305.62 r
  U12549/QN (NAND2X0)                              0.24    305.86 f
  U12548/Q (XNOR2X1)                               0.60    306.45 r
  rem_301/U43/QN (NAND2X1)                         0.16    306.62 f
  rem_301/U44/ZN (INVX0)                           0.15    306.77 r
  rem_301/U25/Q (MUX21X1)                          0.34    307.11 r
  rem_301/U2/Q (AND2X1)                            0.24    307.35 r
  rem_301/U18/Q (OR2X1)                            0.23    307.57 r
  rem_301/U1/Q (MUX21X1)                           0.34    307.91 f
  rem_301/u_div/u_fa_PartRem_0_6_2/CO (FADDX1)     0.37    308.29 f
  rem_301/U17/Q (OR2X1)                            0.25    308.54 f
  rem_301/U4/Q (MUX21X1)                           0.33    308.86 f
  rem_301/u_div/u_fa_PartRem_0_5_2/CO (FADDX1)     0.37    309.23 f
  rem_301/U16/Q (OR2X1)                            0.25    309.48 f
  rem_301/U11/Q (MUX21X1)                          0.31    309.79 f
  rem_301/U5/Q (AND2X1)                            0.23    310.02 f
  rem_301/U15/Q (OR2X1)                            0.25    310.27 f
  rem_301/U6/Q (MUX21X1)                           0.32    310.59 f
  rem_301/U3/Q (AND2X1)                            0.23    310.82 f
  rem_301/U13/Q (OR2X1)                            0.25    311.06 f
  rem_301/U33/Q (MUX21X1)                          0.31    311.38 f
  rem_301/U7/Q (AND2X1)                            0.23    311.61 f
  rem_301/U14/Q (OR2X1)                            0.25    311.85 f
  rem_301/U35/Q (MUX21X1)                          0.31    312.16 f
  rem_301/U10/Q (OR2X1)                            0.25    312.41 f
  rem_301/U34/Q (MUX21X1)                          0.30    312.71 f
  rem_301/U37/Q (MUX21X1)                          0.27    312.99 r
  U12631/QN (NAND2X0)                              0.25    313.24 f
  add_307/U1_3/CO (FADDX1)                         0.44    313.67 f
  add_307/U1_4/CO (FADDX1)                         0.38    314.05 f
  add_307/U1_5/CO (FADDX1)                         0.38    314.43 f
  add_307/U1_6/CO (FADDX1)                         0.44    314.87 f
  U6344/CO (FADDX1)                                0.47    315.34 f
  U6345/CO (FADDX1)                                0.40    315.74 f
  U6346/CO (FADDX1)                                0.35    316.09 f
  U12547/Q (XOR3X1)                                0.38    316.47 r
  div_310/U58/QN (NAND2X1)                         0.16    316.62 f
  div_310/U59/ZN (INVX0)                           0.20    316.83 r
  div_310/U6/Q (MUX21X1)                           0.39    317.21 r
  div_310/U55/QN (NAND2X1)                         0.13    317.34 f
  div_310/U56/ZN (INVX0)                           0.10    317.44 r
  div_310/U25/Q (OR2X1)                            0.25    317.69 r
  div_310/U7/Q (MUX21X1)                           0.33    318.02 r
  div_310/U16/Q (AND2X1)                           0.24    318.26 r
  div_310/U24/Q (OR2X1)                            0.25    318.50 r
  div_310/U37/Q (MUX21X1)                          0.33    318.83 f
  div_310/U20/Q (AND2X1)                           0.23    319.06 f
  div_310/U17/Q (OR2X1)                            0.26    319.32 f
  div_310/U39/Q (MUX21X1)                          0.32    319.64 f
  div_310/U35/Q (AND2X1)                           0.25    319.89 f
  div_310/U34/Q (OR2X1)                            0.25    320.14 f
  div_310/U38/Q (MUX21X1)                          0.31    320.45 f
  div_310/U19/Q (AND2X1)                           0.21    320.66 f
  div_310/U5/Q (OR2X1)                             0.26    320.92 f
  div_310/U43/Q (MUX21X1)                          0.32    321.24 r
  div_310/U18/Q (AND2X1)                           0.24    321.48 r
  div_310/U36/Q (OR2X1)                            0.28    321.76 r
  div_310/U4/Q (MUX21X1)                           0.36    322.12 r
  div_310/U9/Q (AND2X1)                            0.24    322.36 r
  div_310/U8/Q (OR2X1)                             0.25    322.61 r
  U12479/QN (NAND2X0)                              1.04    323.64 f
  U12376/ZN (INVX0)                                0.36    324.01 r
  u_csk_sequencer/U41/ZN (INVX0)                   0.25    324.25 f
  u_csk_sequencer/U121/Q (AO21X1)                  0.33    324.59 f
  u_csk_sequencer/U120/Q (OA22X1)                  0.27    324.86 f
  u_csk_sequencer/U119/Q (OR2X1)                   0.23    325.08 f
  u_csk_sequencer/U118/Q (AO222X1)                 0.36    325.44 f
  u_csk_sequencer/U117/Q (OA221X1)                 0.29    325.74 f
  u_csk_sequencer/U116/Q (AO221X1)                 0.25    325.98 f
  u_csk_sequencer/U115/Q (OA221X1)                 0.29    326.27 f
  u_csk_sequencer/U114/Q (AO221X1)                 0.25    326.52 f
  u_csk_sequencer/U113/Q (OA221X1)                 0.29    326.81 f
  u_csk_sequencer/U112/Q (AO221X1)                 0.24    327.06 f
  u_csk_sequencer/U111/Q (OA221X1)                 0.28    327.34 f
  u_csk_sequencer/U110/Q (AO21X1)                  0.25    327.59 f
  u_csk_sequencer/U108/Q (OA22X1)                  0.31    327.89 f
  u_csk_sequencer/U98/QN (NOR2X0)                  0.38    328.27 r
  u_csk_sequencer/PLACE_HFSINV_334_4280/ZN (INVX0)
                                                   0.39    328.66 f
  u_csk_sequencer/U78/Q (OA21X1)                   0.37    329.03 f
  u_csk_sequencer/U77/Q (OA21X1)                   0.24    329.27 f
  u_csk_sequencer/U92/Q (OA22X1)                   0.26    329.53 f
  u_csk_sequencer/U91/QN (NAND3X0)                 0.14    329.67 r
  u_csk_sequencer/OPT_copt_h_inst_62213/Z (DELLN1X2)
                                                   0.86    330.53 r
  u_csk_sequencer/gap_counter_reg[2]/D (SDFFARX1)
                                                   0.00    330.53 r
  data arrival time                                        330.53

  clock CLK (rise edge)                          1000.00   1000.00
  clock network delay (propagated)                 3.54    1003.54
  clock reconvergence pessimism                    0.00    1003.54
  u_csk_sequencer/gap_counter_reg[2]/CLK (SDFFARX1)
                                                   0.00    1003.54 r
  clock uncertainty                               -2.00    1001.54
  library setup time                              -0.52    1001.02
  data required time                                       1001.02
  ------------------------------------------------------------------------
  data required time                                       1001.02
  data arrival time                                        -330.53
  ------------------------------------------------------------------------
  slack (MET)                                              670.49



  Startpoint: payloadLength[0] (input port clocked by CLK)
  Endpoint: u_csk_sequencer/gap_counter_reg[6] (rising edge-triggered flip-flop clocked by CLK)
  Mode: default
  Corner: default
  Scenario: default
  Path Group: CLK
  Path Type: max

  Point                                            Incr      Path  
  ------------------------------------------------------------------------
  clock CLK (rise edge)                            0.00      0.00
  clock network delay (ideal)                      3.73      3.73
  input external delay                           300.00    303.73

  payloadLength[0] (in)                            0.48    304.21 r
  PLACE_HFSBUF_231_5675/Z (NBUFFX2)                0.45    304.66 r
  U12753/QN (NAND3X0)                              0.20    304.86 f
  U12784/QN (NOR2X0)                               0.23    305.09 r
  U12783/QN (NAND2X0)                              0.28    305.37 f
  U12787/QN (NOR2X0)                               0.25    305.62 r
  U12549/QN (NAND2X0)                              0.24    305.86 f
  U12548/Q (XNOR2X1)                               0.60    306.45 r
  rem_301/U43/QN (NAND2X1)                         0.16    306.62 f
  rem_301/U44/ZN (INVX0)                           0.15    306.77 r
  rem_301/U25/Q (MUX21X1)                          0.34    307.11 r
  rem_301/U2/Q (AND2X1)                            0.24    307.35 r
  rem_301/U18/Q (OR2X1)                            0.23    307.57 r
  rem_301/U1/Q (MUX21X1)                           0.34    307.91 f
  rem_301/u_div/u_fa_PartRem_0_6_2/CO (FADDX1)     0.37    308.29 f
  rem_301/U17/Q (OR2X1)                            0.25    308.54 f
  rem_301/U4/Q (MUX21X1)                           0.33    308.86 f
  rem_301/u_div/u_fa_PartRem_0_5_2/CO (FADDX1)     0.37    309.23 f
  rem_301/U16/Q (OR2X1)                            0.25    309.48 f
  rem_301/U11/Q (MUX21X1)                          0.31    309.79 f
  rem_301/U5/Q (AND2X1)                            0.23    310.02 f
  rem_301/U15/Q (OR2X1)                            0.25    310.27 f
  rem_301/U6/Q (MUX21X1)                           0.32    310.59 f
  rem_301/U3/Q (AND2X1)                            0.23    310.82 f
  rem_301/U13/Q (OR2X1)                            0.25    311.06 f
  rem_301/U33/Q (MUX21X1)                          0.31    311.38 f
  rem_301/U7/Q (AND2X1)                            0.23    311.61 f
  rem_301/U14/Q (OR2X1)                            0.25    311.85 f
  rem_301/U35/Q (MUX21X1)                          0.31    312.16 f
  rem_301/U10/Q (OR2X1)                            0.25    312.41 f
  rem_301/U34/Q (MUX21X1)                          0.30    312.71 f
  rem_301/U37/Q (MUX21X1)                          0.27    312.99 r
  U12631/QN (NAND2X0)                              0.25    313.24 f
  add_307/U1_3/CO (FADDX1)                         0.44    313.67 f
  add_307/U1_4/CO (FADDX1)                         0.38    314.05 f
  add_307/U1_5/CO (FADDX1)                         0.38    314.43 f
  add_307/U1_6/CO (FADDX1)                         0.44    314.87 f
  U6344/CO (FADDX1)                                0.47    315.34 f
  U6345/CO (FADDX1)                                0.40    315.74 f
  U6346/CO (FADDX1)                                0.35    316.09 f
  U12547/Q (XOR3X1)                                0.38    316.47 r
  div_310/U58/QN (NAND2X1)                         0.16    316.62 f
  div_310/U59/ZN (INVX0)                           0.20    316.83 r
  div_310/U6/Q (MUX21X1)                           0.39    317.21 r
  div_310/U55/QN (NAND2X1)                         0.13    317.34 f
  div_310/U56/ZN (INVX0)                           0.10    317.44 r
  div_310/U25/Q (OR2X1)                            0.25    317.69 r
  div_310/U7/Q (MUX21X1)                           0.33    318.02 r
  div_310/U16/Q (AND2X1)                           0.24    318.26 r
  div_310/U24/Q (OR2X1)                            0.25    318.50 r
  div_310/U37/Q (MUX21X1)                          0.33    318.83 f
  div_310/U20/Q (AND2X1)                           0.23    319.06 f
  div_310/U17/Q (OR2X1)                            0.26    319.32 f
  div_310/U39/Q (MUX21X1)                          0.32    319.64 f
  div_310/U35/Q (AND2X1)                           0.25    319.89 f
  div_310/U34/Q (OR2X1)                            0.25    320.14 f
  div_310/U38/Q (MUX21X1)                          0.31    320.45 f
  div_310/U19/Q (AND2X1)                           0.21    320.66 f
  div_310/U5/Q (OR2X1)                             0.26    320.92 f
  div_310/U43/Q (MUX21X1)                          0.32    321.24 r
  div_310/U18/Q (AND2X1)                           0.24    321.48 r
  div_310/U36/Q (OR2X1)                            0.28    321.76 r
  div_310/U4/Q (MUX21X1)                           0.36    322.12 r
  div_310/U9/Q (AND2X1)                            0.24    322.36 r
  div_310/U8/Q (OR2X1)                             0.25    322.61 r
  U12479/QN (NAND2X0)                              1.04    323.64 f
  U12376/ZN (INVX0)                                0.36    324.01 r
  u_csk_sequencer/U41/ZN (INVX0)                   0.25    324.25 f
  u_csk_sequencer/U121/Q (AO21X1)                  0.33    324.59 f
  u_csk_sequencer/U120/Q (OA22X1)                  0.27    324.86 f
  u_csk_sequencer/U119/Q (OR2X1)                   0.23    325.08 f
  u_csk_sequencer/U118/Q (AO222X1)                 0.36    325.44 f
  u_csk_sequencer/U117/Q (OA221X1)                 0.29    325.74 f
  u_csk_sequencer/U116/Q (AO221X1)                 0.25    325.98 f
  u_csk_sequencer/U115/Q (OA221X1)                 0.29    326.27 f
  u_csk_sequencer/U114/Q (AO221X1)                 0.25    326.52 f
  u_csk_sequencer/U113/Q (OA221X1)                 0.29    326.81 f
  u_csk_sequencer/U112/Q (AO221X1)                 0.24    327.06 f
  u_csk_sequencer/U111/Q (OA221X1)                 0.28    327.34 f
  u_csk_sequencer/U110/Q (AO21X1)                  0.25    327.59 f
  u_csk_sequencer/U108/Q (OA22X1)                  0.31    327.89 f
  u_csk_sequencer/U98/QN (NOR2X0)                  0.38    328.27 r
  u_csk_sequencer/PLACE_HFSINV_334_4280/ZN (INVX0)
                                                   0.39    328.66 f
  u_csk_sequencer/U84/Q (OA21X1)                   0.37    329.03 f
  u_csk_sequencer/U76/Q (OA21X1)                   0.23    329.26 f
  u_csk_sequencer/U68/QN (OAI21X1)                 0.35    329.61 r
  u_csk_sequencer/gap_counter_reg[6]/D (SDFFARX1)
                                                   0.00    329.61 r
  data arrival time                                        329.61

  clock CLK (rise edge)                          1000.00   1000.00
  clock network delay (propagated)                 3.55    1003.55
  clock reconvergence pessimism                    0.00    1003.55
  u_csk_sequencer/gap_counter_reg[6]/CLK (SDFFARX1)
                                                   0.00    1003.55 r
  clock uncertainty                               -2.00    1001.55
  library setup time                              -0.48    1001.07
  data required time                                       1001.07
  ------------------------------------------------------------------------
  data required time                                       1001.07
  data arrival time                                        -329.61
  ------------------------------------------------------------------------
  slack (MET)                                              671.45



  Startpoint: payloadLength[0] (input port clocked by CLK)
  Endpoint: u_csk_sequencer/gap_counter_reg[1] (rising edge-triggered flip-flop clocked by CLK)
  Mode: default
  Corner: default
  Scenario: default
  Path Group: CLK
  Path Type: max

  Point                                            Incr      Path  
  ------------------------------------------------------------------------
  clock CLK (rise edge)                            0.00      0.00
  clock network delay (ideal)                      3.73      3.73
  input external delay                           300.00    303.73

  payloadLength[0] (in)                            0.48    304.21 r
  PLACE_HFSBUF_231_5675/Z (NBUFFX2)                0.45    304.66 r
  U12753/QN (NAND3X0)                              0.20    304.86 f
  U12784/QN (NOR2X0)                               0.23    305.09 r
  U12783/QN (NAND2X0)                              0.28    305.37 f
  U12787/QN (NOR2X0)                               0.25    305.62 r
  U12549/QN (NAND2X0)                              0.24    305.86 f
  U12548/Q (XNOR2X1)                               0.60    306.45 r
  rem_301/U43/QN (NAND2X1)                         0.16    306.62 f
  rem_301/U44/ZN (INVX0)                           0.15    306.77 r
  rem_301/U25/Q (MUX21X1)                          0.34    307.11 r
  rem_301/U2/Q (AND2X1)                            0.24    307.35 r
  rem_301/U18/Q (OR2X1)                            0.23    307.57 r
  rem_301/U1/Q (MUX21X1)                           0.34    307.91 f
  rem_301/u_div/u_fa_PartRem_0_6_2/CO (FADDX1)     0.37    308.29 f
  rem_301/U17/Q (OR2X1)                            0.25    308.54 f
  rem_301/U4/Q (MUX21X1)                           0.33    308.86 f
  rem_301/u_div/u_fa_PartRem_0_5_2/CO (FADDX1)     0.37    309.23 f
  rem_301/U16/Q (OR2X1)                            0.25    309.48 f
  rem_301/U11/Q (MUX21X1)                          0.31    309.79 f
  rem_301/U5/Q (AND2X1)                            0.23    310.02 f
  rem_301/U15/Q (OR2X1)                            0.25    310.27 f
  rem_301/U6/Q (MUX21X1)                           0.32    310.59 f
  rem_301/U3/Q (AND2X1)                            0.23    310.82 f
  rem_301/U13/Q (OR2X1)                            0.25    311.06 f
  rem_301/U33/Q (MUX21X1)                          0.31    311.38 f
  rem_301/U7/Q (AND2X1)                            0.23    311.61 f
  rem_301/U14/Q (OR2X1)                            0.25    311.85 f
  rem_301/U35/Q (MUX21X1)                          0.31    312.16 f
  rem_301/U10/Q (OR2X1)                            0.25    312.41 f
  rem_301/U34/Q (MUX21X1)                          0.30    312.71 f
  rem_301/U37/Q (MUX21X1)                          0.27    312.99 r
  U12631/QN (NAND2X0)                              0.25    313.24 f
  add_307/U1_3/CO (FADDX1)                         0.44    313.67 f
  add_307/U1_4/CO (FADDX1)                         0.38    314.05 f
  add_307/U1_5/CO (FADDX1)                         0.38    314.43 f
  add_307/U1_6/CO (FADDX1)                         0.44    314.87 f
  U6344/CO (FADDX1)                                0.47    315.34 f
  U6345/CO (FADDX1)                                0.40    315.74 f
  U6346/CO (FADDX1)                                0.35    316.09 f
  U12547/Q (XOR3X1)                                0.38    316.47 r
  div_310/U58/QN (NAND2X1)                         0.16    316.62 f
  div_310/U59/ZN (INVX0)                           0.20    316.83 r
  div_310/U6/Q (MUX21X1)                           0.39    317.21 r
  div_310/U55/QN (NAND2X1)                         0.13    317.34 f
  div_310/U56/ZN (INVX0)                           0.10    317.44 r
  div_310/U25/Q (OR2X1)                            0.25    317.69 r
  div_310/U7/Q (MUX21X1)                           0.33    318.02 r
  div_310/U16/Q (AND2X1)                           0.24    318.26 r
  div_310/U24/Q (OR2X1)                            0.25    318.50 r
  div_310/U37/Q (MUX21X1)                          0.33    318.83 f
  div_310/U20/Q (AND2X1)                           0.23    319.06 f
  div_310/U17/Q (OR2X1)                            0.26    319.32 f
  div_310/U39/Q (MUX21X1)                          0.32    319.64 f
  div_310/U35/Q (AND2X1)                           0.25    319.89 f
  div_310/U34/Q (OR2X1)                            0.25    320.14 f
  div_310/U38/Q (MUX21X1)                          0.31    320.45 f
  div_310/U19/Q (AND2X1)                           0.21    320.66 f
  div_310/U5/Q (OR2X1)                             0.26    320.92 f
  div_310/U43/Q (MUX21X1)                          0.32    321.24 r
  div_310/U18/Q (AND2X1)                           0.24    321.48 r
  div_310/U36/Q (OR2X1)                            0.28    321.76 r
  div_310/U4/Q (MUX21X1)                           0.36    322.12 r
  div_310/U9/Q (AND2X1)                            0.24    322.36 r
  div_310/U8/Q (OR2X1)                             0.25    322.61 r
  U12479/QN (NAND2X0)                              1.04    323.64 f
  U12376/ZN (INVX0)                                0.36    324.01 r
  u_csk_sequencer/U41/ZN (INVX0)                   0.25    324.25 f
  u_csk_sequencer/U121/Q (AO21X1)                  0.33    324.59 f
  u_csk_sequencer/U120/Q (OA22X1)                  0.27    324.86 f
  u_csk_sequencer/U119/Q (OR2X1)                   0.23    325.08 f
  u_csk_sequencer/U118/Q (AO222X1)                 0.36    325.44 f
  u_csk_sequencer/U117/Q (OA221X1)                 0.29    325.74 f
  u_csk_sequencer/U116/Q (AO221X1)                 0.25    325.98 f
  u_csk_sequencer/U115/Q (OA221X1)                 0.29    326.27 f
  u_csk_sequencer/U114/Q (AO221X1)                 0.25    326.52 f
  u_csk_sequencer/U113/Q (OA221X1)                 0.29    326.81 f
  u_csk_sequencer/U112/Q (AO221X1)                 0.24    327.06 f
  u_csk_sequencer/U111/Q (OA221X1)                 0.28    327.34 f
  u_csk_sequencer/U110/Q (AO21X1)                  0.25    327.59 f
  u_csk_sequencer/U108/Q (OA22X1)                  0.31    327.89 f
  u_csk_sequencer/U98/QN (NOR2X0)                  0.38    328.27 r
  u_csk_sequencer/PLACE_HFSINV_334_4280/ZN (INVX0)
                                                   0.39    328.66 f
  u_csk_sequencer/U78/Q (OA21X1)                   0.37    329.03 f
  u_csk_sequencer/U65/ZN (INVX0)                   0.09    329.12 r
  u_csk_sequencer/U90/Q (AO222X1)                  0.39    329.50 r
  u_csk_sequencer/gap_counter_reg[1]/D (SDFFARX1)
                                                   0.00    329.50 r
  data arrival time                                        329.50

  clock CLK (rise edge)                          1000.00   1000.00
  clock network delay (propagated)                 3.54    1003.54
  clock reconvergence pessimism                    0.00    1003.54
  u_csk_sequencer/gap_counter_reg[1]/CLK (SDFFARX1)
                                                   0.00    1003.54 r
  clock uncertainty                               -2.00    1001.54
  library setup time                              -0.52    1001.02
  data required time                                       1001.02
  ------------------------------------------------------------------------
  data required time                                       1001.02
  data arrival time                                        -329.50
  ------------------------------------------------------------------------
  slack (MET)                                              671.52



  Startpoint: payloadLength[0] (input port clocked by CLK)
  Endpoint: u_csk_sequencer/gap_counter_reg[4] (rising edge-triggered flip-flop clocked by CLK)
  Mode: default
  Corner: default
  Scenario: default
  Path Group: CLK
  Path Type: max

  Point                                            Incr      Path  
  ------------------------------------------------------------------------
  clock CLK (rise edge)                            0.00      0.00
  clock network delay (ideal)                      3.73      3.73
  input external delay                           300.00    303.73

  payloadLength[0] (in)                            0.48    304.21 r
  PLACE_HFSBUF_231_5675/Z (NBUFFX2)                0.45    304.66 r
  U12753/QN (NAND3X0)                              0.20    304.86 f
  U12784/QN (NOR2X0)                               0.23    305.09 r
  U12783/QN (NAND2X0)                              0.28    305.37 f
  U12787/QN (NOR2X0)                               0.25    305.62 r
  U12549/QN (NAND2X0)                              0.24    305.86 f
  U12548/Q (XNOR2X1)                               0.60    306.45 r
  rem_301/U43/QN (NAND2X1)                         0.16    306.62 f
  rem_301/U44/ZN (INVX0)                           0.15    306.77 r
  rem_301/U25/Q (MUX21X1)                          0.34    307.11 r
  rem_301/U2/Q (AND2X1)                            0.24    307.35 r
  rem_301/U18/Q (OR2X1)                            0.23    307.57 r
  rem_301/U1/Q (MUX21X1)                           0.34    307.91 f
  rem_301/u_div/u_fa_PartRem_0_6_2/CO (FADDX1)     0.37    308.29 f
  rem_301/U17/Q (OR2X1)                            0.25    308.54 f
  rem_301/U4/Q (MUX21X1)                           0.33    308.86 f
  rem_301/u_div/u_fa_PartRem_0_5_2/CO (FADDX1)     0.37    309.23 f
  rem_301/U16/Q (OR2X1)                            0.25    309.48 f
  rem_301/U11/Q (MUX21X1)                          0.31    309.79 f
  rem_301/U5/Q (AND2X1)                            0.23    310.02 f
  rem_301/U15/Q (OR2X1)                            0.25    310.27 f
  rem_301/U6/Q (MUX21X1)                           0.32    310.59 f
  rem_301/U3/Q (AND2X1)                            0.23    310.82 f
  rem_301/U13/Q (OR2X1)                            0.25    311.06 f
  rem_301/U33/Q (MUX21X1)                          0.31    311.38 f
  rem_301/U7/Q (AND2X1)                            0.23    311.61 f
  rem_301/U14/Q (OR2X1)                            0.25    311.85 f
  rem_301/U35/Q (MUX21X1)                          0.31    312.16 f
  rem_301/U10/Q (OR2X1)                            0.25    312.41 f
  rem_301/U34/Q (MUX21X1)                          0.30    312.71 f
  rem_301/U37/Q (MUX21X1)                          0.27    312.99 r
  U12631/QN (NAND2X0)                              0.25    313.24 f
  add_307/U1_3/CO (FADDX1)                         0.44    313.67 f
  add_307/U1_4/CO (FADDX1)                         0.38    314.05 f
  add_307/U1_5/CO (FADDX1)                         0.38    314.43 f
  add_307/U1_6/CO (FADDX1)                         0.44    314.87 f
  U6344/CO (FADDX1)                                0.47    315.34 f
  U6345/CO (FADDX1)                                0.40    315.74 f
  U6346/CO (FADDX1)                                0.35    316.09 f
  U12547/Q (XOR3X1)                                0.38    316.47 r
  div_310/U58/QN (NAND2X1)                         0.16    316.62 f
  div_310/U59/ZN (INVX0)                           0.20    316.83 r
  div_310/U6/Q (MUX21X1)                           0.39    317.21 r
  div_310/U55/QN (NAND2X1)                         0.13    317.34 f
  div_310/U56/ZN (INVX0)                           0.10    317.44 r
  div_310/U25/Q (OR2X1)                            0.25    317.69 r
  div_310/U7/Q (MUX21X1)                           0.33    318.02 r
  div_310/U16/Q (AND2X1)                           0.24    318.26 r
  div_310/U24/Q (OR2X1)                            0.25    318.50 r
  div_310/U37/Q (MUX21X1)                          0.33    318.83 f
  div_310/U20/Q (AND2X1)                           0.23    319.06 f
  div_310/U17/Q (OR2X1)                            0.26    319.32 f
  div_310/U39/Q (MUX21X1)                          0.32    319.64 f
  div_310/U35/Q (AND2X1)                           0.25    319.89 f
  div_310/U34/Q (OR2X1)                            0.25    320.14 f
  div_310/U38/Q (MUX21X1)                          0.31    320.45 f
  div_310/U19/Q (AND2X1)                           0.21    320.66 f
  div_310/U5/Q (OR2X1)                             0.26    320.92 f
  div_310/U43/Q (MUX21X1)                          0.32    321.24 r
  div_310/U18/Q (AND2X1)                           0.24    321.48 r
  div_310/U36/Q (OR2X1)                            0.28    321.76 r
  div_310/U4/Q (MUX21X1)                           0.36    322.12 r
  div_310/U9/Q (AND2X1)                            0.24    322.36 r
  div_310/U8/Q (OR2X1)                             0.25    322.61 r
  U12479/QN (NAND2X0)                              1.04    323.64 f
  U12376/ZN (INVX0)                                0.36    324.01 r
  u_csk_sequencer/U41/ZN (INVX0)                   0.25    324.25 f
  u_csk_sequencer/U121/Q (AO21X1)                  0.33    324.59 f
  u_csk_sequencer/U120/Q (OA22X1)                  0.27    324.86 f
  u_csk_sequencer/U119/Q (OR2X1)                   0.23    325.08 f
  u_csk_sequencer/U118/Q (AO222X1)                 0.36    325.44 f
  u_csk_sequencer/U117/Q (OA221X1)                 0.29    325.74 f
  u_csk_sequencer/U116/Q (AO221X1)                 0.25    325.98 f
  u_csk_sequencer/U115/Q (OA221X1)                 0.29    326.27 f
  u_csk_sequencer/U114/Q (AO221X1)                 0.25    326.52 f
  u_csk_sequencer/U113/Q (OA221X1)                 0.29    326.81 f
  u_csk_sequencer/U112/Q (AO221X1)                 0.24    327.06 f
  u_csk_sequencer/U111/Q (OA221X1)                 0.28    327.34 f
  u_csk_sequencer/U110/Q (AO21X1)                  0.25    327.59 f
  u_csk_sequencer/U108/Q (OA22X1)                  0.31    327.89 f
  u_csk_sequencer/U98/QN (NOR2X0)                  0.38    328.27 r
  u_csk_sequencer/PLACE_HFSINV_334_4280/ZN (INVX0)
                                                   0.39    328.66 f
  u_csk_sequencer/U4/Q (AO21X1)                    0.26    328.92 f
  u_csk_sequencer/U63/QN (NAND2X0)                 0.14    329.06 r
  u_csk_sequencer/U99/Q (AO222X1)                  0.38    329.44 r
  u_csk_sequencer/gap_counter_reg[4]/D (SDFFARX1)
                                                   0.00    329.44 r
  data arrival time                                        329.44

  clock CLK (rise edge)                          1000.00   1000.00
  clock network delay (propagated)                 3.55    1003.55
  clock reconvergence pessimism                    0.00    1003.55
  u_csk_sequencer/gap_counter_reg[4]/CLK (SDFFARX1)
                                                   0.00    1003.55 r
  clock uncertainty                               -2.00    1001.55
  library setup time                              -0.50    1001.04
  data required time                                       1001.04
  ------------------------------------------------------------------------
  data required time                                       1001.04
  data arrival time                                        -329.44
  ------------------------------------------------------------------------
  slack (MET)                                              671.61



  Startpoint: payloadLength[0] (input port clocked by CLK)
  Endpoint: u_csk_sequencer/gap_counter_reg[5] (rising edge-triggered flip-flop clocked by CLK)
  Mode: default
  Corner: default
  Scenario: default
  Path Group: CLK
  Path Type: max

  Point                                            Incr      Path  
  ------------------------------------------------------------------------
  clock CLK (rise edge)                            0.00      0.00
  clock network delay (ideal)                      3.73      3.73
  input external delay                           300.00    303.73

  payloadLength[0] (in)                            0.48    304.21 r
  PLACE_HFSBUF_231_5675/Z (NBUFFX2)                0.45    304.66 r
  U12753/QN (NAND3X0)                              0.20    304.86 f
  U12784/QN (NOR2X0)                               0.23    305.09 r
  U12783/QN (NAND2X0)                              0.28    305.37 f
  U12787/QN (NOR2X0)                               0.25    305.62 r
  U12549/QN (NAND2X0)                              0.24    305.86 f
  U12548/Q (XNOR2X1)                               0.60    306.45 r
  rem_301/U43/QN (NAND2X1)                         0.16    306.62 f
  rem_301/U44/ZN (INVX0)                           0.15    306.77 r
  rem_301/U25/Q (MUX21X1)                          0.34    307.11 r
  rem_301/U2/Q (AND2X1)                            0.24    307.35 r
  rem_301/U18/Q (OR2X1)                            0.23    307.57 r
  rem_301/U1/Q (MUX21X1)                           0.34    307.91 f
  rem_301/u_div/u_fa_PartRem_0_6_2/CO (FADDX1)     0.37    308.29 f
  rem_301/U17/Q (OR2X1)                            0.25    308.54 f
  rem_301/U4/Q (MUX21X1)                           0.33    308.86 f
  rem_301/u_div/u_fa_PartRem_0_5_2/CO (FADDX1)     0.37    309.23 f
  rem_301/U16/Q (OR2X1)                            0.25    309.48 f
  rem_301/U11/Q (MUX21X1)                          0.31    309.79 f
  rem_301/U5/Q (AND2X1)                            0.23    310.02 f
  rem_301/U15/Q (OR2X1)                            0.25    310.27 f
  rem_301/U6/Q (MUX21X1)                           0.32    310.59 f
  rem_301/U3/Q (AND2X1)                            0.23    310.82 f
  rem_301/U13/Q (OR2X1)                            0.25    311.06 f
  rem_301/U33/Q (MUX21X1)                          0.31    311.38 f
  rem_301/U7/Q (AND2X1)                            0.23    311.61 f
  rem_301/U14/Q (OR2X1)                            0.25    311.85 f
  rem_301/U35/Q (MUX21X1)                          0.31    312.16 f
  rem_301/U10/Q (OR2X1)                            0.25    312.41 f
  rem_301/U34/Q (MUX21X1)                          0.30    312.71 f
  rem_301/U37/Q (MUX21X1)                          0.27    312.99 r
  U12631/QN (NAND2X0)                              0.25    313.24 f
  add_307/U1_3/CO (FADDX1)                         0.44    313.67 f
  add_307/U1_4/CO (FADDX1)                         0.38    314.05 f
  add_307/U1_5/CO (FADDX1)                         0.38    314.43 f
  add_307/U1_6/CO (FADDX1)                         0.44    314.87 f
  U6344/CO (FADDX1)                                0.47    315.34 f
  U6345/CO (FADDX1)                                0.40    315.74 f
  U6346/CO (FADDX1)                                0.35    316.09 f
  U12547/Q (XOR3X1)                                0.38    316.47 r
  div_310/U58/QN (NAND2X1)                         0.16    316.62 f
  div_310/U59/ZN (INVX0)                           0.20    316.83 r
  div_310/U6/Q (MUX21X1)                           0.39    317.21 r
  div_310/U55/QN (NAND2X1)                         0.13    317.34 f
  div_310/U56/ZN (INVX0)                           0.10    317.44 r
  div_310/U25/Q (OR2X1)                            0.25    317.69 r
  div_310/U7/Q (MUX21X1)                           0.33    318.02 r
  div_310/U16/Q (AND2X1)                           0.24    318.26 r
  div_310/U24/Q (OR2X1)                            0.25    318.50 r
  div_310/U37/Q (MUX21X1)                          0.33    318.83 f
  div_310/U20/Q (AND2X1)                           0.23    319.06 f
  div_310/U17/Q (OR2X1)                            0.26    319.32 f
  div_310/U39/Q (MUX21X1)                          0.32    319.64 f
  div_310/U35/Q (AND2X1)                           0.25    319.89 f
  div_310/U34/Q (OR2X1)                            0.25    320.14 f
  div_310/U38/Q (MUX21X1)                          0.31    320.45 f
  div_310/U19/Q (AND2X1)                           0.21    320.66 f
  div_310/U5/Q (OR2X1)                             0.26    320.92 f
  div_310/U43/Q (MUX21X1)                          0.32    321.24 r
  div_310/U18/Q (AND2X1)                           0.24    321.48 r
  div_310/U36/Q (OR2X1)                            0.28    321.76 r
  div_310/U4/Q (MUX21X1)                           0.36    322.12 r
  div_310/U9/Q (AND2X1)                            0.24    322.36 r
  div_310/U8/Q (OR2X1)                             0.25    322.61 r
  U12479/QN (NAND2X0)                              1.04    323.64 f
  U12376/ZN (INVX0)                                0.36    324.01 r
  u_csk_sequencer/U41/ZN (INVX0)                   0.25    324.25 f
  u_csk_sequencer/U121/Q (AO21X1)                  0.33    324.59 f
  u_csk_sequencer/U120/Q (OA22X1)                  0.27    324.86 f
  u_csk_sequencer/U119/Q (OR2X1)                   0.23    325.08 f
  u_csk_sequencer/U118/Q (AO222X1)                 0.36    325.44 f
  u_csk_sequencer/U117/Q (OA221X1)                 0.29    325.74 f
  u_csk_sequencer/U116/Q (AO221X1)                 0.25    325.98 f
  u_csk_sequencer/U115/Q (OA221X1)                 0.29    326.27 f
  u_csk_sequencer/U114/Q (AO221X1)                 0.25    326.52 f
  u_csk_sequencer/U113/Q (OA221X1)                 0.29    326.81 f
  u_csk_sequencer/U112/Q (AO221X1)                 0.24    327.06 f
  u_csk_sequencer/U111/Q (OA221X1)                 0.28    327.34 f
  u_csk_sequencer/U110/Q (AO21X1)                  0.25    327.59 f
  u_csk_sequencer/U108/Q (OA22X1)                  0.31    327.89 f
  u_csk_sequencer/U98/QN (NOR2X0)                  0.38    328.27 r
  u_csk_sequencer/PLACE_HFSINV_334_4280/ZN (INVX0)
                                                   0.39    328.66 f
  u_csk_sequencer/U84/Q (OA21X1)                   0.37    329.03 f
  u_csk_sequencer/U105/Q (OR2X1)                   0.20    329.23 f
  u_csk_sequencer/U101/QN (NAND4X0)                0.12    329.35 r
  u_csk_sequencer/gap_counter_reg[5]/D (SDFFARX1)
                                                   0.00    329.35 r
  data arrival time                                        329.35

  clock CLK (rise edge)                          1000.00   1000.00
  clock network delay (propagated)                 3.55    1003.55
  clock reconvergence pessimism                    0.00    1003.55
  u_csk_sequencer/gap_counter_reg[5]/CLK (SDFFARX1)
                                                   0.00    1003.55 r
  clock uncertainty                               -2.00    1001.55
  library setup time                              -0.54    1001.01
  data required time                                       1001.01
  ------------------------------------------------------------------------
  data required time                                       1001.01
  data arrival time                                        -329.35
  ------------------------------------------------------------------------
  slack (MET)                                              671.66



  Startpoint: payloadLength[0] (input port clocked by CLK)
  Endpoint: u_csk_sequencer/gap_counter_reg[3] (rising edge-triggered flip-flop clocked by CLK)
  Mode: default
  Corner: default
  Scenario: default
  Path Group: CLK
  Path Type: max

  Point                                            Incr      Path  
  ------------------------------------------------------------------------
  clock CLK (rise edge)                            0.00      0.00
  clock network delay (ideal)                      3.73      3.73
  input external delay                           300.00    303.73

  payloadLength[0] (in)                            0.48    304.21 r
  PLACE_HFSBUF_231_5675/Z (NBUFFX2)                0.45    304.66 r
  U12753/QN (NAND3X0)                              0.20    304.86 f
  U12784/QN (NOR2X0)                               0.23    305.09 r
  U12783/QN (NAND2X0)                              0.28    305.37 f
  U12787/QN (NOR2X0)                               0.25    305.62 r
  U12549/QN (NAND2X0)                              0.24    305.86 f
  U12548/Q (XNOR2X1)                               0.60    306.45 r
  rem_301/U43/QN (NAND2X1)                         0.16    306.62 f
  rem_301/U44/ZN (INVX0)                           0.15    306.77 r
  rem_301/U25/Q (MUX21X1)                          0.34    307.11 r
  rem_301/U2/Q (AND2X1)                            0.24    307.35 r
  rem_301/U18/Q (OR2X1)                            0.23    307.57 r
  rem_301/U1/Q (MUX21X1)                           0.34    307.91 f
  rem_301/u_div/u_fa_PartRem_0_6_2/CO (FADDX1)     0.37    308.29 f
  rem_301/U17/Q (OR2X1)                            0.25    308.54 f
  rem_301/U4/Q (MUX21X1)                           0.33    308.86 f
  rem_301/u_div/u_fa_PartRem_0_5_2/CO (FADDX1)     0.37    309.23 f
  rem_301/U16/Q (OR2X1)                            0.25    309.48 f
  rem_301/U11/Q (MUX21X1)                          0.31    309.79 f
  rem_301/U5/Q (AND2X1)                            0.23    310.02 f
  rem_301/U15/Q (OR2X1)                            0.25    310.27 f
  rem_301/U6/Q (MUX21X1)                           0.32    310.59 f
  rem_301/U3/Q (AND2X1)                            0.23    310.82 f
  rem_301/U13/Q (OR2X1)                            0.25    311.06 f
  rem_301/U33/Q (MUX21X1)                          0.31    311.38 f
  rem_301/U7/Q (AND2X1)                            0.23    311.61 f
  rem_301/U14/Q (OR2X1)                            0.25    311.85 f
  rem_301/U35/Q (MUX21X1)                          0.31    312.16 f
  rem_301/U10/Q (OR2X1)                            0.25    312.41 f
  rem_301/U34/Q (MUX21X1)                          0.30    312.71 f
  rem_301/U37/Q (MUX21X1)                          0.27    312.99 r
  U12631/QN (NAND2X0)                              0.25    313.24 f
  add_307/U1_3/CO (FADDX1)                         0.44    313.67 f
  add_307/U1_4/CO (FADDX1)                         0.38    314.05 f
  add_307/U1_5/CO (FADDX1)                         0.38    314.43 f
  add_307/U1_6/CO (FADDX1)                         0.44    314.87 f
  U6344/CO (FADDX1)                                0.47    315.34 f
  U6345/CO (FADDX1)                                0.40    315.74 f
  U6346/CO (FADDX1)                                0.35    316.09 f
  U12547/Q (XOR3X1)                                0.38    316.47 r
  div_310/U58/QN (NAND2X1)                         0.16    316.62 f
  div_310/U59/ZN (INVX0)                           0.20    316.83 r
  div_310/U6/Q (MUX21X1)                           0.39    317.21 r
  div_310/U55/QN (NAND2X1)                         0.13    317.34 f
  div_310/U56/ZN (INVX0)                           0.10    317.44 r
  div_310/U25/Q (OR2X1)                            0.25    317.69 r
  div_310/U7/Q (MUX21X1)                           0.33    318.02 r
  div_310/U16/Q (AND2X1)                           0.24    318.26 r
  div_310/U24/Q (OR2X1)                            0.25    318.50 r
  div_310/U37/Q (MUX21X1)                          0.33    318.83 f
  div_310/U20/Q (AND2X1)                           0.23    319.06 f
  div_310/U17/Q (OR2X1)                            0.26    319.32 f
  div_310/U39/Q (MUX21X1)                          0.32    319.64 f
  div_310/U35/Q (AND2X1)                           0.25    319.89 f
  div_310/U34/Q (OR2X1)                            0.25    320.14 f
  div_310/U38/Q (MUX21X1)                          0.31    320.45 f
  div_310/U19/Q (AND2X1)                           0.21    320.66 f
  div_310/U5/Q (OR2X1)                             0.26    320.92 f
  div_310/U43/Q (MUX21X1)                          0.32    321.24 r
  div_310/U18/Q (AND2X1)                           0.24    321.48 r
  div_310/U36/Q (OR2X1)                            0.28    321.76 r
  div_310/U4/Q (MUX21X1)                           0.36    322.12 r
  div_310/U9/Q (AND2X1)                            0.24    322.36 r
  div_310/U8/Q (OR2X1)                             0.25    322.61 r
  U12479/QN (NAND2X0)                              1.04    323.64 f
  U12376/ZN (INVX0)                                0.36    324.01 r
  u_csk_sequencer/U41/ZN (INVX0)                   0.25    324.25 f
  u_csk_sequencer/U121/Q (AO21X1)                  0.33    324.59 f
  u_csk_sequencer/U120/Q (OA22X1)                  0.27    324.86 f
  u_csk_sequencer/U119/Q (OR2X1)                   0.23    325.08 f
  u_csk_sequencer/U118/Q (AO222X1)                 0.36    325.44 f
  u_csk_sequencer/U117/Q (OA221X1)                 0.29    325.74 f
  u_csk_sequencer/U116/Q (AO221X1)                 0.25    325.98 f
  u_csk_sequencer/U115/Q (OA221X1)                 0.29    326.27 f
  u_csk_sequencer/U114/Q (AO221X1)                 0.25    326.52 f
  u_csk_sequencer/U113/Q (OA221X1)                 0.29    326.81 f
  u_csk_sequencer/U112/Q (AO221X1)                 0.24    327.06 f
  u_csk_sequencer/U111/Q (OA221X1)                 0.28    327.34 f
  u_csk_sequencer/U110/Q (AO21X1)                  0.25    327.59 f
  u_csk_sequencer/U108/Q (OA22X1)                  0.31    327.89 f
  u_csk_sequencer/U73/ZN (INVX0)                   0.19    328.08 r
  u_csk_sequencer/U62/Q (OA21X1)                   0.29    328.37 r
  u_csk_sequencer/U96/Q (OA22X1)                   0.27    328.64 r
  u_csk_sequencer/U95/QN (NAND3X0)                 0.16    328.79 f
  u_csk_sequencer/gap_counter_reg[3]/D (SDFFARX1)
                                                   0.00    328.79 f
  data arrival time                                        328.79

  clock CLK (rise edge)                          1000.00   1000.00
  clock network delay (propagated)                 3.55    1003.55
  clock reconvergence pessimism                    0.00    1003.55
  u_csk_sequencer/gap_counter_reg[3]/CLK (SDFFARX1)
                                                   0.00    1003.55 r
  clock uncertainty                               -2.00    1001.55
  library setup time                              -0.61    1000.94
  data required time                                       1000.94
  ------------------------------------------------------------------------
  data required time                                       1000.94
  data arrival time                                        -328.79
  ------------------------------------------------------------------------
  slack (MET)                                              672.14



  Startpoint: payloadLength[0] (input port clocked by CLK)
  Endpoint: u_csk_sequencer/gap_counter_reg[0] (rising edge-triggered flip-flop clocked by CLK)
  Mode: default
  Corner: default
  Scenario: default
  Path Group: CLK
  Path Type: max

  Point                                            Incr      Path  
  ------------------------------------------------------------------------
  clock CLK (rise edge)                            0.00      0.00
  clock network delay (ideal)                      3.73      3.73
  input external delay                           300.00    303.73

  payloadLength[0] (in)                            0.48    304.21 r
  PLACE_HFSBUF_231_5675/Z (NBUFFX2)                0.45    304.66 r
  U12753/QN (NAND3X0)                              0.20    304.86 f
  U12784/QN (NOR2X0)                               0.23    305.09 r
  U12783/QN (NAND2X0)                              0.28    305.37 f
  U12787/QN (NOR2X0)                               0.25    305.62 r
  U12549/QN (NAND2X0)                              0.24    305.86 f
  U12548/Q (XNOR2X1)                               0.60    306.45 r
  rem_301/U43/QN (NAND2X1)                         0.16    306.62 f
  rem_301/U44/ZN (INVX0)                           0.15    306.77 r
  rem_301/U25/Q (MUX21X1)                          0.34    307.11 r
  rem_301/U2/Q (AND2X1)                            0.24    307.35 r
  rem_301/U18/Q (OR2X1)                            0.23    307.57 r
  rem_301/U1/Q (MUX21X1)                           0.34    307.91 f
  rem_301/u_div/u_fa_PartRem_0_6_2/CO (FADDX1)     0.37    308.29 f
  rem_301/U17/Q (OR2X1)                            0.25    308.54 f
  rem_301/U4/Q (MUX21X1)                           0.33    308.86 f
  rem_301/u_div/u_fa_PartRem_0_5_2/CO (FADDX1)     0.37    309.23 f
  rem_301/U16/Q (OR2X1)                            0.25    309.48 f
  rem_301/U11/Q (MUX21X1)                          0.31    309.79 f
  rem_301/U5/Q (AND2X1)                            0.23    310.02 f
  rem_301/U15/Q (OR2X1)                            0.25    310.27 f
  rem_301/U6/Q (MUX21X1)                           0.32    310.59 f
  rem_301/U3/Q (AND2X1)                            0.23    310.82 f
  rem_301/U13/Q (OR2X1)                            0.25    311.06 f
  rem_301/U33/Q (MUX21X1)                          0.31    311.38 f
  rem_301/U7/Q (AND2X1)                            0.23    311.61 f
  rem_301/U14/Q (OR2X1)                            0.25    311.85 f
  rem_301/U35/Q (MUX21X1)                          0.31    312.16 f
  rem_301/U10/Q (OR2X1)                            0.25    312.41 f
  rem_301/U34/Q (MUX21X1)                          0.30    312.71 f
  rem_301/U37/Q (MUX21X1)                          0.27    312.99 r
  U12631/QN (NAND2X0)                              0.25    313.24 f
  add_307/U1_3/CO (FADDX1)                         0.44    313.67 f
  add_307/U1_4/CO (FADDX1)                         0.38    314.05 f
  add_307/U1_5/CO (FADDX1)                         0.38    314.43 f
  add_307/U1_6/CO (FADDX1)                         0.44    314.87 f
  U6344/CO (FADDX1)                                0.47    315.34 f
  U6345/CO (FADDX1)                                0.40    315.74 f
  U6346/CO (FADDX1)                                0.35    316.09 f
  U12547/Q (XOR3X1)                                0.38    316.47 r
  div_310/U58/QN (NAND2X1)                         0.16    316.62 f
  div_310/U59/ZN (INVX0)                           0.20    316.83 r
  div_310/U6/Q (MUX21X1)                           0.39    317.21 r
  div_310/U55/QN (NAND2X1)                         0.13    317.34 f
  div_310/U56/ZN (INVX0)                           0.10    317.44 r
  div_310/U25/Q (OR2X1)                            0.25    317.69 r
  div_310/U7/Q (MUX21X1)                           0.33    318.02 r
  div_310/U16/Q (AND2X1)                           0.24    318.26 r
  div_310/U24/Q (OR2X1)                            0.25    318.50 r
  div_310/U37/Q (MUX21X1)                          0.33    318.83 f
  div_310/U20/Q (AND2X1)                           0.23    319.06 f
  div_310/U17/Q (OR2X1)                            0.26    319.32 f
  div_310/U39/Q (MUX21X1)                          0.32    319.64 f
  div_310/U35/Q (AND2X1)                           0.25    319.89 f
  div_310/U34/Q (OR2X1)                            0.25    320.14 f
  div_310/U38/Q (MUX21X1)                          0.31    320.45 f
  div_310/U19/Q (AND2X1)                           0.21    320.66 f
  div_310/U5/Q (OR2X1)                             0.26    320.92 f
  div_310/U43/Q (MUX21X1)                          0.32    321.24 r
  div_310/U18/Q (AND2X1)                           0.24    321.48 r
  div_310/U36/Q (OR2X1)                            0.28    321.76 r
  div_310/U4/Q (MUX21X1)                           0.36    322.12 r
  div_310/U9/Q (AND2X1)                            0.24    322.36 r
  div_310/U8/Q (OR2X1)                             0.25    322.61 r
  U12479/QN (NAND2X0)                              1.04    323.64 f
  U12376/ZN (INVX0)                                0.36    324.01 r
  u_csk_sequencer/U41/ZN (INVX0)                   0.25    324.25 f
  u_csk_sequencer/U121/Q (AO21X1)                  0.33    324.59 f
  u_csk_sequencer/U120/Q (OA22X1)                  0.27    324.86 f
  u_csk_sequencer/U119/Q (OR2X1)                   0.23    325.08 f
  u_csk_sequencer/U118/Q (AO222X1)                 0.36    325.44 f
  u_csk_sequencer/U117/Q (OA221X1)                 0.29    325.74 f
  u_csk_sequencer/U116/Q (AO221X1)                 0.25    325.98 f
  u_csk_sequencer/U115/Q (OA221X1)                 0.29    326.27 f
  u_csk_sequencer/U114/Q (AO221X1)                 0.25    326.52 f
  u_csk_sequencer/U113/Q (OA221X1)                 0.29    326.81 f
  u_csk_sequencer/U112/Q (AO221X1)                 0.24    327.06 f
  u_csk_sequencer/U111/Q (OA221X1)                 0.28    327.34 f
  u_csk_sequencer/U110/Q (AO21X1)                  0.25    327.59 f
  u_csk_sequencer/U108/Q (OA22X1)                  0.31    327.89 f
  u_csk_sequencer/U98/QN (NOR2X0)                  0.38    328.27 r
  u_csk_sequencer/U7/Q (AO22X1)                    0.41    328.68 r
  u_csk_sequencer/gap_counter_reg[0]/D (SDFFARX1)
                                                   0.00    328.68 r
  data arrival time                                        328.68

  clock CLK (rise edge)                          1000.00   1000.00
  clock network delay (propagated)                 3.54    1003.54
  clock reconvergence pessimism                    0.00    1003.54
  u_csk_sequencer/gap_counter_reg[0]/CLK (SDFFARX1)
                                                   0.00    1003.54 r
  clock uncertainty                               -2.00    1001.54
  library setup time                              -0.51    1001.02
  data required time                                       1001.02
  ------------------------------------------------------------------------
  data required time                                       1001.02
  data arrival time                                        -328.68
  ------------------------------------------------------------------------
  slack (MET)                                              672.34



  Startpoint: payloadLength[0] (input port clocked by CLK)
  Endpoint: u_csk_sequencer/seq_active_reg (rising edge-triggered flip-flop clocked by CLK)
  Mode: default
  Corner: default
  Scenario: default
  Path Group: CLK
  Path Type: max

  Point                                            Incr      Path  
  ------------------------------------------------------------------------
  clock CLK (rise edge)                            0.00      0.00
  clock network delay (ideal)                      3.73      3.73
  input external delay                           300.00    303.73

  payloadLength[0] (in)                            0.48    304.21 r
  PLACE_HFSBUF_231_5675/Z (NBUFFX2)                0.45    304.66 r
  U12753/QN (NAND3X0)                              0.20    304.86 f
  U12784/QN (NOR2X0)                               0.23    305.09 r
  U12783/QN (NAND2X0)                              0.28    305.37 f
  U12787/QN (NOR2X0)                               0.25    305.62 r
  U12549/QN (NAND2X0)                              0.24    305.86 f
  U12548/Q (XNOR2X1)                               0.60    306.45 r
  rem_301/U43/QN (NAND2X1)                         0.16    306.62 f
  rem_301/U44/ZN (INVX0)                           0.15    306.77 r
  rem_301/U25/Q (MUX21X1)                          0.34    307.11 r
  rem_301/U2/Q (AND2X1)                            0.24    307.35 r
  rem_301/U18/Q (OR2X1)                            0.23    307.57 r
  rem_301/U1/Q (MUX21X1)                           0.34    307.91 f
  rem_301/u_div/u_fa_PartRem_0_6_2/CO (FADDX1)     0.37    308.29 f
  rem_301/U17/Q (OR2X1)                            0.25    308.54 f
  rem_301/U4/Q (MUX21X1)                           0.33    308.86 f
  rem_301/u_div/u_fa_PartRem_0_5_2/CO (FADDX1)     0.37    309.23 f
  rem_301/U16/Q (OR2X1)                            0.25    309.48 f
  rem_301/U11/Q (MUX21X1)                          0.31    309.79 f
  rem_301/U5/Q (AND2X1)                            0.23    310.02 f
  rem_301/U15/Q (OR2X1)                            0.25    310.27 f
  rem_301/U6/Q (MUX21X1)                           0.32    310.59 f
  rem_301/U3/Q (AND2X1)                            0.23    310.82 f
  rem_301/U13/Q (OR2X1)                            0.25    311.06 f
  rem_301/U33/Q (MUX21X1)                          0.31    311.38 f
  rem_301/U7/Q (AND2X1)                            0.23    311.61 f
  rem_301/U14/Q (OR2X1)                            0.25    311.85 f
  rem_301/U35/Q (MUX21X1)                          0.31    312.16 f
  rem_301/U10/Q (OR2X1)                            0.25    312.41 f
  rem_301/U34/Q (MUX21X1)                          0.30    312.71 f
  rem_301/U37/Q (MUX21X1)                          0.27    312.99 r
  U12631/QN (NAND2X0)                              0.25    313.24 f
  add_307/U1_3/CO (FADDX1)                         0.44    313.67 f
  add_307/U1_4/CO (FADDX1)                         0.38    314.05 f
  add_307/U1_5/CO (FADDX1)                         0.38    314.43 f
  add_307/U1_6/CO (FADDX1)                         0.44    314.87 f
  U6344/CO (FADDX1)                                0.47    315.34 f
  U6345/CO (FADDX1)                                0.40    315.74 f
  U6346/CO (FADDX1)                                0.35    316.09 f
  U12547/Q (XOR3X1)                                0.38    316.47 r
  div_310/U58/QN (NAND2X1)                         0.16    316.62 f
  div_310/U59/ZN (INVX0)                           0.20    316.83 r
  div_310/U6/Q (MUX21X1)                           0.39    317.21 r
  div_310/U55/QN (NAND2X1)                         0.13    317.34 f
  div_310/U56/ZN (INVX0)                           0.10    317.44 r
  div_310/U25/Q (OR2X1)                            0.25    317.69 r
  div_310/U7/Q (MUX21X1)                           0.33    318.02 r
  div_310/U16/Q (AND2X1)                           0.24    318.26 r
  div_310/U24/Q (OR2X1)                            0.25    318.50 r
  div_310/U37/Q (MUX21X1)                          0.33    318.83 f
  div_310/U20/Q (AND2X1)                           0.23    319.06 f
  div_310/U17/Q (OR2X1)                            0.26    319.32 f
  div_310/U39/Q (MUX21X1)                          0.32    319.64 f
  div_310/U35/Q (AND2X1)                           0.25    319.89 f
  div_310/U34/Q (OR2X1)                            0.25    320.14 f
  div_310/U38/Q (MUX21X1)                          0.31    320.45 f
  div_310/U19/Q (AND2X1)                           0.21    320.66 f
  div_310/U5/Q (OR2X1)                             0.26    320.92 f
  div_310/U43/Q (MUX21X1)                          0.32    321.24 r
  div_310/U18/Q (AND2X1)                           0.24    321.48 r
  div_310/U36/Q (OR2X1)                            0.28    321.76 r
  div_310/U4/Q (MUX21X1)                           0.36    322.12 r
  div_310/U9/Q (AND2X1)                            0.24    322.36 r
  div_310/U8/Q (OR2X1)                             0.25    322.61 r
  U12479/QN (NAND2X0)                              1.04    323.64 f
  U12376/ZN (INVX0)                                0.36    324.01 r
  u_csk_sequencer/U41/ZN (INVX0)                   0.25    324.25 f
  u_csk_sequencer/U121/Q (AO21X1)                  0.33    324.59 f
  u_csk_sequencer/U120/Q (OA22X1)                  0.27    324.86 f
  u_csk_sequencer/U119/Q (OR2X1)                   0.23    325.08 f
  u_csk_sequencer/U118/Q (AO222X1)                 0.36    325.44 f
  u_csk_sequencer/U117/Q (OA221X1)                 0.29    325.74 f
  u_csk_sequencer/U116/Q (AO221X1)                 0.25    325.98 f
  u_csk_sequencer/U115/Q (OA221X1)                 0.29    326.27 f
  u_csk_sequencer/U114/Q (AO221X1)                 0.25    326.52 f
  u_csk_sequencer/U113/Q (OA221X1)                 0.29    326.81 f
  u_csk_sequencer/U112/Q (AO221X1)                 0.24    327.06 f
  u_csk_sequencer/U111/Q (OA221X1)                 0.28    327.34 f
  u_csk_sequencer/U110/Q (AO21X1)                  0.25    327.59 f
  u_csk_sequencer/U61/ZN (INVX0)                   0.16    327.75 r
  u_csk_sequencer/U22/QN (NOR2X0)                  0.19    327.94 f
  u_csk_sequencer/U46/ZN (INVX0)                   0.11    328.05 r
  u_csk_sequencer/U109/QN (NAND3X0)                0.15    328.19 f
  u_csk_sequencer/U142/QN (NAND2X0)                0.13    328.33 r
  u_csk_sequencer/seq_active_reg/D (SDFFARX1)      0.00    328.33 r
  data arrival time                                        328.33

  clock CLK (rise edge)                          1000.00   1000.00
  clock network delay (propagated)                 3.54    1003.54
  clock reconvergence pessimism                    0.00    1003.54
  u_csk_sequencer/seq_active_reg/CLK (SDFFARX1)    0.00    1003.54 r
  clock uncertainty                               -2.00    1001.54
  library setup time                              -0.55    1000.99
  data required time                                       1000.99
  ------------------------------------------------------------------------
  data required time                                       1000.99
  data arrival time                                        -328.33
  ------------------------------------------------------------------------
  slack (MET)                                              672.67



  Startpoint: payloadLength[0] (input port clocked by CLK)
  Endpoint: u_csk_sequencer/k_index_reg[1] (rising edge-triggered flip-flop clocked by CLK)
  Mode: default
  Corner: default
  Scenario: default
  Path Group: CLK
  Path Type: max

  Point                                            Incr      Path  
  ------------------------------------------------------------------------
  clock CLK (rise edge)                            0.00      0.00
  clock network delay (ideal)                      3.73      3.73
  input external delay                           300.00    303.73

  payloadLength[0] (in)                            0.48    304.21 r
  PLACE_HFSBUF_231_5675/Z (NBUFFX2)                0.45    304.66 r
  U12753/QN (NAND3X0)                              0.20    304.86 f
  U12784/QN (NOR2X0)                               0.23    305.09 r
  U12783/QN (NAND2X0)                              0.28    305.37 f
  U12787/QN (NOR2X0)                               0.25    305.62 r
  U12549/QN (NAND2X0)                              0.24    305.86 f
  U12548/Q (XNOR2X1)                               0.60    306.45 r
  rem_301/U43/QN (NAND2X1)                         0.16    306.62 f
  rem_301/U44/ZN (INVX0)                           0.15    306.77 r
  rem_301/U25/Q (MUX21X1)                          0.34    307.11 r
  rem_301/U2/Q (AND2X1)                            0.24    307.35 r
  rem_301/U18/Q (OR2X1)                            0.23    307.57 r
  rem_301/U1/Q (MUX21X1)                           0.34    307.91 f
  rem_301/u_div/u_fa_PartRem_0_6_2/CO (FADDX1)     0.37    308.29 f
  rem_301/U17/Q (OR2X1)                            0.25    308.54 f
  rem_301/U4/Q (MUX21X1)                           0.33    308.86 f
  rem_301/u_div/u_fa_PartRem_0_5_2/CO (FADDX1)     0.37    309.23 f
  rem_301/U16/Q (OR2X1)                            0.25    309.48 f
  rem_301/U11/Q (MUX21X1)                          0.31    309.79 f
  rem_301/U5/Q (AND2X1)                            0.23    310.02 f
  rem_301/U15/Q (OR2X1)                            0.25    310.27 f
  rem_301/U6/Q (MUX21X1)                           0.32    310.59 f
  rem_301/U3/Q (AND2X1)                            0.23    310.82 f
  rem_301/U13/Q (OR2X1)                            0.25    311.06 f
  rem_301/U33/Q (MUX21X1)                          0.31    311.38 f
  rem_301/U7/Q (AND2X1)                            0.23    311.61 f
  rem_301/U14/Q (OR2X1)                            0.25    311.85 f
  rem_301/U35/Q (MUX21X1)                          0.31    312.16 f
  rem_301/U10/Q (OR2X1)                            0.25    312.41 f
  rem_301/U34/Q (MUX21X1)                          0.30    312.71 f
  rem_301/U37/Q (MUX21X1)                          0.27    312.99 r
  U12631/QN (NAND2X0)                              0.25    313.24 f
  add_307/U1_3/CO (FADDX1)                         0.44    313.67 f
  add_307/U1_4/CO (FADDX1)                         0.38    314.05 f
  add_307/U1_5/CO (FADDX1)                         0.38    314.43 f
  add_307/U1_6/CO (FADDX1)                         0.44    314.87 f
  U6344/CO (FADDX1)                                0.47    315.34 f
  U6345/CO (FADDX1)                                0.40    315.74 f
  U6346/S (FADDX1)                                 0.49    316.23 f
  div_313/U56/ZN (INVX0)                           0.16    316.39 r
  div_313/U38/ZN (INVX0)                           0.18    316.57 f
  div_313/U57/QN (NAND2X1)                         0.12    316.69 r
  div_313/U58/ZN (INVX0)                           0.21    316.90 f
  div_313/U37/Q (MUX21X1)                          0.37    317.28 r
  div_313/U19/Q (AND2X1)                           0.28    317.55 r
  div_313/U3/Q (OR2X1)                             0.22    317.77 r
  div_313/U10/Q (MUX21X1)                          0.32    318.09 r
  div_313/U63/QN (NAND2X1)                         0.12    318.22 f
  div_313/U64/ZN (INVX0)                           0.16    318.37 r
  div_313/U36/Q (OR2X1)                            0.25    318.62 r
  div_313/U48/Q (MUX21X1)                          0.32    318.94 f
  div_313/U60/QN (NAND2X1)                         0.12    319.06 r
  div_313/U61/ZN (INVX0)                           0.10    319.16 f
  div_313/U26/Q (OR2X1)                            0.28    319.44 f
  div_313/U6/Q (MUX21X1)                           0.34    319.78 r
  div_313/U21/Q (AND2X1)                           0.27    320.05 r
  div_313/U16/Q (OR2X1)                            0.24    320.29 r
  div_313/U7/Q (MUX21X1)                           0.32    320.61 f
  div_313/U20/Q (AND2X1)                           0.23    320.83 f
  div_313/U18/Q (OR2X1)                            0.25    321.09 f
  div_313/U4/Q (MUX21X1)                           0.34    321.43 r
  div_313/U22/Q (AND2X1)                           0.27    321.70 r
  div_313/U15/Q (OR2X1)                            0.22    321.92 r
  div_313/U14/Q (MUX21X1)                          0.27    322.19 f
  div_313/U23/Q (AND2X1)                           0.19    322.38 f
  div_313/U24/Q (OR2X1)                            0.19    322.57 f
  U11532/Q (AO22X1)                                0.35    322.92 f
  U11338/Q (AO21X1)                                0.25    323.17 f
  U6350/CO (FADDX1)                                0.39    323.55 f
  U11495/QN (NAND3X0)                              0.22    323.78 r
  U12777/ZN (INVX0)                                0.17    323.95 f
  U8858/Q (AND3X1)                                 0.33    324.28 f
  U8856/Q (XOR2X1)                                 0.41    324.68 f
  u_csk_sequencer/U11/ZN (INVX0)                   0.47    325.15 r
  u_csk_sequencer/U59/QN (NAND3X0)                 0.32    325.48 f
  u_csk_sequencer/U9/QN (NOR4X0)                   0.22    325.70 r
  u_csk_sequencer/U135/QN (NAND4X0)                0.35    326.05 f
  u_csk_sequencer/U134/QN (NAND4X0)                0.35    326.40 r
  u_csk_sequencer/U143/QN (NAND2X0)                0.37    326.77 f
  u_csk_sequencer/U8/QN (NOR2X0)                   0.45    327.22 r
  u_csk_sequencer/U88/Q (AO21X1)                   0.43    327.65 r
  u_csk_sequencer/U33/ZN (INVX0)                   0.13    327.79 f
  u_csk_sequencer/U86/Q (AO21X1)                   0.29    328.08 f
  u_csk_sequencer/U10/QN (NAND2X0)                 0.12    328.20 r
  u_csk_sequencer/k_index_reg[1]/D (SDFFARX1)      0.00    328.20 r
  data arrival time                                        328.20

  clock CLK (rise edge)                          1000.00   1000.00
  clock network delay (propagated)                 3.53    1003.53
  clock reconvergence pessimism                    0.00    1003.53
  u_csk_sequencer/k_index_reg[1]/CLK (SDFFARX1)    0.00    1003.53 r
  clock uncertainty                               -2.00    1001.53
  library setup time                              -0.53    1001.01
  data required time                                       1001.01
  ------------------------------------------------------------------------
  data required time                                       1001.01
  data arrival time                                        -328.20
  ------------------------------------------------------------------------
  slack (MET)                                              672.81



  Startpoint: payloadLength[0] (input port clocked by CLK)
  Endpoint: u_csk_sequencer/k_index_reg[0] (rising edge-triggered flip-flop clocked by CLK)
  Mode: default
  Corner: default
  Scenario: default
  Path Group: CLK
  Path Type: max

  Point                                            Incr      Path  
  ------------------------------------------------------------------------
  clock CLK (rise edge)                            0.00      0.00
  clock network delay (ideal)                      3.73      3.73
  input external delay                           300.00    303.73

  payloadLength[0] (in)                            0.48    304.21 r
  PLACE_HFSBUF_231_5675/Z (NBUFFX2)                0.45    304.66 r
  U12753/QN (NAND3X0)                              0.20    304.86 f
  U12784/QN (NOR2X0)                               0.23    305.09 r
  U12783/QN (NAND2X0)                              0.28    305.37 f
  U12787/QN (NOR2X0)                               0.25    305.62 r
  U12549/QN (NAND2X0)                              0.24    305.86 f
  U12548/Q (XNOR2X1)                               0.60    306.45 r
  rem_301/U43/QN (NAND2X1)                         0.16    306.62 f
  rem_301/U44/ZN (INVX0)                           0.15    306.77 r
  rem_301/U25/Q (MUX21X1)                          0.34    307.11 r
  rem_301/U2/Q (AND2X1)                            0.24    307.35 r
  rem_301/U18/Q (OR2X1)                            0.23    307.57 r
  rem_301/U1/Q (MUX21X1)                           0.34    307.91 f
  rem_301/u_div/u_fa_PartRem_0_6_2/CO (FADDX1)     0.37    308.29 f
  rem_301/U17/Q (OR2X1)                            0.25    308.54 f
  rem_301/U4/Q (MUX21X1)                           0.33    308.86 f
  rem_301/u_div/u_fa_PartRem_0_5_2/CO (FADDX1)     0.37    309.23 f
  rem_301/U16/Q (OR2X1)                            0.25    309.48 f
  rem_301/U11/Q (MUX21X1)                          0.31    309.79 f
  rem_301/U5/Q (AND2X1)                            0.23    310.02 f
  rem_301/U15/Q (OR2X1)                            0.25    310.27 f
  rem_301/U6/Q (MUX21X1)                           0.32    310.59 f
  rem_301/U3/Q (AND2X1)                            0.23    310.82 f
  rem_301/U13/Q (OR2X1)                            0.25    311.06 f
  rem_301/U33/Q (MUX21X1)                          0.31    311.38 f
  rem_301/U7/Q (AND2X1)                            0.23    311.61 f
  rem_301/U14/Q (OR2X1)                            0.25    311.85 f
  rem_301/U35/Q (MUX21X1)                          0.31    312.16 f
  rem_301/U10/Q (OR2X1)                            0.25    312.41 f
  rem_301/U34/Q (MUX21X1)                          0.30    312.71 f
  rem_301/U37/Q (MUX21X1)                          0.27    312.99 r
  U12631/QN (NAND2X0)                              0.25    313.24 f
  add_307/U1_3/CO (FADDX1)                         0.44    313.67 f
  add_307/U1_4/CO (FADDX1)                         0.38    314.05 f
  add_307/U1_5/CO (FADDX1)                         0.38    314.43 f
  add_307/U1_6/CO (FADDX1)                         0.44    314.87 f
  U6344/CO (FADDX1)                                0.47    315.34 f
  U6345/CO (FADDX1)                                0.40    315.74 f
  U6346/S (FADDX1)                                 0.49    316.23 f
  div_313/U56/ZN (INVX0)                           0.16    316.39 r
  div_313/U38/ZN (INVX0)                           0.18    316.57 f
  div_313/U57/QN (NAND2X1)                         0.12    316.69 r
  div_313/U58/ZN (INVX0)                           0.21    316.90 f
  div_313/U37/Q (MUX21X1)                          0.37    317.28 r
  div_313/U19/Q (AND2X1)                           0.28    317.55 r
  div_313/U3/Q (OR2X1)                             0.22    317.77 r
  div_313/U10/Q (MUX21X1)                          0.32    318.09 r
  div_313/U63/QN (NAND2X1)                         0.12    318.22 f
  div_313/U64/ZN (INVX0)                           0.16    318.37 r
  div_313/U36/Q (OR2X1)                            0.25    318.62 r
  div_313/U48/Q (MUX21X1)                          0.32    318.94 f
  div_313/U60/QN (NAND2X1)                         0.12    319.06 r
  div_313/U61/ZN (INVX0)                           0.10    319.16 f
  div_313/U26/Q (OR2X1)                            0.28    319.44 f
  div_313/U6/Q (MUX21X1)                           0.34    319.78 r
  div_313/U21/Q (AND2X1)                           0.27    320.05 r
  div_313/U16/Q (OR2X1)                            0.24    320.29 r
  div_313/U7/Q (MUX21X1)                           0.32    320.61 f
  div_313/U20/Q (AND2X1)                           0.23    320.83 f
  div_313/U18/Q (OR2X1)                            0.25    321.09 f
  div_313/U4/Q (MUX21X1)                           0.34    321.43 r
  div_313/U22/Q (AND2X1)                           0.27    321.70 r
  div_313/U15/Q (OR2X1)                            0.22    321.92 r
  div_313/U14/Q (MUX21X1)                          0.27    322.19 f
  div_313/U23/Q (AND2X1)                           0.19    322.38 f
  div_313/U24/Q (OR2X1)                            0.19    322.57 f
  U11532/Q (AO22X1)                                0.35    322.92 f
  U11338/Q (AO21X1)                                0.25    323.17 f
  U6350/CO (FADDX1)                                0.39    323.55 f
  U11495/QN (NAND3X0)                              0.22    323.78 r
  U12777/ZN (INVX0)                                0.17    323.95 f
  U8858/Q (AND3X1)                                 0.33    324.28 f
  U8856/Q (XOR2X1)                                 0.41    324.68 f
  u_csk_sequencer/U11/ZN (INVX0)                   0.47    325.15 r
  u_csk_sequencer/U59/QN (NAND3X0)                 0.32    325.48 f
  u_csk_sequencer/U9/QN (NOR4X0)                   0.22    325.70 r
  u_csk_sequencer/U135/QN (NAND4X0)                0.35    326.05 f
  u_csk_sequencer/U134/QN (NAND4X0)                0.35    326.40 r
  u_csk_sequencer/U143/QN (NAND2X0)                0.37    326.77 f
  u_csk_sequencer/U8/QN (NOR2X0)                   0.45    327.22 r
  u_csk_sequencer/U88/Q (AO21X1)                   0.43    327.65 r
  u_csk_sequencer/U32/QN (NOR2X0)                  0.13    327.78 f
  u_csk_sequencer/U87/Q (AO22X1)                   0.27    328.05 f
  u_csk_sequencer/k_index_reg[0]/D (SDFFARX1)      0.00    328.05 f
  data arrival time                                        328.05

  clock CLK (rise edge)                          1000.00   1000.00
  clock network delay (propagated)                 3.53    1003.53
  clock reconvergence pessimism                    0.00    1003.53
  u_csk_sequencer/k_index_reg[0]/CLK (SDFFARX1)    0.00    1003.53 r
  clock uncertainty                               -2.00    1001.53
  library setup time                              -0.59    1000.94
  data required time                                       1000.94
  ------------------------------------------------------------------------
  data required time                                       1000.94
  data arrival time                                        -328.05
  ------------------------------------------------------------------------
  slack (MET)                                              672.89


1
