#@ # 
#@ # Running icc2_shell Version O-2018.06-SP1 for linux64 -- Jul 17, 2018
#@ # Date:   Sat Sep 19 06:31:00 2026
#@ # Run by: ICer@IC_EDA
#@ 

set design      "css_phy_tx_top"
set prev_stage    "placement"
set current_stage "cts"
########################open########################
open_block ../../design_lib/dlib/${design}.dlib:${design}_${current_stage}.design
gui_start
gui_set_pref_value -category {SelectByNamePalette} -key {ObjectType} -value {Logical Cells}
link_block
gui_zoom -window [gui_get_current_window -types Layout -view] -factor 0.5 -at_point {99.965 573.240}
gui_zoom -window [gui_get_current_window -types Layout -view] -factor 0.5 -at_point {99.895 573.545}
gui_zoom -window [gui_get_current_window -types Layout -view] -factor 0.5 -at_point {102.950 573.545}
gui_zoom -window [gui_get_current_window -types Layout -view] -factor 0.5 -at_point {116.965 -159.695}
win_set_filter -visible -class cell -filter {hard_macro_margin hard_margin route_blockage_margin soft_margin}
win_set_filter -visible -class placement_blockage -filter {wiring} -layer {0-77}
win_set_filter -expand_cell_types {soft_macro  }
win_set_select_class -visible {cell port bound routing_blockage shaping_blockage pg_region pin_blockage block_shielding topology_node topology_edge core_area die_area edit_group shape via terminal fill_cell placement_blockage }
win_set_filter -class cell -filter {cell_array hard_macro_margin hard_margin route_blockage_margin soft_margin}
win_set_filter -class placement_blockage -filter {wiring} -layer {0-77}
win_set_select_class {cell port bound routing_blockage shaping_blockage pg_region pin_blockage topology_node topology_edge edit_group shape via placement_blockage }
gui_zoom -window [gui_get_current_window -types Layout -view] -factor 2 -at_point {601.930 508.770}
gui_zoom -window [gui_get_current_window -types Layout -view] -factor 2 -at_point {595.380 508.770}
gui_zoom -window [gui_get_current_window -types Layout -view] -factor 2 -at_point {593.740 508.770}
gui_zoom -window [gui_get_current_window -types Layout -view] -factor 2 -at_point {593.740 508.770}
gui_zoom -window [gui_get_current_window -types Layout -view] -factor 2 -at_point {593.740 508.770}
exit
