
                                 Formality (R)

               Version L-2016.03-SP1 for linux64 - Apr 13, 2016 

                    Copyright (c) 1988 - 2016 Synopsys, Inc.
   This software and the associated documentation are proprietary to Synopsys,
 Inc. This software may only be used in accordance with the terms and conditions
 of a written license agreement with Synopsys, Inc. All other use, reproduction,
            or distribution of this software is strictly prohibited.

  ** Highlights of Formality (R) Version L-2016.03 **
   - New alternate verification strategies for resolving inconclusive verifications
   - Automation for deploying alternate strategies
   - New command to export the mapping of reference to implementation registers
   - New capability to combine PG and low power information from db libraries with Verilog functional models

   * Please refer to the Formality Release Notes for details and additional enhancements

Build: 4031317
Hostname: IC_EDA (RHEL64)
Current time: Fri Sep 18 01:27:19 2026

Loading db file '/home/synopsys/Formality2016/libraries/syn/gtech.db'
set design css_phy_tx_top
css_phy_tx_top
############################# Options ############################# 
set synopsys_auto_setup true
true
########################### SVF File ###########################
set_svf "../../../dft/results/outputs/css_phy_tx_top_dft.svf"
SVF set to '../../../dft/results/outputs/css_phy_tx_top_dft.svf'.
1
########################### Ref Container ###########################
read_verilog -netlist -container Ref "../../../syn/results/outputs/${design}_syn_netlist.v"
No target library specified, default is WORK
Loading verilog file '/mnt/hgfs/Shared_Folder/Zigbee-CSS-PHY-Transmitter-main/syn/results/outputs/css_phy_tx_top_syn_netlist.v'
Created container 'Ref'
Current container set to 'Ref'
1
read_db -container Ref "../../../std_cells/saed90nm_max.db"
Loading db file '/mnt/hgfs/Shared_Folder/Zigbee-CSS-PHY-Transmitter-main/std_cells/saed90nm_max.db'
1
set_reference_design "css_phy_tx_top"
Reference design set to 'Ref:/WORK/css_phy_tx_top'
1
set_top "css_phy_tx_top"
Setting top design to 'Ref:/WORK/css_phy_tx_top'
Status:  Implementing inferred operators...

************ Library Checking Summary ************
Warning:  60 unlinked power cell(s) with no power down function on an ff or latch.
        Use 'report_libraries -defects all' for more details.
**************************************************

Top design successfully set to 'Ref:/WORK/css_phy_tx_top'
Reference design set to 'Ref:/WORK/css_phy_tx_top'
1
########################### Imp Container ###########################
read_verilog -netlist -container Imp "../../../dft/results/outputs/${design}_dft_netlist.v"
No target library specified, default is WORK
Loading verilog file '/mnt/hgfs/Shared_Folder/Zigbee-CSS-PHY-Transmitter-main/dft/results/outputs/css_phy_tx_top_dft_netlist.v'
Created container 'Imp'
Current container set to 'Imp'
1
read_db -container Imp "../../../std_cells/saed90nm_max.db"
Loading db file '/mnt/hgfs/Shared_Folder/Zigbee-CSS-PHY-Transmitter-main/std_cells/saed90nm_max.db'
1
set_implementation_design "css_phy_tx_top"
Implementation design set to 'Imp:/WORK/css_phy_tx_top'
1
set_top "css_phy_tx_top"
Setting top design to 'Imp:/WORK/css_phy_tx_top'
Status:  Implementing inferred operators...

************ Library Checking Summary ************
Warning:  60 unlinked power cell(s) with no power down function on an ff or latch.
        Use 'report_libraries -defects all' for more details.
**************************************************

Top design successfully set to 'Imp:/WORK/css_phy_tx_top'
Implementation design set to 'Imp:/WORK/css_phy_tx_top'
1
set_dont_verify_points -type port Ref:/WORK/*/SI
Set don't verify point 'Ref:/WORK/css_phy_tx_top/SI'
1
set_dont_verify_points -type port Imp:/WORK/*/SI
Set don't verify point 'Imp:/WORK/css_phy_tx_top/SI'
1
set_dont_verify_points -type port Ref:/WORK/*/SO
Set don't verify point 'Ref:/WORK/css_phy_tx_top/SO'
1
set_dont_verify_points -type port Imp:/WORK/*/SO
Set don't verify point 'Imp:/WORK/css_phy_tx_top/SO'
1
set_constant Ref:/WORK/*/test_mode 0
Set 'Ref:/WORK/css_phy_tx_top/test_mode' to constant 0
1
set_constant Imp:/WORK/*/test_mode 0
Set 'Imp:/WORK/css_phy_tx_top/test_mode' to constant 0
1
set_constant Ref:/WORK/*/SE 0
Set 'Ref:/WORK/css_phy_tx_top/SE' to constant 0
1
set_constant Imp:/WORK/*/SE 0
Set 'Imp:/WORK/css_phy_tx_top/SE' to constant 0
1
############################# Match ############################# 
match
Reference design is 'Ref:/WORK/css_phy_tx_top'
Implementation design is 'Imp:/WORK/css_phy_tx_top'
Status:  Checking designs...
    Warning: 133 (132) undriven nets found in reference (implementation) design; see formality.log for list (FM-399)
Status:  Building verification models...
Status:  Processing Guide Commands...
    Set 'Ref:/WORK/css_phy_tx_top/SE' to constant 0    
    Set 'Imp:/WORK/css_phy_tx_top/SE' to constant 0    
    Set 'Ref:/WORK/css_phy_tx_top/test_mode' to constant 1    
    Set 'Imp:/WORK/css_phy_tx_top/test_mode' to constant 1    
    Set 'Imp:/WORK/css_phy_tx_top/SE' to constant 0    ; previous value was also 0
    Set 'Imp:/WORK/css_phy_tx_top/test_mode' to constant 1    ; previous value was also 1

***************************** Guidance Summary *****************************
                                         Status
Command                 Accepted   Rejected  Unsupported  Unprocessed  Total
----------------------------------------------------------------------------
environment         :          2          0          0          0          2
scan_input          :          2          0          0          0          2
uniquify            :         11          0          0          0         11

SVF files read:
      ../../../dft/results/outputs/css_phy_tx_top_dft.svf

SVF files produced:
  /mnt/hgfs/Shared_Folder/Zigbee-CSS-PHY-Transmitter-main/fm/syn-dft/run/formality_svf/
    svf.txt
****************************************************************************

Status:  Matching...
    
*********************************** Matching Results ***********************************    
 7700 Compare points matched by name    
 0 Compare points matched by signature analysis    
 0 Compare points matched by topology    
 29 Matched primary inputs, black-box outputs    
 1(8) Unmatched reference(implementation) compare points    
 0(0) Unmatched reference(implementation) primary inputs, black-box outputs    
 0(9) Unmatched reference(implementation) unread points    
----------------------------------------------------------------------------------------    
Unmatched Objects                                                        REF        IMPL    
----------------------------------------------------------------------------------------    
 Output ports (Port)                                                       0           8    
 Registers                                                                 1           0    
   DFF                                                                     1           0    
****************************************************************************************

1
############################# Verify ############################# 
set successful [verify]
Reference design is 'Ref:/WORK/css_phy_tx_top'
Implementation design is 'Imp:/WORK/css_phy_tx_top'
    
*********************************** Matching Results ***********************************    
 7700 Compare points matched by name    
 0 Compare points matched by signature analysis    
 0 Compare points matched by topology    
 29 Matched primary inputs, black-box outputs    
 1(8) Unmatched reference(implementation) compare points    
 0(0) Unmatched reference(implementation) primary inputs, black-box outputs    
 0(9) Unmatched reference(implementation) unread points    
----------------------------------------------------------------------------------------    
Unmatched Objects                                                        REF        IMPL    
----------------------------------------------------------------------------------------    
 Output ports (Port)                                                       0           8    
 Registers                                                                 1           0    
   DFF                                                                     1           0    
****************************************************************************************

Status:  Verifying...

***************************** Synopsys Auto Setup Summary ******************************

!!! Synopsys Auto Setup Mode was enabled. !!!
!!! Verification results are valid assuming the following setup constraints: !!!

### RTL Interpretation Setup
   set hdlin_ignore_parallel_case false
   set hdlin_ignore_full_case false
   set hdlin_error_on_mismatch_message false
   set hdlin_ignore_embedded_configuration true

### Undriven Signal Handling Setup
   set verification_set_undriven_signals synthesis

### Test Logic Setup
   set verification_verify_directly_undriven_output false
   Constants set on:
     css_phy_tx_top/SE
     css_phy_tx_top/test_mode
   For details see report_dont_verify_points and report_constants


For further details on Synopsys Auto Setup Mode: Type man synopsys_auto_setup
****************************************************************************************


********************************* Verification Results *********************************
Verification SUCCEEDED
   ATTENTION: synopsys_auto_setup mode was enabled.
              See Synopsys Auto Setup Summary for details.
----------------------------------------------------------
 Reference design: Ref:/WORK/css_phy_tx_top
 Implementation design: Imp:/WORK/css_phy_tx_top
 7700 Passing compare points
----------------------------------------------------------------------------------------
Matched Compare Points     BBPin    Loop   BBNet     Cut    Port     DFF     LAT   TOTAL
----------------------------------------------------------------------------------------
Passing (equivalent)           0       0       0       0      18    7682       0    7700
Failing (not equivalent)       0       0       0       0       0       0       0       0
Not Compared
  Don't verify                 0       0       0       0       1       0       0       1
  Unread                       0       0       0       0       0    2062       0    2062
****************************************************************************************
1
if {!$successful} {
diagnose
analyze_points -failing
}
############################# Reports ############################# 
report_passing_points > ../results/passing_points.rpt
report_failing_points > ../results/failing_points.rpt
report_unverified_points > ../results/unverified_points.rpt
report_aborted_points > ../results/aborted_points.rpt
start_gui
     1  source -echo -verbose ../script/fm_script.tcl
1
#exit
fm_shell (verify)> exit

Maximum memory usage for this session: 543244 KB
CPU usage for this session: 36.59 seconds
Current time: Fri Sep 18 01:28:10 2026
Elapsed time: 51 seconds

Thank you for using Formality (R)!
