****************************************
Report : constraint
        -all_violators
Design : css_phy_tx_top
Version: O-2018.06-SP1
Date   : Sat Sep 19 06:28:15 2026
****************************************

   late_timing
   -----------

Information: Timer using 'SI, Timing Window Analysis, CRPR'. (TIM-050)
Endpoint                         Path Delay     Path Required       CRP    Slack Group    Scenario
----------------------------------------------------------------------------------------------------------
No paths.

   early_timing
   -----------

Information: Timer using 'SI, Timing Window Analysis, CRPR'. (TIM-050)
Endpoint                         Path Delay     Path Required       CRP    Slack Group    Scenario
----------------------------------------------------------------------------------------------------------
No paths.





   Total number of violation(s): 0
1
