****************************************
Report : report_utilization
Design : css_phy_tx_top
Version: O-2018.06-SP1
Date   : Sat Sep 19 08:19:33 2026
****************************************
Utilization Ratio:			0.6365
Utilization options:
 - Area calculation based on:		site_row of block css_phy_tx_top_routing
 - Categories of objects excluded:	hard_macros macro_keepouts soft_macros io_cells hard_blockages 
Total Area:				824753.6640
Total Capacity Area:			824753.6640
Total Area of cells:			524989.4400
Area of excluded objects:
 - hard_macros         :		0.0000
 - macro_keepouts      :		0.0000
 - soft_macros         :		0.0000
 - io_cells            :		0.0000
 - hard_blockages      :		0.0000

Utilization of site-rows with:
 - Site 'unit':				0.6365

0.6365
