
                           Design Compiler Graphical 
                                 DC Ultra (TM)
                                  DFTMAX (TM)
                              Power Compiler (TM)
                                 DesignWare (R)
                                 DC Expert (TM)
                               Design Vision (TM)
                               HDL Compiler (TM)
                               VHDL Compiler (TM)
                                  DFT Compiler
                               Design Compiler(R)

               Version O-2018.06-SP1 for linux64 - Jul 19, 2018 

                    Copyright (c) 1988 - 2018 Synopsys, Inc.
   This software and the associated documentation are proprietary to Synopsys,
 Inc. This software may only be used in accordance with the terms and conditions
 of a written license agreement with Synopsys, Inc. All other use, reproduction,
            or distribution of this software is strictly prohibited.
Initializing...
Initializing gui preferences from file  /home/ICer/.synopsys_dv_prefs.tcl
Error: could not open script file "/mnt/hgfs/Shared_Folder/Zigbee-CSS-PHY-Transmitter-main/syn/run/../script/dft_script.tcl" (CMD-015)
dc_shell> exit

Memory usage for main task 50 Mbytes.
Memory usage for this session 50 Mbytes.
CPU usage for this session 0 seconds ( 0.00 hours ).

Thank you...
