 
****************************************
Report : area
Design : css_phy_tx_top
Version: O-2018.06-SP1
Date   : Fri Sep 18 00:44:48 2026
****************************************

Library(s) Used:

    saed90nm_max (File: /mnt/hgfs/Shared_Folder/Zigbee-CSS-PHY-Transmitter-main/std_cells/saed90nm_max.db)

Number of ports:                         1304
Number of nets:                         36151
Number of cells:                        34854
Number of combinational cells:          25030
Number of sequential cells:              9786
Number of macros/black boxes:               0
Number of buf/inv:                       5838
Number of references:                      54

Combinational area:             247430.244091
Buf/Inv area:                    32455.066432
Noncombinational area:          246348.285427
Macro/Black Box area:                0.000000
Net Interconnect area:           65701.589705

Total cell area:                493778.529518
Total area:                     559480.119223

Hierarchical area distribution
------------------------------

                                  Global cell area              Local cell area
                                  --------------------  -------------------------------- 
Hierarchical cell                 Absolute     Percent  Combi-       Noncombi-    Black-
                                  Total        Total    national     national     boxes   Design
--------------------------------  -----------  -------  -----------  -----------  ------  -------------------------------
css_phy_tx_top                    493778.5295    100.0  102231.2436  102921.5220  0.0000  css_phy_tx_top
add_344                              146.5344      0.0     146.5344       0.0000  0.0000  css_phy_tx_top_DW01_inc_2
add_451                              160.3584      0.0     160.3584       0.0000  0.0000  css_phy_tx_top_DW01_inc_0
clk_mux                               18.4320      0.0      18.4320       0.0000  0.0000  mux2X1_0
div_310                              473.7024      0.1     473.7024       0.0000  0.0000  css_phy_tx_top_DW_div_uns_0
div_313                              593.5104      0.1     593.5104       0.0000  0.0000  css_phy_tx_top_DW_div_uns_1
r112                                 160.3584      0.0     160.3584       0.0000  0.0000  css_phy_tx_top_DW01_inc_1
rem_301                              471.8592      0.1     471.8592       0.0000  0.0000  css_phy_tx_top_DW_div_uns_2
rem_302                              590.7456      0.1     590.7456       0.0000  0.0000  css_phy_tx_top_DW_div_uns_3
rst_mux                               18.4320      0.0      18.4320       0.0000  0.0000  mux2X1_1
u_controller                       53762.4576     10.9   24003.0722   27184.4349  0.0000  controller
u_controller/add_159                 191.6928      0.0     191.6928       0.0000  0.0000  controller_DW01_inc_2
u_controller/add_164                 191.6928      0.0     191.6928       0.0000  0.0000  controller_DW01_inc_1
u_controller/add_189                 160.3584      0.0     160.3584       0.0000  0.0000  controller_DW01_inc_0
u_controller/div_108                 467.2512      0.1     467.2512       0.0000  0.0000  controller_DW_div_uns_1
u_controller/div_109                 552.9600      0.1     552.9600       0.0000  0.0000  controller_DW_div_uns_0
u_controller/rem_101                 434.9952      0.1     434.9952       0.0000  0.0000  controller_DW_div_uns_3
u_controller/rem_102                 576.0000      0.1     576.0000       0.0000  0.0000  controller_DW_div_uns_2
u_csk_rom                           1548.2880      0.3    1249.6896     298.5984  0.0000  csk_waveform_rom
u_csk_selector                        84.7872      0.0      84.7872       0.0000  0.0000  csk_waveform_selector
u_csk_sequencer                     2617.3440      0.5    1232.1792    1064.4480  0.0000  csk_sequencer
u_csk_sequencer/add_81               160.3584      0.0     160.3584       0.0000  0.0000  csk_sequencer_DW01_inc_2
u_csk_sequencer/r98                  160.3584      0.0     160.3584       0.0000  0.0000  csk_sequencer_DW01_inc_1
u_demux                              260.8128      0.1      99.5328     161.2800  0.0000  demux_iq
u_dqpsk                             1035.8784      0.2     367.7184     668.1600  0.0000  dqpsk_encoder
u_dqpsk_csk_multiplier              1974.9888      0.4     884.7360     612.8640  0.0000  dqpsk_csk_multiplier
u_dqpsk_csk_multiplier/add_39        220.2624      0.0     220.2624       0.0000  0.0000  dqpsk_csk_multiplier_DW01_add_0
u_dqpsk_csk_multiplier/sub_38        257.1264      0.1     257.1264       0.0000  0.0000  dqpsk_csk_multiplier_DW01_sub_0
u_form_ppdu                       203406.3334     41.2   99906.9682  103147.3140  0.0000  form_ppdu
u_form_ppdu/r113                     176.0256      0.0     176.0256       0.0000  0.0000  form_ppdu_DW01_inc_1
u_form_ppdu/r114                     176.0256      0.0     176.0256       0.0000  0.0000  form_ppdu_DW01_inc_0
u_interleaver                       9095.2705      1.8    2837.6063    6257.6641  0.0000  bit_interleaver
u_qpsk                               251.5968      0.1      90.3168     161.2800  0.0000  qpsk_mapper
u_symbol_mapper                     7291.6993      1.5    4775.7312    2515.9680  0.0000  symbol_mapper
u_zero_padding                      4662.3745      0.9    1516.9536    1354.7520  0.0000  zero_padding
u_zero_padding/r106                  238.6944      0.0     238.6944       0.0000  0.0000  zero_padding_DW01_inc_2
u_zero_padding/rem_59                482.9184      0.1     482.9184       0.0000  0.0000  zero_padding_DW_div_uns_3
u_zero_padding/rem_61                482.9184      0.1     482.9184       0.0000  0.0000  zero_padding_DW_div_uns_1
u_zero_padding/rem_67                586.1376      0.1     586.1376       0.0000  0.0000  zero_padding_DW_div_uns_0
--------------------------------  -----------  -------  -----------  -----------  ------  -------------------------------
Total                                                   247430.2441  246348.2854  0.0000

1
