 
****************************************
Report : constraint
        -all_violators
Design : css_phy_tx_top
Version: O-2018.06-SP1
Date   : Fri Sep 18 00:44:52 2026
****************************************


   min_delay/hold ('CLK' group)

                             Required        Actual
   Endpoint                 Path Delay     Path Delay        Slack
   -----------------------------------------------------------------
   u_csk_sequencer/gap_counter_reg[0]/D
                                2.34           1.22 f        -1.11  (VIOLATED)
   u_csk_sequencer/sample_index_reg[0]/D
                                2.34           1.22 f        -1.11  (VIOLATED)
   u_zero_padding/padding_count_reg[0]/D
                                2.34           1.39 f        -0.95  (VIOLATED)
   u_zero_padding/padding_total_reg[5]/D
                                2.34           1.50 f        -0.84  (VIOLATED)
   u_zero_padding/padding_total_reg[3]/D
                                2.34           1.52 f        -0.82  (VIOLATED)
   u_zero_padding/padding_total_reg[4]/D
                                2.34           1.52 f        -0.82  (VIOLATED)
   csk_valid_d1_reg/D           2.34           1.54 f        -0.80  (VIOLATED)
   csk_valid_d2_reg/D           2.34           1.54 f        -0.80  (VIOLATED)
   u_interleaver/i_out_reg[36]/D
                                2.34           1.62 f        -0.72  (VIOLATED)
   u_interleaver/i_out_reg[37]/D
                                2.34           1.62 f        -0.72  (VIOLATED)
   u_interleaver/i_out_reg[38]/D
                                2.34           1.62 f        -0.72  (VIOLATED)
   u_interleaver/i_out_reg[39]/D
                                2.34           1.62 f        -0.72  (VIOLATED)
   u_interleaver/i_out_reg[44]/D
                                2.34           1.62 f        -0.72  (VIOLATED)
   u_interleaver/i_out_reg[45]/D
                                2.34           1.62 f        -0.72  (VIOLATED)
   u_interleaver/i_out_reg[46]/D
                                2.34           1.62 f        -0.72  (VIOLATED)
   u_interleaver/i_out_reg[47]/D
                                2.34           1.62 f        -0.72  (VIOLATED)
   u_interleaver/i_out_reg[52]/D
                                2.34           1.62 f        -0.72  (VIOLATED)
   u_interleaver/i_out_reg[53]/D
                                2.34           1.62 f        -0.72  (VIOLATED)
   u_interleaver/i_out_reg[54]/D
                                2.34           1.62 f        -0.72  (VIOLATED)
   u_interleaver/i_out_reg[55]/D
                                2.34           1.62 f        -0.72  (VIOLATED)
   u_interleaver/i_out_reg[60]/D
                                2.34           1.62 f        -0.72  (VIOLATED)
   u_interleaver/i_out_reg[61]/D
                                2.34           1.62 f        -0.72  (VIOLATED)
   u_interleaver/i_out_reg[62]/D
                                2.34           1.62 f        -0.72  (VIOLATED)
   u_interleaver/i_out_reg[63]/D
                                2.34           1.62 f        -0.72  (VIOLATED)
   u_interleaver/i_temp_reg[4]/D
                                2.34           1.62 f        -0.72  (VIOLATED)
   u_interleaver/i_temp_reg[5]/D
                                2.34           1.62 f        -0.72  (VIOLATED)
   u_interleaver/i_temp_reg[6]/D
                                2.34           1.62 f        -0.72  (VIOLATED)
   u_interleaver/i_temp_reg[7]/D
                                2.34           1.62 f        -0.72  (VIOLATED)
   u_interleaver/i_temp_reg[12]/D
                                2.34           1.62 f        -0.72  (VIOLATED)
   u_interleaver/i_temp_reg[13]/D
                                2.34           1.62 f        -0.72  (VIOLATED)
   u_interleaver/i_temp_reg[14]/D
                                2.34           1.62 f        -0.72  (VIOLATED)
   u_interleaver/i_temp_reg[15]/D
                                2.34           1.62 f        -0.72  (VIOLATED)
   u_interleaver/i_temp_reg[20]/D
                                2.34           1.62 f        -0.72  (VIOLATED)
   u_interleaver/i_temp_reg[21]/D
                                2.34           1.62 f        -0.72  (VIOLATED)
   u_interleaver/i_temp_reg[22]/D
                                2.34           1.62 f        -0.72  (VIOLATED)
   u_interleaver/i_temp_reg[23]/D
                                2.34           1.62 f        -0.72  (VIOLATED)
   u_interleaver/i_temp_reg[28]/D
                                2.34           1.62 f        -0.72  (VIOLATED)
   u_interleaver/i_temp_reg[29]/D
                                2.34           1.62 f        -0.72  (VIOLATED)
   u_interleaver/i_temp_reg[30]/D
                                2.34           1.62 f        -0.72  (VIOLATED)
   u_interleaver/i_temp_reg[31]/D
                                2.34           1.62 f        -0.72  (VIOLATED)
   u_interleaver/q_out_reg[36]/D
                                2.34           1.62 f        -0.72  (VIOLATED)
   u_interleaver/q_out_reg[37]/D
                                2.34           1.62 f        -0.72  (VIOLATED)
   u_interleaver/q_out_reg[38]/D
                                2.34           1.62 f        -0.72  (VIOLATED)
   u_interleaver/q_out_reg[39]/D
                                2.34           1.62 f        -0.72  (VIOLATED)
   u_interleaver/q_out_reg[44]/D
                                2.34           1.62 f        -0.72  (VIOLATED)
   u_interleaver/q_out_reg[45]/D
                                2.34           1.62 f        -0.72  (VIOLATED)
   u_interleaver/q_out_reg[46]/D
                                2.34           1.62 f        -0.72  (VIOLATED)
   u_interleaver/q_out_reg[47]/D
                                2.34           1.62 f        -0.72  (VIOLATED)
   u_interleaver/q_out_reg[52]/D
                                2.34           1.62 f        -0.72  (VIOLATED)
   u_interleaver/q_out_reg[53]/D
                                2.34           1.62 f        -0.72  (VIOLATED)
   u_interleaver/q_out_reg[54]/D
                                2.34           1.62 f        -0.72  (VIOLATED)
   u_interleaver/q_out_reg[55]/D
                                2.34           1.62 f        -0.72  (VIOLATED)
   u_interleaver/q_out_reg[60]/D
                                2.34           1.62 f        -0.72  (VIOLATED)
   u_interleaver/q_out_reg[61]/D
                                2.34           1.62 f        -0.72  (VIOLATED)
   u_interleaver/q_out_reg[62]/D
                                2.34           1.62 f        -0.72  (VIOLATED)
   u_interleaver/q_out_reg[63]/D
                                2.34           1.62 f        -0.72  (VIOLATED)
   u_interleaver/q_temp_reg[4]/D
                                2.34           1.62 f        -0.72  (VIOLATED)
   u_interleaver/q_temp_reg[5]/D
                                2.34           1.62 f        -0.72  (VIOLATED)
   u_interleaver/q_temp_reg[6]/D
                                2.34           1.62 f        -0.72  (VIOLATED)
   u_interleaver/q_temp_reg[7]/D
                                2.34           1.62 f        -0.72  (VIOLATED)
   u_interleaver/q_temp_reg[12]/D
                                2.34           1.62 f        -0.72  (VIOLATED)
   u_interleaver/q_temp_reg[13]/D
                                2.34           1.62 f        -0.72  (VIOLATED)
   u_interleaver/q_temp_reg[14]/D
                                2.34           1.62 f        -0.72  (VIOLATED)
   u_interleaver/q_temp_reg[15]/D
                                2.34           1.62 f        -0.72  (VIOLATED)
   u_interleaver/q_temp_reg[20]/D
                                2.34           1.62 f        -0.72  (VIOLATED)
   u_interleaver/q_temp_reg[21]/D
                                2.34           1.62 f        -0.72  (VIOLATED)
   u_interleaver/q_temp_reg[22]/D
                                2.34           1.62 f        -0.72  (VIOLATED)
   u_interleaver/q_temp_reg[23]/D
                                2.34           1.62 f        -0.72  (VIOLATED)
   u_interleaver/q_temp_reg[28]/D
                                2.34           1.62 f        -0.72  (VIOLATED)
   u_interleaver/q_temp_reg[29]/D
                                2.34           1.62 f        -0.72  (VIOLATED)
   u_interleaver/q_temp_reg[30]/D
                                2.34           1.62 f        -0.72  (VIOLATED)
   u_interleaver/q_temp_reg[31]/D
                                2.34           1.62 f        -0.72  (VIOLATED)
   u_interleaver/i_temp_reg[0]/D
                                2.34           1.62 f        -0.71  (VIOLATED)
   u_interleaver/i_temp_reg[1]/D
                                2.34           1.62 f        -0.71  (VIOLATED)
   u_interleaver/i_temp_reg[2]/D
                                2.34           1.62 f        -0.71  (VIOLATED)
   u_interleaver/i_temp_reg[3]/D
                                2.34           1.62 f        -0.71  (VIOLATED)
   u_interleaver/i_temp_reg[8]/D
                                2.34           1.62 f        -0.71  (VIOLATED)
   u_interleaver/i_temp_reg[9]/D
                                2.34           1.62 f        -0.71  (VIOLATED)
   u_interleaver/i_temp_reg[10]/D
                                2.34           1.62 f        -0.71  (VIOLATED)
   u_interleaver/i_temp_reg[11]/D
                                2.34           1.62 f        -0.71  (VIOLATED)
   u_interleaver/i_temp_reg[16]/D
                                2.34           1.62 f        -0.71  (VIOLATED)
   u_interleaver/i_temp_reg[17]/D
                                2.34           1.62 f        -0.71  (VIOLATED)
   u_interleaver/i_temp_reg[18]/D
                                2.34           1.62 f        -0.71  (VIOLATED)
   u_interleaver/i_temp_reg[19]/D
                                2.34           1.62 f        -0.71  (VIOLATED)
   u_interleaver/i_temp_reg[24]/D
                                2.34           1.62 f        -0.71  (VIOLATED)
   u_interleaver/i_temp_reg[25]/D
                                2.34           1.62 f        -0.71  (VIOLATED)
   u_interleaver/i_temp_reg[26]/D
                                2.34           1.62 f        -0.71  (VIOLATED)
   u_interleaver/i_temp_reg[27]/D
                                2.34           1.62 f        -0.71  (VIOLATED)
   u_interleaver/q_temp_reg[0]/D
                                2.34           1.62 f        -0.71  (VIOLATED)
   u_interleaver/q_temp_reg[1]/D
                                2.34           1.62 f        -0.71  (VIOLATED)
   u_interleaver/q_temp_reg[2]/D
                                2.34           1.62 f        -0.71  (VIOLATED)
   u_interleaver/q_temp_reg[3]/D
                                2.34           1.62 f        -0.71  (VIOLATED)
   u_interleaver/q_temp_reg[8]/D
                                2.34           1.62 f        -0.71  (VIOLATED)
   u_interleaver/q_temp_reg[9]/D
                                2.34           1.62 f        -0.71  (VIOLATED)
   u_interleaver/q_temp_reg[10]/D
                                2.34           1.62 f        -0.71  (VIOLATED)
   u_interleaver/q_temp_reg[11]/D
                                2.34           1.62 f        -0.71  (VIOLATED)
   u_interleaver/q_temp_reg[16]/D
                                2.34           1.62 f        -0.71  (VIOLATED)
   u_interleaver/q_temp_reg[17]/D
                                2.34           1.62 f        -0.71  (VIOLATED)
   u_interleaver/q_temp_reg[18]/D
                                2.34           1.62 f        -0.71  (VIOLATED)
   u_interleaver/q_temp_reg[19]/D
                                2.34           1.62 f        -0.71  (VIOLATED)
   u_interleaver/q_temp_reg[24]/D
                                2.34           1.62 f        -0.71  (VIOLATED)
   u_interleaver/q_temp_reg[25]/D
                                2.34           1.62 f        -0.71  (VIOLATED)
   u_interleaver/q_temp_reg[26]/D
                                2.34           1.62 f        -0.71  (VIOLATED)
   u_interleaver/q_temp_reg[27]/D
                                2.34           1.62 f        -0.71  (VIOLATED)
   u_dqpsk/s_imag_d_reg[1][1]/D
                                2.34           1.64 f        -0.70  (VIOLATED)
   u_dqpsk/s_imag_d_reg[2][1]/D
                                2.34           1.64 f        -0.70  (VIOLATED)
   u_dqpsk/s_real_d_reg[1][1]/D
                                2.34           1.64 f        -0.70  (VIOLATED)
   u_dqpsk/s_real_d_reg[2][1]/D
                                2.34           1.64 f        -0.70  (VIOLATED)
   u_demux/i_temp_reg/D         2.34           1.67 f        -0.66  (VIOLATED)
   u_dqpsk/s_imag_d_reg[1][0]/D
                                2.32           1.65 f        -0.66  (VIOLATED)
   u_dqpsk/s_imag_d_reg[2][0]/D
                                2.32           1.65 f        -0.66  (VIOLATED)
   u_dqpsk/s_real_d_reg[1][0]/D
                                2.32           1.65 f        -0.66  (VIOLATED)
   u_dqpsk/s_real_d_reg[2][0]/D
                                2.32           1.65 f        -0.66  (VIOLATED)
   u_zero_padding/padding_total_reg[2]/D
                                2.34           1.69 f        -0.65  (VIOLATED)
   u_demux/i_bit_reg/D          2.34           1.69 f        -0.65  (VIOLATED)
   u_dqpsk/s_real_d_reg[3][1]/D
                                2.34           1.69 f        -0.65  (VIOLATED)
   u_dqpsk/s_imag_d_reg[3][1]/D
                                2.34           1.69 f        -0.65  (VIOLATED)
   u_dqpsk/s_imag_d_reg[0][1]/D
                                2.34           1.69 f        -0.65  (VIOLATED)
   u_dqpsk/s_real_d_reg[0][1]/D
                                2.34           1.69 f        -0.65  (VIOLATED)
   u_zero_padding/total_data_bits_reg[3]/D
                                2.34           1.71 f        -0.62  (VIOLATED)
   u_zero_padding/total_data_bits_reg[4]/D
                                2.34           1.71 f        -0.62  (VIOLATED)
   u_zero_padding/total_data_bits_reg[5]/D
                                2.34           1.71 f        -0.62  (VIOLATED)
   u_zero_padding/total_data_bits_reg[6]/D
                                2.34           1.71 f        -0.62  (VIOLATED)
   u_zero_padding/total_data_bits_reg[7]/D
                                2.34           1.71 f        -0.62  (VIOLATED)
   u_zero_padding/total_data_bits_reg[8]/D
                                2.34           1.71 f        -0.62  (VIOLATED)
   u_zero_padding/total_data_bits_reg[9]/D
                                2.34           1.71 f        -0.62  (VIOLATED)
   u_zero_padding/total_data_bits_reg[10]/D
                                2.34           1.71 f        -0.62  (VIOLATED)
   u_zero_padding/total_data_bits_reg[2]/D
                                2.34           1.73 f        -0.62  (VIOLATED)
   u_dqpsk/s_real_d_reg[3][0]/D
                                2.32           1.70 f        -0.61  (VIOLATED)
   u_dqpsk/s_imag_d_reg[3][0]/D
                                2.32           1.71 f        -0.61  (VIOLATED)
   u_dqpsk/s_real_d_reg[0][0]/D
                                2.32           1.71 f        -0.61  (VIOLATED)
   u_dqpsk/s_imag_d_reg[0][0]/D
                                2.32           1.71 f        -0.61  (VIOLATED)
   u_interleaver/wait_second_reg/D
                                2.33           1.73 f        -0.60  (VIOLATED)
   u_zero_padding/total_data_bits_reg[11]/D
                                2.34           1.75 f        -0.59  (VIOLATED)
   u_zero_padding/data_bit_count_reg[15]/D
                                2.34           1.78 f        -0.56  (VIOLATED)
   u_symbol_mapper/bit_cnt_reg[2]/D
                                2.34           1.79 f        -0.56  (VIOLATED)
   u_zero_padding/data_bit_count_reg[2]/D
                                2.34           1.79 f        -0.54  (VIOLATED)
   u_zero_padding/data_bit_count_reg[11]/D
                                2.34           1.79 f        -0.54  (VIOLATED)
   u_zero_padding/data_bit_count_reg[3]/D
                                2.34           1.79 f        -0.54  (VIOLATED)
   u_zero_padding/data_bit_count_reg[4]/D
                                2.34           1.79 f        -0.54  (VIOLATED)
   u_zero_padding/data_bit_count_reg[5]/D
                                2.34           1.79 f        -0.54  (VIOLATED)
   u_zero_padding/data_bit_count_reg[6]/D
                                2.34           1.79 f        -0.54  (VIOLATED)
   u_zero_padding/data_bit_count_reg[7]/D
                                2.34           1.79 f        -0.54  (VIOLATED)
   u_zero_padding/data_bit_count_reg[8]/D
                                2.34           1.79 f        -0.54  (VIOLATED)
   u_zero_padding/data_bit_count_reg[9]/D
                                2.34           1.79 f        -0.54  (VIOLATED)
   u_zero_padding/data_bit_count_reg[10]/D
                                2.34           1.79 f        -0.54  (VIOLATED)
   u_zero_padding/data_bit_count_reg[14]/D
                                2.34           1.79 f        -0.54  (VIOLATED)
   u_zero_padding/data_bit_count_reg[12]/D
                                2.34           1.79 f        -0.54  (VIOLATED)
   u_zero_padding/data_bit_count_reg[13]/D
                                2.34           1.79 f        -0.54  (VIOLATED)
   u_zero_padding/data_bit_count_reg[1]/D
                                2.34           1.79 f        -0.54  (VIOLATED)
   u_interleaver/q_out_reg[0]/D
                                2.33           1.80 f        -0.53  (VIOLATED)
   u_interleaver/q_out_reg[1]/D
                                2.33           1.80 f        -0.53  (VIOLATED)
   u_interleaver/q_out_reg[2]/D
                                2.33           1.80 f        -0.53  (VIOLATED)
   u_interleaver/q_out_reg[3]/D
                                2.33           1.80 f        -0.53  (VIOLATED)
   u_interleaver/i_out_reg[0]/D
                                2.33           1.80 f        -0.53  (VIOLATED)
   u_interleaver/i_out_reg[1]/D
                                2.33           1.80 f        -0.53  (VIOLATED)
   u_interleaver/i_out_reg[2]/D
                                2.33           1.80 f        -0.53  (VIOLATED)
   u_interleaver/i_out_reg[3]/D
                                2.33           1.80 f        -0.53  (VIOLATED)
   u_interleaver/i_out_reg[8]/D
                                2.33           1.80 f        -0.53  (VIOLATED)
   u_interleaver/i_out_reg[9]/D
                                2.33           1.80 f        -0.53  (VIOLATED)
   u_interleaver/i_out_reg[10]/D
                                2.33           1.80 f        -0.53  (VIOLATED)
   u_interleaver/i_out_reg[11]/D
                                2.33           1.80 f        -0.53  (VIOLATED)
   u_interleaver/i_out_reg[16]/D
                                2.33           1.80 f        -0.53  (VIOLATED)
   u_interleaver/i_out_reg[17]/D
                                2.33           1.80 f        -0.53  (VIOLATED)
   u_interleaver/i_out_reg[18]/D
                                2.33           1.80 f        -0.53  (VIOLATED)
   u_interleaver/i_out_reg[19]/D
                                2.33           1.80 f        -0.53  (VIOLATED)
   u_interleaver/i_out_reg[24]/D
                                2.33           1.80 f        -0.53  (VIOLATED)
   u_interleaver/i_out_reg[25]/D
                                2.33           1.80 f        -0.53  (VIOLATED)
   u_interleaver/i_out_reg[26]/D
                                2.33           1.80 f        -0.53  (VIOLATED)
   u_interleaver/i_out_reg[27]/D
                                2.33           1.80 f        -0.53  (VIOLATED)
   u_interleaver/q_out_reg[8]/D
                                2.33           1.80 f        -0.53  (VIOLATED)
   u_interleaver/q_out_reg[9]/D
                                2.33           1.80 f        -0.53  (VIOLATED)
   u_interleaver/q_out_reg[10]/D
                                2.33           1.80 f        -0.53  (VIOLATED)
   u_interleaver/q_out_reg[11]/D
                                2.33           1.80 f        -0.53  (VIOLATED)
   u_interleaver/q_out_reg[16]/D
                                2.33           1.80 f        -0.53  (VIOLATED)
   u_interleaver/q_out_reg[17]/D
                                2.33           1.80 f        -0.53  (VIOLATED)
   u_interleaver/q_out_reg[18]/D
                                2.33           1.80 f        -0.53  (VIOLATED)
   u_interleaver/q_out_reg[19]/D
                                2.33           1.80 f        -0.53  (VIOLATED)
   u_interleaver/q_out_reg[24]/D
                                2.33           1.80 f        -0.53  (VIOLATED)
   u_interleaver/q_out_reg[25]/D
                                2.33           1.80 f        -0.53  (VIOLATED)
   u_interleaver/q_out_reg[26]/D
                                2.33           1.80 f        -0.53  (VIOLATED)
   u_interleaver/q_out_reg[27]/D
                                2.33           1.80 f        -0.53  (VIOLATED)
   u_demux/toggle_reg/D         2.33           1.95 f        -0.39  (VIOLATED)
   u_qpsk/x_real_reg[0]/D       2.33           1.98 f        -0.36  (VIOLATED)
   u_csk_sequencer/gap_counter_reg[6]/D
                                2.33           1.99 f        -0.34  (VIOLATED)
   u_zero_padding/padding_total_reg[1]/D
                                2.34           2.00 f        -0.34  (VIOLATED)
   u_zero_padding/state_reg[0]/D
                                2.34           2.02 f        -0.32  (VIOLATED)
   u_zero_padding/done_padding_reg/D
                                2.35           2.06 f        -0.29  (VIOLATED)
   u_zero_padding/data_bit_count_reg[0]/D
                                2.34           2.08 f        -0.25  (VIOLATED)
   u_csk_sequencer/state_reg[1]/D
                                2.34           2.08 f        -0.25  (VIOLATED)
   u_form_ppdu/q_fifo_reg[6][28]/D
                                2.38           2.14 f        -0.24  (VIOLATED)
   u_form_ppdu/q_fifo_reg[6][31]/D
                                2.38           2.14 f        -0.24  (VIOLATED)
   u_form_ppdu/q_fifo_reg[9][13]/D
                                2.38           2.14 f        -0.24  (VIOLATED)
   u_form_ppdu/q_fifo_reg[9][42]/D
                                2.38           2.14 f        -0.24  (VIOLATED)
   u_zero_padding/state_reg[1]/D
                                2.34           2.13 f        -0.21  (VIOLATED)
   u_csk_sequencer/even_odd_reg/D
                                2.33           2.14 f        -0.19  (VIOLATED)
   csk_finished_reg/D           2.34           2.15 f        -0.19  (VIOLATED)
   csk_running_reg/D            2.34           2.21 f        -0.13  (VIOLATED)
   u_csk_sequencer/group_count_reg[10]/D
                                2.34           2.21 f        -0.13  (VIOLATED)
   u_zero_padding/padding_count_reg[5]/D
                                2.34           2.21 f        -0.13  (VIOLATED)
   u_symbol_mapper/bit_cnt_reg[0]/D
                                2.34           2.23 f        -0.11  (VIOLATED)
   u_csk_sequencer/group_count_reg[1]/D
                                2.34           2.26 f        -0.07  (VIOLATED)
   u_csk_sequencer/group_count_reg[2]/D
                                2.34           2.26 f        -0.07  (VIOLATED)
   u_csk_sequencer/group_count_reg[3]/D
                                2.34           2.26 f        -0.07  (VIOLATED)
   u_csk_sequencer/group_count_reg[4]/D
                                2.34           2.26 f        -0.07  (VIOLATED)
   u_csk_sequencer/group_count_reg[5]/D
                                2.34           2.26 f        -0.07  (VIOLATED)
   u_csk_sequencer/group_count_reg[6]/D
                                2.34           2.26 f        -0.07  (VIOLATED)
   u_csk_sequencer/group_count_reg[7]/D
                                2.34           2.26 f        -0.07  (VIOLATED)
   u_csk_sequencer/group_count_reg[8]/D
                                2.34           2.26 f        -0.07  (VIOLATED)
   u_csk_sequencer/group_count_reg[9]/D
                                2.34           2.26 f        -0.07  (VIOLATED)
   u_zero_padding/padding_count_reg[1]/D
                                2.34           2.26 f        -0.07  (VIOLATED)
   u_zero_padding/padding_count_reg[2]/D
                                2.34           2.26 f        -0.07  (VIOLATED)
   u_zero_padding/padding_count_reg[3]/D
                                2.34           2.26 f        -0.07  (VIOLATED)
   u_zero_padding/padding_count_reg[4]/D
                                2.34           2.26 f        -0.07  (VIOLATED)


1
