 
****************************************
Report : timing
        -path full
        -delay min
        -max_paths 10
Design : css_phy_tx_top
Version: O-2018.06-SP1
Date   : Fri Sep 18 00:44:47 2026
****************************************

 # A fanout number of 1000 was used for high fanout net computations.

Operating Conditions: WORST   Library: saed90nm_max
Wire Load Model Mode: enclosed

  Startpoint: u_csk_sequencer/sample_index_reg[0]
              (rising edge-triggered flip-flop clocked by CLK)
  Endpoint: u_csk_sequencer/sample_index_reg[0]
            (rising edge-triggered flip-flop clocked by CLK)
  Path Group: CLK
  Path Type: min

  Des/Clust/Port     Wire Load Model       Library
  ------------------------------------------------
  css_phy_tx_top     540000                saed90nm_max
  csk_sequencer      8000                  saed90nm_max

  Point                                                   Incr       Path
  --------------------------------------------------------------------------
  clock CLK (rise edge)                                   0.00       0.00
  clock network delay (ideal)                             0.00       0.00
  u_csk_sequencer/sample_index_reg[0]/CLK (DFFARX1)       0.00 #     0.00 r
  u_csk_sequencer/sample_index_reg[0]/QN (DFFARX1)        0.90       0.90 f
  u_csk_sequencer/U51/Q (AO22X1)                          0.29       1.19 f
  u_csk_sequencer/sample_index_reg[0]/D (DFFARX1)         0.03       1.22 f
  data arrival time                                                  1.22

  clock CLK (rise edge)                                   0.00       0.00
  clock network delay (ideal)                             0.00       0.00
  clock uncertainty                                       2.00       2.00
  u_csk_sequencer/sample_index_reg[0]/CLK (DFFARX1)       0.00       2.00 r
  library hold time                                       0.34       2.34
  data required time                                                 2.34
  --------------------------------------------------------------------------
  data required time                                                 2.34
  data arrival time                                                 -1.22
  --------------------------------------------------------------------------
  slack (VIOLATED)                                                  -1.11


  Startpoint: u_csk_sequencer/gap_counter_reg[0]
              (rising edge-triggered flip-flop clocked by CLK)
  Endpoint: u_csk_sequencer/gap_counter_reg[0]
            (rising edge-triggered flip-flop clocked by CLK)
  Path Group: CLK
  Path Type: min

  Des/Clust/Port     Wire Load Model       Library
  ------------------------------------------------
  css_phy_tx_top     540000                saed90nm_max
  csk_sequencer      8000                  saed90nm_max

  Point                                                   Incr       Path
  --------------------------------------------------------------------------
  clock CLK (rise edge)                                   0.00       0.00
  clock network delay (ideal)                             0.00       0.00
  u_csk_sequencer/gap_counter_reg[0]/CLK (DFFARX1)        0.00 #     0.00 r
  u_csk_sequencer/gap_counter_reg[0]/QN (DFFARX1)         0.90       0.90 f
  u_csk_sequencer/U62/Q (AO22X1)                          0.29       1.19 f
  u_csk_sequencer/gap_counter_reg[0]/D (DFFARX1)          0.03       1.22 f
  data arrival time                                                  1.22

  clock CLK (rise edge)                                   0.00       0.00
  clock network delay (ideal)                             0.00       0.00
  clock uncertainty                                       2.00       2.00
  u_csk_sequencer/gap_counter_reg[0]/CLK (DFFARX1)        0.00       2.00 r
  library hold time                                       0.34       2.34
  data required time                                                 2.34
  --------------------------------------------------------------------------
  data required time                                                 2.34
  data arrival time                                                 -1.22
  --------------------------------------------------------------------------
  slack (VIOLATED)                                                  -1.11


  Startpoint: u_zero_padding/padding_count_reg[0]
              (rising edge-triggered flip-flop clocked by CLK)
  Endpoint: u_zero_padding/padding_count_reg[0]
            (rising edge-triggered flip-flop clocked by CLK)
  Path Group: CLK
  Path Type: min

  Des/Clust/Port     Wire Load Model       Library
  ------------------------------------------------
  css_phy_tx_top     540000                saed90nm_max
  zero_padding       8000                  saed90nm_max

  Point                                                   Incr       Path
  --------------------------------------------------------------------------
  clock CLK (rise edge)                                   0.00       0.00
  clock network delay (ideal)                             0.00       0.00
  u_zero_padding/padding_count_reg[0]/CLK (DFFARX1)       0.00 #     0.00 r
  u_zero_padding/padding_count_reg[0]/QN (DFFARX1)        0.91       0.91 f
  u_zero_padding/U46/Q (AO22X1)                           0.44       1.35 f
  u_zero_padding/padding_count_reg[0]/D (DFFARX1)         0.03       1.39 f
  data arrival time                                                  1.39

  clock CLK (rise edge)                                   0.00       0.00
  clock network delay (ideal)                             0.00       0.00
  clock uncertainty                                       2.00       2.00
  u_zero_padding/padding_count_reg[0]/CLK (DFFARX1)       0.00       2.00 r
  library hold time                                       0.34       2.34
  data required time                                                 2.34
  --------------------------------------------------------------------------
  data required time                                                 2.34
  data arrival time                                                 -1.39
  --------------------------------------------------------------------------
  slack (VIOLATED)                                                  -0.95


  Startpoint: u_zero_padding/padding_total_reg[5]
              (rising edge-triggered flip-flop clocked by CLK)
  Endpoint: u_zero_padding/padding_total_reg[5]
            (rising edge-triggered flip-flop clocked by CLK)
  Path Group: CLK
  Path Type: min

  Des/Clust/Port     Wire Load Model       Library
  ------------------------------------------------
  css_phy_tx_top     540000                saed90nm_max
  zero_padding       8000                  saed90nm_max

  Point                                                   Incr       Path
  --------------------------------------------------------------------------
  clock CLK (rise edge)                                   0.00       0.00
  clock network delay (ideal)                             0.00       0.00
  u_zero_padding/padding_total_reg[5]/CLK (DFFARX1)       0.00 #     0.00 r
  u_zero_padding/padding_total_reg[5]/Q (DFFARX1)         1.19       1.19 f
  u_zero_padding/U152/Q (AO22X1)                          0.27       1.46 f
  u_zero_padding/padding_total_reg[5]/D (DFFARX1)         0.03       1.50 f
  data arrival time                                                  1.50

  clock CLK (rise edge)                                   0.00       0.00
  clock network delay (ideal)                             0.00       0.00
  clock uncertainty                                       2.00       2.00
  u_zero_padding/padding_total_reg[5]/CLK (DFFARX1)       0.00       2.00 r
  library hold time                                       0.34       2.34
  data required time                                                 2.34
  --------------------------------------------------------------------------
  data required time                                                 2.34
  data arrival time                                                 -1.50
  --------------------------------------------------------------------------
  slack (VIOLATED)                                                  -0.84


  Startpoint: u_zero_padding/padding_total_reg[4]
              (rising edge-triggered flip-flop clocked by CLK)
  Endpoint: u_zero_padding/padding_total_reg[4]
            (rising edge-triggered flip-flop clocked by CLK)
  Path Group: CLK
  Path Type: min

  Des/Clust/Port     Wire Load Model       Library
  ------------------------------------------------
  css_phy_tx_top     540000                saed90nm_max
  zero_padding       8000                  saed90nm_max

  Point                                                   Incr       Path
  --------------------------------------------------------------------------
  clock CLK (rise edge)                                   0.00       0.00
  clock network delay (ideal)                             0.00       0.00
  u_zero_padding/padding_total_reg[4]/CLK (DFFARX1)       0.00 #     0.00 r
  u_zero_padding/padding_total_reg[4]/Q (DFFARX1)         1.20       1.20 f
  u_zero_padding/U70/QN (NAND2X1)                         0.14       1.33 r
  u_zero_padding/U69/QN (NAND2X1)                         0.15       1.49 f
  u_zero_padding/padding_total_reg[4]/D (DFFARX1)         0.03       1.52 f
  data arrival time                                                  1.52

  clock CLK (rise edge)                                   0.00       0.00
  clock network delay (ideal)                             0.00       0.00
  clock uncertainty                                       2.00       2.00
  u_zero_padding/padding_total_reg[4]/CLK (DFFARX1)       0.00       2.00 r
  library hold time                                       0.34       2.34
  data required time                                                 2.34
  --------------------------------------------------------------------------
  data required time                                                 2.34
  data arrival time                                                 -1.52
  --------------------------------------------------------------------------
  slack (VIOLATED)                                                  -0.82


  Startpoint: u_zero_padding/padding_total_reg[3]
              (rising edge-triggered flip-flop clocked by CLK)
  Endpoint: u_zero_padding/padding_total_reg[3]
            (rising edge-triggered flip-flop clocked by CLK)
  Path Group: CLK
  Path Type: min

  Des/Clust/Port     Wire Load Model       Library
  ------------------------------------------------
  css_phy_tx_top     540000                saed90nm_max
  zero_padding       8000                  saed90nm_max

  Point                                                   Incr       Path
  --------------------------------------------------------------------------
  clock CLK (rise edge)                                   0.00       0.00
  clock network delay (ideal)                             0.00       0.00
  u_zero_padding/padding_total_reg[3]/CLK (DFFARX1)       0.00 #     0.00 r
  u_zero_padding/padding_total_reg[3]/Q (DFFARX1)         1.20       1.20 f
  u_zero_padding/U73/QN (NAND2X1)                         0.14       1.33 r
  u_zero_padding/U72/QN (NAND2X1)                         0.15       1.49 f
  u_zero_padding/padding_total_reg[3]/D (DFFARX1)         0.03       1.52 f
  data arrival time                                                  1.52

  clock CLK (rise edge)                                   0.00       0.00
  clock network delay (ideal)                             0.00       0.00
  clock uncertainty                                       2.00       2.00
  u_zero_padding/padding_total_reg[3]/CLK (DFFARX1)       0.00       2.00 r
  library hold time                                       0.34       2.34
  data required time                                                 2.34
  --------------------------------------------------------------------------
  data required time                                                 2.34
  data arrival time                                                 -1.52
  --------------------------------------------------------------------------
  slack (VIOLATED)                                                  -0.82


  Startpoint: u_csk_sequencer/csk_sample_valid_reg
              (rising edge-triggered flip-flop clocked by CLK)
  Endpoint: csk_valid_d1_reg
            (rising edge-triggered flip-flop clocked by CLK)
  Path Group: CLK
  Path Type: min

  Des/Clust/Port     Wire Load Model       Library
  ------------------------------------------------
  css_phy_tx_top     540000                saed90nm_max

  Point                                                   Incr       Path
  --------------------------------------------------------------------------
  clock CLK (rise edge)                                   0.00       0.00
  clock network delay (ideal)                             0.00       0.00
  u_csk_sequencer/csk_sample_valid_reg/CLK (DFFARX1)      0.00 #     0.00 r
  u_csk_sequencer/csk_sample_valid_reg/Q (DFFARX1)        1.19       1.19 f
  u_csk_sequencer/csk_sample_valid (csk_sequencer)        0.00       1.19 f
  csk_valid_d1_reg/D (DFFARX1)                            0.35       1.54 f
  data arrival time                                                  1.54

  clock CLK (rise edge)                                   0.00       0.00
  clock network delay (ideal)                             0.00       0.00
  clock uncertainty                                       2.00       2.00
  csk_valid_d1_reg/CLK (DFFARX1)                          0.00       2.00 r
  library hold time                                       0.34       2.34
  data required time                                                 2.34
  --------------------------------------------------------------------------
  data required time                                                 2.34
  data arrival time                                                 -1.54
  --------------------------------------------------------------------------
  slack (VIOLATED)                                                  -0.80


  Startpoint: csk_valid_d1_reg
              (rising edge-triggered flip-flop clocked by CLK)
  Endpoint: csk_valid_d2_reg
            (rising edge-triggered flip-flop clocked by CLK)
  Path Group: CLK
  Path Type: min

  Des/Clust/Port     Wire Load Model       Library
  ------------------------------------------------
  css_phy_tx_top     540000                saed90nm_max

  Point                                    Incr       Path
  -----------------------------------------------------------
  clock CLK (rise edge)                    0.00       0.00
  clock network delay (ideal)              0.00       0.00
  csk_valid_d1_reg/CLK (DFFARX1)           0.00 #     0.00 r
  csk_valid_d1_reg/Q (DFFARX1)             1.19       1.19 f
  csk_valid_d2_reg/D (DFFARX1)             0.35       1.54 f
  data arrival time                                   1.54

  clock CLK (rise edge)                    0.00       0.00
  clock network delay (ideal)              0.00       0.00
  clock uncertainty                        2.00       2.00
  csk_valid_d2_reg/CLK (DFFARX1)           0.00       2.00 r
  library hold time                        0.34       2.34
  data required time                                  2.34
  -----------------------------------------------------------
  data required time                                  2.34
  data arrival time                                  -1.54
  -----------------------------------------------------------
  slack (VIOLATED)                                   -0.80


  Startpoint: u_interleaver/i_temp_reg[21]
              (rising edge-triggered flip-flop clocked by CLK)
  Endpoint: u_interleaver/i_out_reg[37]
            (rising edge-triggered flip-flop clocked by CLK)
  Path Group: CLK
  Path Type: min

  Des/Clust/Port     Wire Load Model       Library
  ------------------------------------------------
  css_phy_tx_top     540000                saed90nm_max
  bit_interleaver    16000                 saed90nm_max

  Point                                                   Incr       Path
  --------------------------------------------------------------------------
  clock CLK (rise edge)                                   0.00       0.00
  clock network delay (ideal)                             0.00       0.00
  u_interleaver/i_temp_reg[21]/CLK (DFFARX1)              0.00 #     0.00 r
  u_interleaver/i_temp_reg[21]/Q (DFFARX1)                1.20       1.20 f
  u_interleaver/U143/Q (AO22X1)                           0.39       1.59 f
  u_interleaver/i_out_reg[37]/D (DFFARX1)                 0.03       1.62 f
  data arrival time                                                  1.62

  clock CLK (rise edge)                                   0.00       0.00
  clock network delay (ideal)                             0.00       0.00
  clock uncertainty                                       2.00       2.00
  u_interleaver/i_out_reg[37]/CLK (DFFARX1)               0.00       2.00 r
  library hold time                                       0.34       2.34
  data required time                                                 2.34
  --------------------------------------------------------------------------
  data required time                                                 2.34
  data arrival time                                                 -1.62
  --------------------------------------------------------------------------
  slack (VIOLATED)                                                  -0.72


  Startpoint: u_interleaver/i_temp_reg[20]
              (rising edge-triggered flip-flop clocked by CLK)
  Endpoint: u_interleaver/i_out_reg[36]
            (rising edge-triggered flip-flop clocked by CLK)
  Path Group: CLK
  Path Type: min

  Des/Clust/Port     Wire Load Model       Library
  ------------------------------------------------
  css_phy_tx_top     540000                saed90nm_max
  bit_interleaver    16000                 saed90nm_max

  Point                                                   Incr       Path
  --------------------------------------------------------------------------
  clock CLK (rise edge)                                   0.00       0.00
  clock network delay (ideal)                             0.00       0.00
  u_interleaver/i_temp_reg[20]/CLK (DFFARX1)              0.00 #     0.00 r
  u_interleaver/i_temp_reg[20]/Q (DFFARX1)                1.20       1.20 f
  u_interleaver/U142/Q (AO22X1)                           0.39       1.59 f
  u_interleaver/i_out_reg[36]/D (DFFARX1)                 0.03       1.62 f
  data arrival time                                                  1.62

  clock CLK (rise edge)                                   0.00       0.00
  clock network delay (ideal)                             0.00       0.00
  clock uncertainty                                       2.00       2.00
  u_interleaver/i_out_reg[36]/CLK (DFFARX1)               0.00       2.00 r
  library hold time                                       0.34       2.34
  data required time                                                 2.34
  --------------------------------------------------------------------------
  data required time                                                 2.34
  data arrival time                                                 -1.62
  --------------------------------------------------------------------------
  slack (VIOLATED)                                                  -0.72


1
