Loading db file '/mnt/hgfs/Shared_Folder/Zigbee-CSS-PHY-Transmitter-main/std_cells/saed90nm_max.db'
Information: Propagating switching activity (low effort zero delay simulation). (PWR-6)
Warning: Design has unannotated primary inputs. (PWR-414)
Warning: Design has unannotated sequential cell outputs. (PWR-415)
 
****************************************
Report : power
        -hier
        -analysis_effort low
Design : css_phy_tx_top
Version: O-2018.06-SP1
Date   : Fri Sep 18 00:44:52 2026
****************************************


Library(s) Used:

    saed90nm_max (File: /mnt/hgfs/Shared_Folder/Zigbee-CSS-PHY-Transmitter-main/std_cells/saed90nm_max.db)


Operating Conditions: WORST   Library: saed90nm_max
Wire Load Model Mode: enclosed

Design        Wire Load Model            Library
------------------------------------------------
css_phy_tx_top         540000            saed90nm_max
mux2X1_0               ForQA             saed90nm_max
controller             70000             saed90nm_max
zero_padding           8000              saed90nm_max
demux_iq               8000              saed90nm_max
symbol_mapper          8000              saed90nm_max
bit_interleaver        16000             saed90nm_max
form_ppdu              280000            saed90nm_max
qpsk_mapper            8000              saed90nm_max
dqpsk_encoder          8000              saed90nm_max
csk_sequencer          8000              saed90nm_max
csk_waveform_selector  ForQA             saed90nm_max
csk_waveform_rom       8000              saed90nm_max
dqpsk_csk_multiplier   8000              saed90nm_max
mux2X1_1               ForQA             saed90nm_max
css_phy_tx_top_DW01_inc_0
                       ForQA             saed90nm_max
css_phy_tx_top_DW01_inc_1
                       ForQA             saed90nm_max
css_phy_tx_top_DW_div_uns_0
                       8000              saed90nm_max
css_phy_tx_top_DW_div_uns_1
                       8000              saed90nm_max
css_phy_tx_top_DW_div_uns_2
                       8000              saed90nm_max
css_phy_tx_top_DW_div_uns_3
                       8000              saed90nm_max
css_phy_tx_top_DW01_inc_2
                       ForQA             saed90nm_max
dqpsk_csk_multiplier_DW01_add_0
                       8000              saed90nm_max
dqpsk_csk_multiplier_DW01_sub_0
                       8000              saed90nm_max
csk_sequencer_DW01_inc_1
                       ForQA             saed90nm_max
csk_sequencer_DW01_inc_2
                       ForQA             saed90nm_max
form_ppdu_DW01_inc_0   ForQA             saed90nm_max
form_ppdu_DW01_inc_1   ForQA             saed90nm_max
zero_padding_DW_div_uns_0
                       8000              saed90nm_max
zero_padding_DW_div_uns_1
                       8000              saed90nm_max
zero_padding_DW01_inc_2
                       8000              saed90nm_max
zero_padding_DW_div_uns_3
                       8000              saed90nm_max
controller_DW01_inc_0  ForQA             saed90nm_max
controller_DW01_inc_1  ForQA             saed90nm_max
controller_DW01_inc_2  ForQA             saed90nm_max
controller_DW_div_uns_0
                       8000              saed90nm_max
controller_DW_div_uns_1
                       8000              saed90nm_max
controller_DW_div_uns_2
                       8000              saed90nm_max
controller_DW_div_uns_3
                       8000              saed90nm_max


Global Operating Voltage = 0.7  
Power-specific unit information :
    Voltage Units = 1V
    Capacitance Units = 1.000000ff
    Time Units = 1ns
    Dynamic Power Units = 1uW    (derived from V,C,T units)
    Leakage Power Units = 1pW


--------------------------------------------------------------------------------
                                       Switch   Int      Leak     Total
Hierarchy                              Power    Power    Power    Power    %
--------------------------------------------------------------------------------
css_phy_tx_top                            0.342    1.468 1.72e+09 1.73e+03 100.0
  add_344 (css_phy_tx_top_DW01_inc_2)  5.17e-05 3.26e-04 7.38e+05    0.739   0.0
  rem_302 (css_phy_tx_top_DW_div_uns_3)
                                       1.56e-02 5.14e-02 2.55e+06    2.617   0.2
  rem_301 (css_phy_tx_top_DW_div_uns_2)
                                       1.23e-02 4.35e-02 1.91e+06    1.966   0.1
  div_313 (css_phy_tx_top_DW_div_uns_1)
                                       1.74e-02 5.64e-02 2.72e+06    2.795   0.2
  div_310 (css_phy_tx_top_DW_div_uns_0)
                                       1.11e-02 4.21e-02 1.95e+06    2.003   0.1
  r112 (css_phy_tx_top_DW01_inc_1)     7.76e-05 7.18e-04 7.89e+05    0.790   0.0
  add_451 (css_phy_tx_top_DW01_inc_0)  5.75e-07 3.19e-06 7.89e+05    0.789   0.0
  u_dqpsk_csk_multiplier (dqpsk_csk_multiplier)
                                       7.20e-05 2.33e-04 6.16e+06    6.161   0.4
    sub_38 (dqpsk_csk_multiplier_DW01_sub_0)
                                       1.22e-05 2.84e-05 8.44e+05    0.844   0.0
    add_39 (dqpsk_csk_multiplier_DW01_add_0)
                                       5.64e-06 4.63e-05 7.17e+05    0.717   0.0
  u_csk_rom (csk_waveform_rom)         5.13e-05 5.75e-05 4.46e+06    4.464   0.3
  u_csk_selector (csk_waveform_selector)
                                          0.000    0.000 3.17e+05    0.317   0.0
  u_csk_sequencer (csk_sequencer)      2.63e-03 4.42e-03 7.87e+06    7.881   0.5
    add_81 (csk_sequencer_DW01_inc_2)  2.44e-07      N/A 7.89e+05    0.789   0.0
    r98 (csk_sequencer_DW01_inc_1)     1.92e-07      N/A 7.89e+05    0.789   0.0
  u_dqpsk (dqpsk_encoder)              5.37e-04 6.94e-04 3.02e+06    3.018   0.2
  u_qpsk (qpsk_mapper)                 2.36e-04 2.79e-04 6.52e+05    0.652   0.0
  u_form_ppdu (form_ppdu)              1.64e-02 3.58e-02 6.95e+08  694.923  40.3
    r113 (form_ppdu_DW01_inc_1)        1.34e-04 1.22e-03 8.71e+05    0.872   0.1
    r114 (form_ppdu_DW01_inc_0)        1.92e-07      N/A 8.70e+05    0.870   0.1
  u_interleaver (bit_interleaver)      1.09e-03 1.25e-03 2.64e+07   26.434   1.5
  u_symbol_mapper (symbol_mapper)      5.20e-03 8.22e-03 2.07e+07   20.763   1.2
  u_demux (demux_iq)                   8.79e-04 2.13e-03 7.19e+05    0.722   0.0
  u_zero_padding (zero_padding)        5.12e-02    0.166 1.73e+07   17.519   1.0
    rem_59 (zero_padding_DW_div_uns_3) 1.19e-02 4.39e-02 2.01e+06    2.067   0.1
    r106 (zero_padding_DW01_inc_2)     2.31e-04 1.21e-03 1.20e+06    1.199   0.1
    rem_61 (zero_padding_DW_div_uns_1) 1.19e-02 4.39e-02 2.01e+06    2.067   0.1
    rem_67 (zero_padding_DW_div_uns_0) 1.46e-02 4.64e-02 2.48e+06    2.539   0.1
  u_controller (controller)               0.166    0.868 1.96e+08  196.996  11.4
    rem_101 (controller_DW_div_uns_3)  1.14e-02 4.23e-02 1.79e+06    1.848   0.1
    rem_102 (controller_DW_div_uns_2)  1.63e-02 4.55e-02 2.29e+06    2.348   0.1
    div_108 (controller_DW_div_uns_1)  1.12e-02 4.13e-02 1.90e+06    1.949   0.1
    div_109 (controller_DW_div_uns_0)  1.83e-02 4.67e-02 2.15e+06    2.215   0.1
    add_159 (controller_DW01_inc_2)    1.38e-04 8.57e-04 9.52e+05    0.953   0.1
    add_164 (controller_DW01_inc_1)    9.31e-05 8.56e-04 9.52e+05    0.953   0.1
    add_189 (controller_DW01_inc_0)    1.60e-04 1.45e-03 7.89e+05    0.791   0.0
  rst_mux (mux2X1_1)                      0.000 5.28e-04 5.81e+04 5.86e-02   0.0
  clk_mux (mux2X1_0)                      0.000 3.05e-03 5.81e+04 6.12e-02   0.0
1
