 
****************************************
Report : timing
        -path full
        -delay max
        -max_paths 10
Design : css_phy_tx_top
Version: O-2018.06-SP1
Date   : Fri Sep 18 00:44:47 2026
****************************************

 # A fanout number of 1000 was used for high fanout net computations.

Operating Conditions: WORST   Library: saed90nm_max
Wire Load Model Mode: enclosed

  Startpoint: payloadLength[3]
              (input port clocked by CLK)
  Endpoint: csk_start_pending_reg
            (rising edge-triggered flip-flop clocked by CLK)
  Path Group: CLK
  Path Type: max

  Des/Clust/Port     Wire Load Model       Library
  ------------------------------------------------
  css_phy_tx_top     540000                saed90nm_max
  css_phy_tx_top_DW_div_uns_3
                     8000                  saed90nm_max
  css_phy_tx_top_DW_div_uns_1
                     8000                  saed90nm_max

  Point                                                   Incr       Path
  --------------------------------------------------------------------------
  clock CLK (rise edge)                                   0.00       0.00
  clock network delay (ideal)                             0.00       0.00
  input external delay                                  300.00     300.00 r
  payloadLength[3] (in)                                   0.08     300.08 r
  U12533/Q (XOR2X2)                                      77.17     377.24 r
  rem_302/a[6] (css_phy_tx_top_DW_div_uns_3)              0.00     377.24 r
  rem_302/U45/ZN (INVX0)                                 46.67     423.92 f
  rem_302/U46/ZN (INVX0)                                  0.13     424.05 r
  rem_302/U6/Q (MUX21X1)                                  0.50     424.55 r
  rem_302/U54/Q (MUX21X1)                                 0.53     425.07 r
  rem_302/U27/Q (AND2X1)                                  1.23     426.30 r
  rem_302/U22/Q (OR2X2)                                   0.26     426.56 r
  rem_302/U55/Q (MUX21X1)                                 1.91     428.47 r
  rem_302/U25/Q (AND2X1)                                  1.23     429.69 r
  rem_302/U8/Q (OR2X1)                                    0.27     429.96 r
  rem_302/U57/Q (MUX21X1)                                 1.92     431.88 r
  rem_302/U26/Q (AND2X1)                                  1.23     433.11 r
  rem_302/U2/Q (OR2X1)                                    0.24     433.35 r
  rem_302/U1/Z (NBUFFX2)                                  0.55     433.90 r
  rem_302/U17/Q (MUX21X2)                                 0.64     434.54 r
  rem_302/U24/Q (AND2X1)                                  0.82     435.36 r
  rem_302/U23/Q (OR2X1)                                   0.24     435.59 r
  rem_302/U37/Q (MUX21X1)                                 0.61     436.21 r
  rem_302/remainder[3] (css_phy_tx_top_DW_div_uns_3)      0.00     436.21 r
  U12545/ZN (INVX0)                                       1.98     438.18 f
  U8745/QN (NOR2X0)                                       3.00     441.18 r
  U6363/Q (AND2X1)                                        3.78     444.97 r
  add_307/U1_5/CO (FADDX1)                               13.27     458.23 r
  add_307/U1_6/CO (FADDX1)                                2.22     460.45 r
  U6344/CO (FADDX2)                                       2.19     462.64 r
  U6345/CO (FADDX2)                                       2.18     464.82 r
  U6346/CO (FADDX2)                                       2.16     466.98 r
  U12547/Q (XOR3X1)                                       1.02     468.01 r
  div_313/a[10] (css_phy_tx_top_DW_div_uns_1)             0.00     468.01 r
  div_313/U41/ZN (INVX0)                                  1.78     469.78 f
  div_313/U42/ZN (INVX0)                                  0.17     469.95 r
  div_313/u_div/u_fa_PartRem_0_7_3/CO (FADDX1)            0.87     470.83 r
  div_313/U44/Q (MUX21X2)                                17.58     488.41 r
  div_313/U19/Q (AND2X1)                                  1.22     489.63 r
  div_313/U7/Q (OR2X1)                                    0.26     489.88 r
  div_313/U49/Q (MUX21X2)                                17.57     507.46 f
  div_313/u_div/u_fa_PartRem_0_5_3/CO (FADDX1)            0.92     508.38 f
  div_313/U25/Q (OR2X1)                                   0.29     508.67 f
  div_313/U51/Q (MUX21X1)                                17.72     526.39 f
  div_313/U33/ZN (INVX0)                                  0.28     526.67 r
  div_313/U11/ZN (INVX0)                                  0.33     527.00 f
  div_313/u_div/u_fa_PartRem_0_4_3/CO (FADDX1)            0.49     527.49 f
  div_313/U26/Q (OR2X1)                                   0.31     527.80 f
  div_313/U52/Q (MUX21X1)                                17.75     545.55 r
  div_313/U21/Q (AND2X1)                                  1.25     546.81 r
  div_313/U17/Q (OR2X1)                                   0.81     547.62 r
  div_313/U53/Q (MUX21X1)                                 0.37     547.99 r
  div_313/U20/Q (AND2X1)                                  1.23     549.21 r
  div_313/U4/Q (OR2X1)                                    0.26     549.47 r
  div_313/U3/Q (MUX21X1)                                 17.73     567.20 r
  div_313/U22/Q (AND2X1)                                  1.26     568.46 r
  div_313/U15/Q (OR2X1)                                   0.80     569.26 r
  div_313/U14/Q (MUX21X1)                                 0.60     569.86 r
  div_313/U23/Q (AND2X1)                                  0.23     570.09 r
  div_313/U24/Q (OR2X1)                                   0.21     570.30 r
  div_313/quotient[0] (css_phy_tx_top_DW_div_uns_1)       0.00     570.30 r
  U6328/Q (AO22X1)                                        0.68     570.97 r
  U6351/Q (OR2X2)                                         3.49     574.46 r
  U6350/CO (FADDX1)                                       2.17     576.63 r
  U12523/Q (AND2X1)                                       3.02     579.65 r
  U12705/Q (AND2X1)                                       2.17     581.82 r
  U6367/Q (AND2X1)                                        1.87     583.69 r
  U12704/Q (XOR2X1)                                       3.04     586.74 f
  U12525/ZN (INVX0)                                       2.11     588.85 r
  U12719/Q (OA221X1)                                      2.29     591.14 r
  U12720/Q (AO21X1)                                       0.68     591.82 r
  U6315/Q (AO21X1)                                        0.68     592.50 r
  U12528/ZN (INVX0)                                       2.11     594.61 f
  U2121/QN (NOR3X0)                                       2.72     597.32 r
  csk_start_pending_reg/D (DFFARX1)                       0.35     597.67 r
  data arrival time                                                597.67

  clock CLK (rise edge)                                1000.00    1000.00
  clock network delay (ideal)                             0.00    1000.00
  clock uncertainty                                      -2.00     998.00
  csk_start_pending_reg/CLK (DFFARX1)                     0.00     998.00 r
  library setup time                                     -0.10     997.90
  data required time                                               997.90
  --------------------------------------------------------------------------
  data required time                                               997.90
  data arrival time                                               -597.67
  --------------------------------------------------------------------------
  slack (MET)                                                      400.23


  Startpoint: payloadLength[3]
              (input port clocked by CLK)
  Endpoint: capture_active_reg
            (rising edge-triggered flip-flop clocked by CLK)
  Path Group: CLK
  Path Type: max

  Des/Clust/Port     Wire Load Model       Library
  ------------------------------------------------
  css_phy_tx_top     540000                saed90nm_max
  css_phy_tx_top_DW_div_uns_3
                     8000                  saed90nm_max
  css_phy_tx_top_DW_div_uns_1
                     8000                  saed90nm_max

  Point                                                   Incr       Path
  --------------------------------------------------------------------------
  clock CLK (rise edge)                                   0.00       0.00
  clock network delay (ideal)                             0.00       0.00
  input external delay                                  300.00     300.00 r
  payloadLength[3] (in)                                   0.08     300.08 r
  U12533/Q (XOR2X2)                                      77.17     377.24 r
  rem_302/a[6] (css_phy_tx_top_DW_div_uns_3)              0.00     377.24 r
  rem_302/U45/ZN (INVX0)                                 46.67     423.92 f
  rem_302/U46/ZN (INVX0)                                  0.13     424.05 r
  rem_302/U6/Q (MUX21X1)                                  0.50     424.55 r
  rem_302/U54/Q (MUX21X1)                                 0.53     425.07 r
  rem_302/U27/Q (AND2X1)                                  1.23     426.30 r
  rem_302/U22/Q (OR2X2)                                   0.26     426.56 r
  rem_302/U55/Q (MUX21X1)                                 1.91     428.47 r
  rem_302/U25/Q (AND2X1)                                  1.23     429.69 r
  rem_302/U8/Q (OR2X1)                                    0.27     429.96 r
  rem_302/U57/Q (MUX21X1)                                 1.92     431.88 r
  rem_302/U26/Q (AND2X1)                                  1.23     433.11 r
  rem_302/U2/Q (OR2X1)                                    0.24     433.35 r
  rem_302/U1/Z (NBUFFX2)                                  0.55     433.90 r
  rem_302/U17/Q (MUX21X2)                                 0.64     434.54 r
  rem_302/U24/Q (AND2X1)                                  0.82     435.36 r
  rem_302/U23/Q (OR2X1)                                   0.24     435.59 r
  rem_302/U37/Q (MUX21X1)                                 0.61     436.21 r
  rem_302/remainder[3] (css_phy_tx_top_DW_div_uns_3)      0.00     436.21 r
  U12545/ZN (INVX0)                                       1.98     438.18 f
  U8745/QN (NOR2X0)                                       3.00     441.18 r
  U6363/Q (AND2X1)                                        3.78     444.97 r
  add_307/U1_5/CO (FADDX1)                               13.27     458.23 r
  add_307/U1_6/CO (FADDX1)                                2.22     460.45 r
  U6344/CO (FADDX2)                                       2.19     462.64 r
  U6345/CO (FADDX2)                                       2.18     464.82 r
  U6346/CO (FADDX2)                                       2.16     466.98 r
  U12547/Q (XOR3X1)                                       1.02     468.01 r
  div_313/a[10] (css_phy_tx_top_DW_div_uns_1)             0.00     468.01 r
  div_313/U41/ZN (INVX0)                                  1.78     469.78 f
  div_313/U42/ZN (INVX0)                                  0.17     469.95 r
  div_313/u_div/u_fa_PartRem_0_7_3/CO (FADDX1)            0.87     470.83 r
  div_313/U44/Q (MUX21X2)                                17.58     488.41 r
  div_313/U19/Q (AND2X1)                                  1.22     489.63 r
  div_313/U7/Q (OR2X1)                                    0.26     489.88 r
  div_313/U49/Q (MUX21X2)                                17.57     507.46 f
  div_313/u_div/u_fa_PartRem_0_5_3/CO (FADDX1)            0.92     508.38 f
  div_313/U25/Q (OR2X1)                                   0.29     508.67 f
  div_313/U51/Q (MUX21X1)                                17.72     526.39 f
  div_313/U33/ZN (INVX0)                                  0.28     526.67 r
  div_313/U11/ZN (INVX0)                                  0.33     527.00 f
  div_313/u_div/u_fa_PartRem_0_4_3/CO (FADDX1)            0.49     527.49 f
  div_313/U26/Q (OR2X1)                                   0.31     527.80 f
  div_313/U52/Q (MUX21X1)                                17.75     545.55 r
  div_313/U21/Q (AND2X1)                                  1.25     546.81 r
  div_313/U17/Q (OR2X1)                                   0.81     547.62 r
  div_313/U53/Q (MUX21X1)                                 0.37     547.99 r
  div_313/U20/Q (AND2X1)                                  1.23     549.21 r
  div_313/U4/Q (OR2X1)                                    0.26     549.47 r
  div_313/U3/Q (MUX21X1)                                 17.73     567.20 r
  div_313/U22/Q (AND2X1)                                  1.26     568.46 r
  div_313/U15/Q (OR2X1)                                   0.80     569.26 r
  div_313/U14/Q (MUX21X1)                                 0.60     569.86 r
  div_313/U23/Q (AND2X1)                                  0.23     570.09 r
  div_313/U24/Q (OR2X1)                                   0.21     570.30 r
  div_313/quotient[0] (css_phy_tx_top_DW_div_uns_1)       0.00     570.30 r
  U6328/Q (AO22X1)                                        0.68     570.97 r
  U6351/Q (OR2X2)                                         3.49     574.46 r
  U6350/CO (FADDX1)                                       2.17     576.63 r
  U12523/Q (AND2X1)                                       3.02     579.65 r
  U12705/Q (AND2X1)                                       2.17     581.82 r
  U6504/Z (DELLN1X2)                                      2.46     584.28 r
  U12540/ZN (INVX0)                                       0.55     584.83 f
  U8746/Q (XNOR2X1)                                       1.14     585.97 r
  U12524/ZN (INVX0)                                       2.19     588.16 f
  U12718/Q (AO221X1)                                      2.36     590.52 f
  U12719/Q (OA221X1)                                      0.62     591.14 f
  U12720/Q (AO21X1)                                       0.63     591.78 f
  U6315/Q (AO21X1)                                        0.72     592.49 f
  U12528/ZN (INVX0)                                       2.01     594.50 r
  U6347/Q (AO22X2)                                        2.80     597.30 r
  capture_active_reg/D (DFFARX1)                          0.35     597.65 r
  data arrival time                                                597.65

  clock CLK (rise edge)                                1000.00    1000.00
  clock network delay (ideal)                             0.00    1000.00
  clock uncertainty                                      -2.00     998.00
  capture_active_reg/CLK (DFFARX1)                        0.00     998.00 r
  library setup time                                     -0.06     997.94
  data required time                                               997.94
  --------------------------------------------------------------------------
  data required time                                               997.94
  data arrival time                                               -597.65
  --------------------------------------------------------------------------
  slack (MET)                                                      400.30


  Startpoint: payloadLength[3]
              (input port clocked by CLK)
  Endpoint: u_csk_sequencer/group_count_reg[1]
            (rising edge-triggered flip-flop clocked by CLK)
  Path Group: CLK
  Path Type: max

  Des/Clust/Port     Wire Load Model       Library
  ------------------------------------------------
  css_phy_tx_top     540000                saed90nm_max
  css_phy_tx_top_DW_div_uns_3
                     8000                  saed90nm_max
  css_phy_tx_top_DW_div_uns_1
                     8000                  saed90nm_max
  csk_sequencer      8000                  saed90nm_max

  Point                                                   Incr       Path
  --------------------------------------------------------------------------
  clock CLK (rise edge)                                   0.00       0.00
  clock network delay (ideal)                             0.00       0.00
  input external delay                                  300.00     300.00 r
  payloadLength[3] (in)                                   0.08     300.08 r
  U12533/Q (XOR2X2)                                      77.17     377.24 r
  rem_302/a[6] (css_phy_tx_top_DW_div_uns_3)              0.00     377.24 r
  rem_302/U45/ZN (INVX0)                                 46.67     423.92 f
  rem_302/U46/ZN (INVX0)                                  0.13     424.05 r
  rem_302/U6/Q (MUX21X1)                                  0.50     424.55 r
  rem_302/U54/Q (MUX21X1)                                 0.53     425.07 r
  rem_302/U27/Q (AND2X1)                                  1.23     426.30 r
  rem_302/U22/Q (OR2X2)                                   0.26     426.56 r
  rem_302/U55/Q (MUX21X1)                                 1.91     428.47 r
  rem_302/U25/Q (AND2X1)                                  1.23     429.69 r
  rem_302/U8/Q (OR2X1)                                    0.27     429.96 r
  rem_302/U57/Q (MUX21X1)                                 1.92     431.88 r
  rem_302/U26/Q (AND2X1)                                  1.23     433.11 r
  rem_302/U2/Q (OR2X1)                                    0.24     433.35 r
  rem_302/U1/Z (NBUFFX2)                                  0.55     433.90 r
  rem_302/U17/Q (MUX21X2)                                 0.64     434.54 r
  rem_302/U24/Q (AND2X1)                                  0.82     435.36 r
  rem_302/U23/Q (OR2X1)                                   0.24     435.59 r
  rem_302/U37/Q (MUX21X1)                                 0.61     436.21 r
  rem_302/remainder[3] (css_phy_tx_top_DW_div_uns_3)      0.00     436.21 r
  U12545/ZN (INVX0)                                       1.98     438.18 f
  U8745/QN (NOR2X0)                                       3.00     441.18 r
  U6363/Q (AND2X1)                                        3.78     444.97 r
  add_307/U1_5/CO (FADDX1)                               13.27     458.23 r
  add_307/U1_6/CO (FADDX1)                                2.22     460.45 r
  U6344/CO (FADDX2)                                       2.19     462.64 r
  U6345/CO (FADDX2)                                       2.18     464.82 r
  U6346/CO (FADDX2)                                       2.16     466.98 r
  U12547/Q (XOR3X1)                                       1.02     468.01 r
  div_313/a[10] (css_phy_tx_top_DW_div_uns_1)             0.00     468.01 r
  div_313/U41/ZN (INVX0)                                  1.78     469.78 f
  div_313/U42/ZN (INVX0)                                  0.17     469.95 r
  div_313/u_div/u_fa_PartRem_0_7_3/CO (FADDX1)            0.87     470.83 r
  div_313/U44/Q (MUX21X2)                                17.58     488.41 r
  div_313/U19/Q (AND2X1)                                  1.22     489.63 r
  div_313/U7/Q (OR2X1)                                    0.26     489.88 r
  div_313/U49/Q (MUX21X2)                                17.57     507.46 f
  div_313/u_div/u_fa_PartRem_0_5_3/CO (FADDX1)            0.92     508.38 f
  div_313/U25/Q (OR2X1)                                   0.29     508.67 f
  div_313/U51/Q (MUX21X1)                                17.72     526.39 f
  div_313/U33/ZN (INVX0)                                  0.28     526.67 r
  div_313/U11/ZN (INVX0)                                  0.33     527.00 f
  div_313/u_div/u_fa_PartRem_0_4_3/CO (FADDX1)            0.49     527.49 f
  div_313/U26/Q (OR2X1)                                   0.31     527.80 f
  div_313/U52/Q (MUX21X1)                                17.75     545.55 r
  div_313/U21/Q (AND2X1)                                  1.25     546.81 r
  div_313/U17/Q (OR2X1)                                   0.81     547.62 r
  div_313/U53/Q (MUX21X1)                                 0.37     547.99 r
  div_313/U20/Q (AND2X1)                                  1.23     549.21 r
  div_313/U4/Q (OR2X1)                                    0.26     549.47 r
  div_313/U3/Q (MUX21X1)                                 17.73     567.20 r
  div_313/U22/Q (AND2X1)                                  1.26     568.46 r
  div_313/U15/Q (OR2X1)                                   0.80     569.26 r
  div_313/U14/Q (MUX21X1)                                 0.60     569.86 r
  div_313/U23/Q (AND2X1)                                  0.23     570.09 r
  div_313/U24/Q (OR2X1)                                   0.21     570.30 r
  div_313/quotient[0] (css_phy_tx_top_DW_div_uns_1)       0.00     570.30 r
  U6328/Q (AO22X1)                                        0.68     570.97 r
  U6351/Q (OR2X2)                                         3.49     574.46 r
  U6350/CO (FADDX1)                                       2.17     576.63 r
  U12523/Q (AND2X1)                                       3.02     579.65 r
  U12705/Q (AND2X1)                                       2.17     581.82 r
  U6367/Q (AND2X1)                                        1.87     583.69 r
  U12527/Q (AND2X4)                                       3.07     586.77 r
  U9797/QN (NAND2X0)                                      2.47     589.23 f
  U9796/Q (XNOR2X1)                                       1.15     590.39 r
  u_csk_sequencer/num_groups[10] (csk_sequencer)          0.00     590.39 r
  u_csk_sequencer/U109/ZN (INVX0)                         0.54     590.93 f
  u_csk_sequencer/U108/ZN (INVX0)                         0.48     591.41 r
  u_csk_sequencer/U90/Q (OR4X1)                           0.26     591.67 r
  u_csk_sequencer/U89/QN (NAND3X0)                        0.20     591.87 f
  u_csk_sequencer/U110/QN (NAND2X0)                       0.50     592.37 r
  u_csk_sequencer/U113/ZN (INVX0)                         0.37     592.74 f
  u_csk_sequencer/U112/QN (NOR2X0)                        2.36     595.11 r
  u_csk_sequencer/U102/ZN (INVX0)                         0.99     596.10 f
  u_csk_sequencer/U104/ZN (INVX0)                         0.31     596.40 r
  u_csk_sequencer/U74/Q (AO22X1)                          1.10     597.51 r
  u_csk_sequencer/group_count_reg[1]/D (DFFARX1)          0.03     597.54 r
  data arrival time                                                597.54

  clock CLK (rise edge)                                1000.00    1000.00
  clock network delay (ideal)                             0.00    1000.00
  clock uncertainty                                      -2.00     998.00
  u_csk_sequencer/group_count_reg[1]/CLK (DFFARX1)        0.00     998.00 r
  library setup time                                     -0.05     997.95
  data required time                                               997.95
  --------------------------------------------------------------------------
  data required time                                               997.95
  data arrival time                                               -597.54
  --------------------------------------------------------------------------
  slack (MET)                                                      400.41


  Startpoint: payloadLength[3]
              (input port clocked by CLK)
  Endpoint: u_csk_sequencer/group_count_reg[0]
            (rising edge-triggered flip-flop clocked by CLK)
  Path Group: CLK
  Path Type: max

  Des/Clust/Port     Wire Load Model       Library
  ------------------------------------------------
  css_phy_tx_top     540000                saed90nm_max
  css_phy_tx_top_DW_div_uns_3
                     8000                  saed90nm_max
  css_phy_tx_top_DW_div_uns_1
                     8000                  saed90nm_max
  csk_sequencer      8000                  saed90nm_max

  Point                                                   Incr       Path
  --------------------------------------------------------------------------
  clock CLK (rise edge)                                   0.00       0.00
  clock network delay (ideal)                             0.00       0.00
  input external delay                                  300.00     300.00 r
  payloadLength[3] (in)                                   0.08     300.08 r
  U12533/Q (XOR2X2)                                      77.17     377.24 r
  rem_302/a[6] (css_phy_tx_top_DW_div_uns_3)              0.00     377.24 r
  rem_302/U45/ZN (INVX0)                                 46.67     423.92 f
  rem_302/U46/ZN (INVX0)                                  0.13     424.05 r
  rem_302/U6/Q (MUX21X1)                                  0.50     424.55 r
  rem_302/U54/Q (MUX21X1)                                 0.53     425.07 r
  rem_302/U27/Q (AND2X1)                                  1.23     426.30 r
  rem_302/U22/Q (OR2X2)                                   0.26     426.56 r
  rem_302/U55/Q (MUX21X1)                                 1.91     428.47 r
  rem_302/U25/Q (AND2X1)                                  1.23     429.69 r
  rem_302/U8/Q (OR2X1)                                    0.27     429.96 r
  rem_302/U57/Q (MUX21X1)                                 1.92     431.88 r
  rem_302/U26/Q (AND2X1)                                  1.23     433.11 r
  rem_302/U2/Q (OR2X1)                                    0.24     433.35 r
  rem_302/U1/Z (NBUFFX2)                                  0.55     433.90 r
  rem_302/U17/Q (MUX21X2)                                 0.64     434.54 r
  rem_302/U24/Q (AND2X1)                                  0.82     435.36 r
  rem_302/U23/Q (OR2X1)                                   0.24     435.59 r
  rem_302/U37/Q (MUX21X1)                                 0.61     436.21 r
  rem_302/remainder[3] (css_phy_tx_top_DW_div_uns_3)      0.00     436.21 r
  U12545/ZN (INVX0)                                       1.98     438.18 f
  U8745/QN (NOR2X0)                                       3.00     441.18 r
  U6363/Q (AND2X1)                                        3.78     444.97 r
  add_307/U1_5/CO (FADDX1)                               13.27     458.23 r
  add_307/U1_6/CO (FADDX1)                                2.22     460.45 r
  U6344/CO (FADDX2)                                       2.19     462.64 r
  U6345/CO (FADDX2)                                       2.18     464.82 r
  U6346/CO (FADDX2)                                       2.16     466.98 r
  U12547/Q (XOR3X1)                                       1.02     468.01 r
  div_313/a[10] (css_phy_tx_top_DW_div_uns_1)             0.00     468.01 r
  div_313/U41/ZN (INVX0)                                  1.78     469.78 f
  div_313/U42/ZN (INVX0)                                  0.17     469.95 r
  div_313/u_div/u_fa_PartRem_0_7_3/CO (FADDX1)            0.87     470.83 r
  div_313/U44/Q (MUX21X2)                                17.58     488.41 r
  div_313/U19/Q (AND2X1)                                  1.22     489.63 r
  div_313/U7/Q (OR2X1)                                    0.26     489.88 r
  div_313/U49/Q (MUX21X2)                                17.57     507.46 f
  div_313/u_div/u_fa_PartRem_0_5_3/CO (FADDX1)            0.92     508.38 f
  div_313/U25/Q (OR2X1)                                   0.29     508.67 f
  div_313/U51/Q (MUX21X1)                                17.72     526.39 f
  div_313/U33/ZN (INVX0)                                  0.28     526.67 r
  div_313/U11/ZN (INVX0)                                  0.33     527.00 f
  div_313/u_div/u_fa_PartRem_0_4_3/CO (FADDX1)            0.49     527.49 f
  div_313/U26/Q (OR2X1)                                   0.31     527.80 f
  div_313/U52/Q (MUX21X1)                                17.75     545.55 r
  div_313/U21/Q (AND2X1)                                  1.25     546.81 r
  div_313/U17/Q (OR2X1)                                   0.81     547.62 r
  div_313/U53/Q (MUX21X1)                                 0.37     547.99 r
  div_313/U20/Q (AND2X1)                                  1.23     549.21 r
  div_313/U4/Q (OR2X1)                                    0.26     549.47 r
  div_313/U3/Q (MUX21X1)                                 17.73     567.20 r
  div_313/U22/Q (AND2X1)                                  1.26     568.46 r
  div_313/U15/Q (OR2X1)                                   0.80     569.26 r
  div_313/U14/Q (MUX21X1)                                 0.60     569.86 r
  div_313/U23/Q (AND2X1)                                  0.23     570.09 r
  div_313/U24/Q (OR2X1)                                   0.21     570.30 r
  div_313/quotient[0] (css_phy_tx_top_DW_div_uns_1)       0.00     570.30 r
  U6328/Q (AO22X1)                                        0.68     570.97 r
  U6351/Q (OR2X2)                                         3.49     574.46 r
  U6350/CO (FADDX1)                                       2.17     576.63 r
  U12523/Q (AND2X1)                                       3.02     579.65 r
  U12705/Q (AND2X1)                                       2.17     581.82 r
  U6367/Q (AND2X1)                                        1.87     583.69 r
  U12527/Q (AND2X4)                                       3.07     586.77 r
  U9797/QN (NAND2X0)                                      2.47     589.23 f
  U9796/Q (XNOR2X1)                                       1.15     590.39 r
  u_csk_sequencer/num_groups[10] (csk_sequencer)          0.00     590.39 r
  u_csk_sequencer/U109/ZN (INVX0)                         0.54     590.93 f
  u_csk_sequencer/U108/ZN (INVX0)                         0.48     591.41 r
  u_csk_sequencer/U90/Q (OR4X1)                           0.26     591.67 r
  u_csk_sequencer/U89/QN (NAND3X0)                        0.20     591.87 f
  u_csk_sequencer/U110/QN (NAND2X0)                       0.50     592.37 r
  u_csk_sequencer/U113/ZN (INVX0)                         0.37     592.74 f
  u_csk_sequencer/U112/QN (NOR2X0)                        2.36     595.11 r
  u_csk_sequencer/U102/ZN (INVX0)                         0.99     596.10 f
  u_csk_sequencer/U104/ZN (INVX0)                         0.31     596.40 r
  u_csk_sequencer/U75/Q (AO22X1)                          1.10     597.51 r
  u_csk_sequencer/group_count_reg[0]/D (DFFARX1)          0.03     597.54 r
  data arrival time                                                597.54

  clock CLK (rise edge)                                1000.00    1000.00
  clock network delay (ideal)                             0.00    1000.00
  clock uncertainty                                      -2.00     998.00
  u_csk_sequencer/group_count_reg[0]/CLK (DFFARX1)        0.00     998.00 r
  library setup time                                     -0.05     997.95
  data required time                                               997.95
  --------------------------------------------------------------------------
  data required time                                               997.95
  data arrival time                                               -597.54
  --------------------------------------------------------------------------
  slack (MET)                                                      400.41


  Startpoint: payloadLength[3]
              (input port clocked by CLK)
  Endpoint: u_csk_sequencer/group_count_reg[6]
            (rising edge-triggered flip-flop clocked by CLK)
  Path Group: CLK
  Path Type: max

  Des/Clust/Port     Wire Load Model       Library
  ------------------------------------------------
  css_phy_tx_top     540000                saed90nm_max
  css_phy_tx_top_DW_div_uns_3
                     8000                  saed90nm_max
  css_phy_tx_top_DW_div_uns_1
                     8000                  saed90nm_max
  csk_sequencer      8000                  saed90nm_max

  Point                                                   Incr       Path
  --------------------------------------------------------------------------
  clock CLK (rise edge)                                   0.00       0.00
  clock network delay (ideal)                             0.00       0.00
  input external delay                                  300.00     300.00 r
  payloadLength[3] (in)                                   0.08     300.08 r
  U12533/Q (XOR2X2)                                      77.17     377.24 r
  rem_302/a[6] (css_phy_tx_top_DW_div_uns_3)              0.00     377.24 r
  rem_302/U45/ZN (INVX0)                                 46.67     423.92 f
  rem_302/U46/ZN (INVX0)                                  0.13     424.05 r
  rem_302/U6/Q (MUX21X1)                                  0.50     424.55 r
  rem_302/U54/Q (MUX21X1)                                 0.53     425.07 r
  rem_302/U27/Q (AND2X1)                                  1.23     426.30 r
  rem_302/U22/Q (OR2X2)                                   0.26     426.56 r
  rem_302/U55/Q (MUX21X1)                                 1.91     428.47 r
  rem_302/U25/Q (AND2X1)                                  1.23     429.69 r
  rem_302/U8/Q (OR2X1)                                    0.27     429.96 r
  rem_302/U57/Q (MUX21X1)                                 1.92     431.88 r
  rem_302/U26/Q (AND2X1)                                  1.23     433.11 r
  rem_302/U2/Q (OR2X1)                                    0.24     433.35 r
  rem_302/U1/Z (NBUFFX2)                                  0.55     433.90 r
  rem_302/U17/Q (MUX21X2)                                 0.64     434.54 r
  rem_302/U24/Q (AND2X1)                                  0.82     435.36 r
  rem_302/U23/Q (OR2X1)                                   0.24     435.59 r
  rem_302/U37/Q (MUX21X1)                                 0.61     436.21 r
  rem_302/remainder[3] (css_phy_tx_top_DW_div_uns_3)      0.00     436.21 r
  U12545/ZN (INVX0)                                       1.98     438.18 f
  U8745/QN (NOR2X0)                                       3.00     441.18 r
  U6363/Q (AND2X1)                                        3.78     444.97 r
  add_307/U1_5/CO (FADDX1)                               13.27     458.23 r
  add_307/U1_6/CO (FADDX1)                                2.22     460.45 r
  U6344/CO (FADDX2)                                       2.19     462.64 r
  U6345/CO (FADDX2)                                       2.18     464.82 r
  U6346/CO (FADDX2)                                       2.16     466.98 r
  U12547/Q (XOR3X1)                                       1.02     468.01 r
  div_313/a[10] (css_phy_tx_top_DW_div_uns_1)             0.00     468.01 r
  div_313/U41/ZN (INVX0)                                  1.78     469.78 f
  div_313/U42/ZN (INVX0)                                  0.17     469.95 r
  div_313/u_div/u_fa_PartRem_0_7_3/CO (FADDX1)            0.87     470.83 r
  div_313/U44/Q (MUX21X2)                                17.58     488.41 r
  div_313/U19/Q (AND2X1)                                  1.22     489.63 r
  div_313/U7/Q (OR2X1)                                    0.26     489.88 r
  div_313/U49/Q (MUX21X2)                                17.57     507.46 f
  div_313/u_div/u_fa_PartRem_0_5_3/CO (FADDX1)            0.92     508.38 f
  div_313/U25/Q (OR2X1)                                   0.29     508.67 f
  div_313/U51/Q (MUX21X1)                                17.72     526.39 f
  div_313/U33/ZN (INVX0)                                  0.28     526.67 r
  div_313/U11/ZN (INVX0)                                  0.33     527.00 f
  div_313/u_div/u_fa_PartRem_0_4_3/CO (FADDX1)            0.49     527.49 f
  div_313/U26/Q (OR2X1)                                   0.31     527.80 f
  div_313/U52/Q (MUX21X1)                                17.75     545.55 r
  div_313/U21/Q (AND2X1)                                  1.25     546.81 r
  div_313/U17/Q (OR2X1)                                   0.81     547.62 r
  div_313/U53/Q (MUX21X1)                                 0.37     547.99 r
  div_313/U20/Q (AND2X1)                                  1.23     549.21 r
  div_313/U4/Q (OR2X1)                                    0.26     549.47 r
  div_313/U3/Q (MUX21X1)                                 17.73     567.20 r
  div_313/U22/Q (AND2X1)                                  1.26     568.46 r
  div_313/U15/Q (OR2X1)                                   0.80     569.26 r
  div_313/U14/Q (MUX21X1)                                 0.60     569.86 r
  div_313/U23/Q (AND2X1)                                  0.23     570.09 r
  div_313/U24/Q (OR2X1)                                   0.21     570.30 r
  div_313/quotient[0] (css_phy_tx_top_DW_div_uns_1)       0.00     570.30 r
  U6328/Q (AO22X1)                                        0.68     570.97 r
  U6351/Q (OR2X2)                                         3.49     574.46 r
  U6350/CO (FADDX1)                                       2.17     576.63 r
  U12523/Q (AND2X1)                                       3.02     579.65 r
  U12705/Q (AND2X1)                                       2.17     581.82 r
  U6367/Q (AND2X1)                                        1.87     583.69 r
  U12527/Q (AND2X4)                                       3.07     586.77 r
  U9797/QN (NAND2X0)                                      2.47     589.23 f
  U9796/Q (XNOR2X1)                                       1.15     590.39 r
  u_csk_sequencer/num_groups[10] (csk_sequencer)          0.00     590.39 r
  u_csk_sequencer/U109/ZN (INVX0)                         0.54     590.93 f
  u_csk_sequencer/U108/ZN (INVX0)                         0.48     591.41 r
  u_csk_sequencer/U90/Q (OR4X1)                           0.26     591.67 r
  u_csk_sequencer/U89/QN (NAND3X0)                        0.20     591.87 f
  u_csk_sequencer/U110/QN (NAND2X0)                       0.50     592.37 r
  u_csk_sequencer/U113/ZN (INVX0)                         0.37     592.74 f
  u_csk_sequencer/U112/QN (NOR2X0)                        2.36     595.11 r
  u_csk_sequencer/U102/ZN (INVX0)                         0.99     596.10 f
  u_csk_sequencer/U103/ZN (INVX0)                         0.31     596.40 r
  u_csk_sequencer/U46/Q (AO22X1)                          1.10     597.51 r
  u_csk_sequencer/group_count_reg[6]/D (DFFARX1)          0.03     597.54 r
  data arrival time                                                597.54

  clock CLK (rise edge)                                1000.00    1000.00
  clock network delay (ideal)                             0.00    1000.00
  clock uncertainty                                      -2.00     998.00
  u_csk_sequencer/group_count_reg[6]/CLK (DFFARX1)        0.00     998.00 r
  library setup time                                     -0.05     997.95
  data required time                                               997.95
  --------------------------------------------------------------------------
  data required time                                               997.95
  data arrival time                                               -597.54
  --------------------------------------------------------------------------
  slack (MET)                                                      400.41


  Startpoint: payloadLength[3]
              (input port clocked by CLK)
  Endpoint: u_csk_sequencer/group_count_reg[5]
            (rising edge-triggered flip-flop clocked by CLK)
  Path Group: CLK
  Path Type: max

  Des/Clust/Port     Wire Load Model       Library
  ------------------------------------------------
  css_phy_tx_top     540000                saed90nm_max
  css_phy_tx_top_DW_div_uns_3
                     8000                  saed90nm_max
  css_phy_tx_top_DW_div_uns_1
                     8000                  saed90nm_max
  csk_sequencer      8000                  saed90nm_max

  Point                                                   Incr       Path
  --------------------------------------------------------------------------
  clock CLK (rise edge)                                   0.00       0.00
  clock network delay (ideal)                             0.00       0.00
  input external delay                                  300.00     300.00 r
  payloadLength[3] (in)                                   0.08     300.08 r
  U12533/Q (XOR2X2)                                      77.17     377.24 r
  rem_302/a[6] (css_phy_tx_top_DW_div_uns_3)              0.00     377.24 r
  rem_302/U45/ZN (INVX0)                                 46.67     423.92 f
  rem_302/U46/ZN (INVX0)                                  0.13     424.05 r
  rem_302/U6/Q (MUX21X1)                                  0.50     424.55 r
  rem_302/U54/Q (MUX21X1)                                 0.53     425.07 r
  rem_302/U27/Q (AND2X1)                                  1.23     426.30 r
  rem_302/U22/Q (OR2X2)                                   0.26     426.56 r
  rem_302/U55/Q (MUX21X1)                                 1.91     428.47 r
  rem_302/U25/Q (AND2X1)                                  1.23     429.69 r
  rem_302/U8/Q (OR2X1)                                    0.27     429.96 r
  rem_302/U57/Q (MUX21X1)                                 1.92     431.88 r
  rem_302/U26/Q (AND2X1)                                  1.23     433.11 r
  rem_302/U2/Q (OR2X1)                                    0.24     433.35 r
  rem_302/U1/Z (NBUFFX2)                                  0.55     433.90 r
  rem_302/U17/Q (MUX21X2)                                 0.64     434.54 r
  rem_302/U24/Q (AND2X1)                                  0.82     435.36 r
  rem_302/U23/Q (OR2X1)                                   0.24     435.59 r
  rem_302/U37/Q (MUX21X1)                                 0.61     436.21 r
  rem_302/remainder[3] (css_phy_tx_top_DW_div_uns_3)      0.00     436.21 r
  U12545/ZN (INVX0)                                       1.98     438.18 f
  U8745/QN (NOR2X0)                                       3.00     441.18 r
  U6363/Q (AND2X1)                                        3.78     444.97 r
  add_307/U1_5/CO (FADDX1)                               13.27     458.23 r
  add_307/U1_6/CO (FADDX1)                                2.22     460.45 r
  U6344/CO (FADDX2)                                       2.19     462.64 r
  U6345/CO (FADDX2)                                       2.18     464.82 r
  U6346/CO (FADDX2)                                       2.16     466.98 r
  U12547/Q (XOR3X1)                                       1.02     468.01 r
  div_313/a[10] (css_phy_tx_top_DW_div_uns_1)             0.00     468.01 r
  div_313/U41/ZN (INVX0)                                  1.78     469.78 f
  div_313/U42/ZN (INVX0)                                  0.17     469.95 r
  div_313/u_div/u_fa_PartRem_0_7_3/CO (FADDX1)            0.87     470.83 r
  div_313/U44/Q (MUX21X2)                                17.58     488.41 r
  div_313/U19/Q (AND2X1)                                  1.22     489.63 r
  div_313/U7/Q (OR2X1)                                    0.26     489.88 r
  div_313/U49/Q (MUX21X2)                                17.57     507.46 f
  div_313/u_div/u_fa_PartRem_0_5_3/CO (FADDX1)            0.92     508.38 f
  div_313/U25/Q (OR2X1)                                   0.29     508.67 f
  div_313/U51/Q (MUX21X1)                                17.72     526.39 f
  div_313/U33/ZN (INVX0)                                  0.28     526.67 r
  div_313/U11/ZN (INVX0)                                  0.33     527.00 f
  div_313/u_div/u_fa_PartRem_0_4_3/CO (FADDX1)            0.49     527.49 f
  div_313/U26/Q (OR2X1)                                   0.31     527.80 f
  div_313/U52/Q (MUX21X1)                                17.75     545.55 r
  div_313/U21/Q (AND2X1)                                  1.25     546.81 r
  div_313/U17/Q (OR2X1)                                   0.81     547.62 r
  div_313/U53/Q (MUX21X1)                                 0.37     547.99 r
  div_313/U20/Q (AND2X1)                                  1.23     549.21 r
  div_313/U4/Q (OR2X1)                                    0.26     549.47 r
  div_313/U3/Q (MUX21X1)                                 17.73     567.20 r
  div_313/U22/Q (AND2X1)                                  1.26     568.46 r
  div_313/U15/Q (OR2X1)                                   0.80     569.26 r
  div_313/U14/Q (MUX21X1)                                 0.60     569.86 r
  div_313/U23/Q (AND2X1)                                  0.23     570.09 r
  div_313/U24/Q (OR2X1)                                   0.21     570.30 r
  div_313/quotient[0] (css_phy_tx_top_DW_div_uns_1)       0.00     570.30 r
  U6328/Q (AO22X1)                                        0.68     570.97 r
  U6351/Q (OR2X2)                                         3.49     574.46 r
  U6350/CO (FADDX1)                                       2.17     576.63 r
  U12523/Q (AND2X1)                                       3.02     579.65 r
  U12705/Q (AND2X1)                                       2.17     581.82 r
  U6367/Q (AND2X1)                                        1.87     583.69 r
  U12527/Q (AND2X4)                                       3.07     586.77 r
  U9797/QN (NAND2X0)                                      2.47     589.23 f
  U9796/Q (XNOR2X1)                                       1.15     590.39 r
  u_csk_sequencer/num_groups[10] (csk_sequencer)          0.00     590.39 r
  u_csk_sequencer/U109/ZN (INVX0)                         0.54     590.93 f
  u_csk_sequencer/U108/ZN (INVX0)                         0.48     591.41 r
  u_csk_sequencer/U90/Q (OR4X1)                           0.26     591.67 r
  u_csk_sequencer/U89/QN (NAND3X0)                        0.20     591.87 f
  u_csk_sequencer/U110/QN (NAND2X0)                       0.50     592.37 r
  u_csk_sequencer/U113/ZN (INVX0)                         0.37     592.74 f
  u_csk_sequencer/U112/QN (NOR2X0)                        2.36     595.11 r
  u_csk_sequencer/U102/ZN (INVX0)                         0.99     596.10 f
  u_csk_sequencer/U103/ZN (INVX0)                         0.31     596.40 r
  u_csk_sequencer/U45/Q (AO22X1)                          1.10     597.51 r
  u_csk_sequencer/group_count_reg[5]/D (DFFARX1)          0.03     597.54 r
  data arrival time                                                597.54

  clock CLK (rise edge)                                1000.00    1000.00
  clock network delay (ideal)                             0.00    1000.00
  clock uncertainty                                      -2.00     998.00
  u_csk_sequencer/group_count_reg[5]/CLK (DFFARX1)        0.00     998.00 r
  library setup time                                     -0.05     997.95
  data required time                                               997.95
  --------------------------------------------------------------------------
  data required time                                               997.95
  data arrival time                                               -597.54
  --------------------------------------------------------------------------
  slack (MET)                                                      400.41


  Startpoint: payloadLength[3]
              (input port clocked by CLK)
  Endpoint: u_csk_sequencer/group_count_reg[4]
            (rising edge-triggered flip-flop clocked by CLK)
  Path Group: CLK
  Path Type: max

  Des/Clust/Port     Wire Load Model       Library
  ------------------------------------------------
  css_phy_tx_top     540000                saed90nm_max
  css_phy_tx_top_DW_div_uns_3
                     8000                  saed90nm_max
  css_phy_tx_top_DW_div_uns_1
                     8000                  saed90nm_max
  csk_sequencer      8000                  saed90nm_max

  Point                                                   Incr       Path
  --------------------------------------------------------------------------
  clock CLK (rise edge)                                   0.00       0.00
  clock network delay (ideal)                             0.00       0.00
  input external delay                                  300.00     300.00 r
  payloadLength[3] (in)                                   0.08     300.08 r
  U12533/Q (XOR2X2)                                      77.17     377.24 r
  rem_302/a[6] (css_phy_tx_top_DW_div_uns_3)              0.00     377.24 r
  rem_302/U45/ZN (INVX0)                                 46.67     423.92 f
  rem_302/U46/ZN (INVX0)                                  0.13     424.05 r
  rem_302/U6/Q (MUX21X1)                                  0.50     424.55 r
  rem_302/U54/Q (MUX21X1)                                 0.53     425.07 r
  rem_302/U27/Q (AND2X1)                                  1.23     426.30 r
  rem_302/U22/Q (OR2X2)                                   0.26     426.56 r
  rem_302/U55/Q (MUX21X1)                                 1.91     428.47 r
  rem_302/U25/Q (AND2X1)                                  1.23     429.69 r
  rem_302/U8/Q (OR2X1)                                    0.27     429.96 r
  rem_302/U57/Q (MUX21X1)                                 1.92     431.88 r
  rem_302/U26/Q (AND2X1)                                  1.23     433.11 r
  rem_302/U2/Q (OR2X1)                                    0.24     433.35 r
  rem_302/U1/Z (NBUFFX2)                                  0.55     433.90 r
  rem_302/U17/Q (MUX21X2)                                 0.64     434.54 r
  rem_302/U24/Q (AND2X1)                                  0.82     435.36 r
  rem_302/U23/Q (OR2X1)                                   0.24     435.59 r
  rem_302/U37/Q (MUX21X1)                                 0.61     436.21 r
  rem_302/remainder[3] (css_phy_tx_top_DW_div_uns_3)      0.00     436.21 r
  U12545/ZN (INVX0)                                       1.98     438.18 f
  U8745/QN (NOR2X0)                                       3.00     441.18 r
  U6363/Q (AND2X1)                                        3.78     444.97 r
  add_307/U1_5/CO (FADDX1)                               13.27     458.23 r
  add_307/U1_6/CO (FADDX1)                                2.22     460.45 r
  U6344/CO (FADDX2)                                       2.19     462.64 r
  U6345/CO (FADDX2)                                       2.18     464.82 r
  U6346/CO (FADDX2)                                       2.16     466.98 r
  U12547/Q (XOR3X1)                                       1.02     468.01 r
  div_313/a[10] (css_phy_tx_top_DW_div_uns_1)             0.00     468.01 r
  div_313/U41/ZN (INVX0)                                  1.78     469.78 f
  div_313/U42/ZN (INVX0)                                  0.17     469.95 r
  div_313/u_div/u_fa_PartRem_0_7_3/CO (FADDX1)            0.87     470.83 r
  div_313/U44/Q (MUX21X2)                                17.58     488.41 r
  div_313/U19/Q (AND2X1)                                  1.22     489.63 r
  div_313/U7/Q (OR2X1)                                    0.26     489.88 r
  div_313/U49/Q (MUX21X2)                                17.57     507.46 f
  div_313/u_div/u_fa_PartRem_0_5_3/CO (FADDX1)            0.92     508.38 f
  div_313/U25/Q (OR2X1)                                   0.29     508.67 f
  div_313/U51/Q (MUX21X1)                                17.72     526.39 f
  div_313/U33/ZN (INVX0)                                  0.28     526.67 r
  div_313/U11/ZN (INVX0)                                  0.33     527.00 f
  div_313/u_div/u_fa_PartRem_0_4_3/CO (FADDX1)            0.49     527.49 f
  div_313/U26/Q (OR2X1)                                   0.31     527.80 f
  div_313/U52/Q (MUX21X1)                                17.75     545.55 r
  div_313/U21/Q (AND2X1)                                  1.25     546.81 r
  div_313/U17/Q (OR2X1)                                   0.81     547.62 r
  div_313/U53/Q (MUX21X1)                                 0.37     547.99 r
  div_313/U20/Q (AND2X1)                                  1.23     549.21 r
  div_313/U4/Q (OR2X1)                                    0.26     549.47 r
  div_313/U3/Q (MUX21X1)                                 17.73     567.20 r
  div_313/U22/Q (AND2X1)                                  1.26     568.46 r
  div_313/U15/Q (OR2X1)                                   0.80     569.26 r
  div_313/U14/Q (MUX21X1)                                 0.60     569.86 r
  div_313/U23/Q (AND2X1)                                  0.23     570.09 r
  div_313/U24/Q (OR2X1)                                   0.21     570.30 r
  div_313/quotient[0] (css_phy_tx_top_DW_div_uns_1)       0.00     570.30 r
  U6328/Q (AO22X1)                                        0.68     570.97 r
  U6351/Q (OR2X2)                                         3.49     574.46 r
  U6350/CO (FADDX1)                                       2.17     576.63 r
  U12523/Q (AND2X1)                                       3.02     579.65 r
  U12705/Q (AND2X1)                                       2.17     581.82 r
  U6367/Q (AND2X1)                                        1.87     583.69 r
  U12527/Q (AND2X4)                                       3.07     586.77 r
  U9797/QN (NAND2X0)                                      2.47     589.23 f
  U9796/Q (XNOR2X1)                                       1.15     590.39 r
  u_csk_sequencer/num_groups[10] (csk_sequencer)          0.00     590.39 r
  u_csk_sequencer/U109/ZN (INVX0)                         0.54     590.93 f
  u_csk_sequencer/U108/ZN (INVX0)                         0.48     591.41 r
  u_csk_sequencer/U90/Q (OR4X1)                           0.26     591.67 r
  u_csk_sequencer/U89/QN (NAND3X0)                        0.20     591.87 f
  u_csk_sequencer/U110/QN (NAND2X0)                       0.50     592.37 r
  u_csk_sequencer/U113/ZN (INVX0)                         0.37     592.74 f
  u_csk_sequencer/U112/QN (NOR2X0)                        2.36     595.11 r
  u_csk_sequencer/U102/ZN (INVX0)                         0.99     596.10 f
  u_csk_sequencer/U103/ZN (INVX0)                         0.31     596.40 r
  u_csk_sequencer/U44/Q (AO22X1)                          1.10     597.51 r
  u_csk_sequencer/group_count_reg[4]/D (DFFARX1)          0.03     597.54 r
  data arrival time                                                597.54

  clock CLK (rise edge)                                1000.00    1000.00
  clock network delay (ideal)                             0.00    1000.00
  clock uncertainty                                      -2.00     998.00
  u_csk_sequencer/group_count_reg[4]/CLK (DFFARX1)        0.00     998.00 r
  library setup time                                     -0.05     997.95
  data required time                                               997.95
  --------------------------------------------------------------------------
  data required time                                               997.95
  data arrival time                                               -597.54
  --------------------------------------------------------------------------
  slack (MET)                                                      400.41


  Startpoint: payloadLength[3]
              (input port clocked by CLK)
  Endpoint: u_csk_sequencer/group_count_reg[3]
            (rising edge-triggered flip-flop clocked by CLK)
  Path Group: CLK
  Path Type: max

  Des/Clust/Port     Wire Load Model       Library
  ------------------------------------------------
  css_phy_tx_top     540000                saed90nm_max
  css_phy_tx_top_DW_div_uns_3
                     8000                  saed90nm_max
  css_phy_tx_top_DW_div_uns_1
                     8000                  saed90nm_max
  csk_sequencer      8000                  saed90nm_max

  Point                                                   Incr       Path
  --------------------------------------------------------------------------
  clock CLK (rise edge)                                   0.00       0.00
  clock network delay (ideal)                             0.00       0.00
  input external delay                                  300.00     300.00 r
  payloadLength[3] (in)                                   0.08     300.08 r
  U12533/Q (XOR2X2)                                      77.17     377.24 r
  rem_302/a[6] (css_phy_tx_top_DW_div_uns_3)              0.00     377.24 r
  rem_302/U45/ZN (INVX0)                                 46.67     423.92 f
  rem_302/U46/ZN (INVX0)                                  0.13     424.05 r
  rem_302/U6/Q (MUX21X1)                                  0.50     424.55 r
  rem_302/U54/Q (MUX21X1)                                 0.53     425.07 r
  rem_302/U27/Q (AND2X1)                                  1.23     426.30 r
  rem_302/U22/Q (OR2X2)                                   0.26     426.56 r
  rem_302/U55/Q (MUX21X1)                                 1.91     428.47 r
  rem_302/U25/Q (AND2X1)                                  1.23     429.69 r
  rem_302/U8/Q (OR2X1)                                    0.27     429.96 r
  rem_302/U57/Q (MUX21X1)                                 1.92     431.88 r
  rem_302/U26/Q (AND2X1)                                  1.23     433.11 r
  rem_302/U2/Q (OR2X1)                                    0.24     433.35 r
  rem_302/U1/Z (NBUFFX2)                                  0.55     433.90 r
  rem_302/U17/Q (MUX21X2)                                 0.64     434.54 r
  rem_302/U24/Q (AND2X1)                                  0.82     435.36 r
  rem_302/U23/Q (OR2X1)                                   0.24     435.59 r
  rem_302/U37/Q (MUX21X1)                                 0.61     436.21 r
  rem_302/remainder[3] (css_phy_tx_top_DW_div_uns_3)      0.00     436.21 r
  U12545/ZN (INVX0)                                       1.98     438.18 f
  U8745/QN (NOR2X0)                                       3.00     441.18 r
  U6363/Q (AND2X1)                                        3.78     444.97 r
  add_307/U1_5/CO (FADDX1)                               13.27     458.23 r
  add_307/U1_6/CO (FADDX1)                                2.22     460.45 r
  U6344/CO (FADDX2)                                       2.19     462.64 r
  U6345/CO (FADDX2)                                       2.18     464.82 r
  U6346/CO (FADDX2)                                       2.16     466.98 r
  U12547/Q (XOR3X1)                                       1.02     468.01 r
  div_313/a[10] (css_phy_tx_top_DW_div_uns_1)             0.00     468.01 r
  div_313/U41/ZN (INVX0)                                  1.78     469.78 f
  div_313/U42/ZN (INVX0)                                  0.17     469.95 r
  div_313/u_div/u_fa_PartRem_0_7_3/CO (FADDX1)            0.87     470.83 r
  div_313/U44/Q (MUX21X2)                                17.58     488.41 r
  div_313/U19/Q (AND2X1)                                  1.22     489.63 r
  div_313/U7/Q (OR2X1)                                    0.26     489.88 r
  div_313/U49/Q (MUX21X2)                                17.57     507.46 f
  div_313/u_div/u_fa_PartRem_0_5_3/CO (FADDX1)            0.92     508.38 f
  div_313/U25/Q (OR2X1)                                   0.29     508.67 f
  div_313/U51/Q (MUX21X1)                                17.72     526.39 f
  div_313/U33/ZN (INVX0)                                  0.28     526.67 r
  div_313/U11/ZN (INVX0)                                  0.33     527.00 f
  div_313/u_div/u_fa_PartRem_0_4_3/CO (FADDX1)            0.49     527.49 f
  div_313/U26/Q (OR2X1)                                   0.31     527.80 f
  div_313/U52/Q (MUX21X1)                                17.75     545.55 r
  div_313/U21/Q (AND2X1)                                  1.25     546.81 r
  div_313/U17/Q (OR2X1)                                   0.81     547.62 r
  div_313/U53/Q (MUX21X1)                                 0.37     547.99 r
  div_313/U20/Q (AND2X1)                                  1.23     549.21 r
  div_313/U4/Q (OR2X1)                                    0.26     549.47 r
  div_313/U3/Q (MUX21X1)                                 17.73     567.20 r
  div_313/U22/Q (AND2X1)                                  1.26     568.46 r
  div_313/U15/Q (OR2X1)                                   0.80     569.26 r
  div_313/U14/Q (MUX21X1)                                 0.60     569.86 r
  div_313/U23/Q (AND2X1)                                  0.23     570.09 r
  div_313/U24/Q (OR2X1)                                   0.21     570.30 r
  div_313/quotient[0] (css_phy_tx_top_DW_div_uns_1)       0.00     570.30 r
  U6328/Q (AO22X1)                                        0.68     570.97 r
  U6351/Q (OR2X2)                                         3.49     574.46 r
  U6350/CO (FADDX1)                                       2.17     576.63 r
  U12523/Q (AND2X1)                                       3.02     579.65 r
  U12705/Q (AND2X1)                                       2.17     581.82 r
  U6367/Q (AND2X1)                                        1.87     583.69 r
  U12527/Q (AND2X4)                                       3.07     586.77 r
  U9797/QN (NAND2X0)                                      2.47     589.23 f
  U9796/Q (XNOR2X1)                                       1.15     590.39 r
  u_csk_sequencer/num_groups[10] (csk_sequencer)          0.00     590.39 r
  u_csk_sequencer/U109/ZN (INVX0)                         0.54     590.93 f
  u_csk_sequencer/U108/ZN (INVX0)                         0.48     591.41 r
  u_csk_sequencer/U90/Q (OR4X1)                           0.26     591.67 r
  u_csk_sequencer/U89/QN (NAND3X0)                        0.20     591.87 f
  u_csk_sequencer/U110/QN (NAND2X0)                       0.50     592.37 r
  u_csk_sequencer/U113/ZN (INVX0)                         0.37     592.74 f
  u_csk_sequencer/U112/QN (NOR2X0)                        2.36     595.11 r
  u_csk_sequencer/U102/ZN (INVX0)                         0.99     596.10 f
  u_csk_sequencer/U103/ZN (INVX0)                         0.31     596.40 r
  u_csk_sequencer/U43/Q (AO22X1)                          1.10     597.51 r
  u_csk_sequencer/group_count_reg[3]/D (DFFARX1)          0.03     597.54 r
  data arrival time                                                597.54

  clock CLK (rise edge)                                1000.00    1000.00
  clock network delay (ideal)                             0.00    1000.00
  clock uncertainty                                      -2.00     998.00
  u_csk_sequencer/group_count_reg[3]/CLK (DFFARX1)        0.00     998.00 r
  library setup time                                     -0.05     997.95
  data required time                                               997.95
  --------------------------------------------------------------------------
  data required time                                               997.95
  data arrival time                                               -597.54
  --------------------------------------------------------------------------
  slack (MET)                                                      400.41


  Startpoint: payloadLength[3]
              (input port clocked by CLK)
  Endpoint: u_csk_sequencer/group_count_reg[9]
            (rising edge-triggered flip-flop clocked by CLK)
  Path Group: CLK
  Path Type: max

  Des/Clust/Port     Wire Load Model       Library
  ------------------------------------------------
  css_phy_tx_top     540000                saed90nm_max
  css_phy_tx_top_DW_div_uns_3
                     8000                  saed90nm_max
  css_phy_tx_top_DW_div_uns_1
                     8000                  saed90nm_max
  csk_sequencer      8000                  saed90nm_max

  Point                                                   Incr       Path
  --------------------------------------------------------------------------
  clock CLK (rise edge)                                   0.00       0.00
  clock network delay (ideal)                             0.00       0.00
  input external delay                                  300.00     300.00 r
  payloadLength[3] (in)                                   0.08     300.08 r
  U12533/Q (XOR2X2)                                      77.17     377.24 r
  rem_302/a[6] (css_phy_tx_top_DW_div_uns_3)              0.00     377.24 r
  rem_302/U45/ZN (INVX0)                                 46.67     423.92 f
  rem_302/U46/ZN (INVX0)                                  0.13     424.05 r
  rem_302/U6/Q (MUX21X1)                                  0.50     424.55 r
  rem_302/U54/Q (MUX21X1)                                 0.53     425.07 r
  rem_302/U27/Q (AND2X1)                                  1.23     426.30 r
  rem_302/U22/Q (OR2X2)                                   0.26     426.56 r
  rem_302/U55/Q (MUX21X1)                                 1.91     428.47 r
  rem_302/U25/Q (AND2X1)                                  1.23     429.69 r
  rem_302/U8/Q (OR2X1)                                    0.27     429.96 r
  rem_302/U57/Q (MUX21X1)                                 1.92     431.88 r
  rem_302/U26/Q (AND2X1)                                  1.23     433.11 r
  rem_302/U2/Q (OR2X1)                                    0.24     433.35 r
  rem_302/U1/Z (NBUFFX2)                                  0.55     433.90 r
  rem_302/U17/Q (MUX21X2)                                 0.64     434.54 r
  rem_302/U24/Q (AND2X1)                                  0.82     435.36 r
  rem_302/U23/Q (OR2X1)                                   0.24     435.59 r
  rem_302/U37/Q (MUX21X1)                                 0.61     436.21 r
  rem_302/remainder[3] (css_phy_tx_top_DW_div_uns_3)      0.00     436.21 r
  U12545/ZN (INVX0)                                       1.98     438.18 f
  U8745/QN (NOR2X0)                                       3.00     441.18 r
  U6363/Q (AND2X1)                                        3.78     444.97 r
  add_307/U1_5/CO (FADDX1)                               13.27     458.23 r
  add_307/U1_6/CO (FADDX1)                                2.22     460.45 r
  U6344/CO (FADDX2)                                       2.19     462.64 r
  U6345/CO (FADDX2)                                       2.18     464.82 r
  U6346/CO (FADDX2)                                       2.16     466.98 r
  U12547/Q (XOR3X1)                                       1.02     468.01 r
  div_313/a[10] (css_phy_tx_top_DW_div_uns_1)             0.00     468.01 r
  div_313/U41/ZN (INVX0)                                  1.78     469.78 f
  div_313/U42/ZN (INVX0)                                  0.17     469.95 r
  div_313/u_div/u_fa_PartRem_0_7_3/CO (FADDX1)            0.87     470.83 r
  div_313/U44/Q (MUX21X2)                                17.58     488.41 r
  div_313/U19/Q (AND2X1)                                  1.22     489.63 r
  div_313/U7/Q (OR2X1)                                    0.26     489.88 r
  div_313/U49/Q (MUX21X2)                                17.57     507.46 f
  div_313/u_div/u_fa_PartRem_0_5_3/CO (FADDX1)            0.92     508.38 f
  div_313/U25/Q (OR2X1)                                   0.29     508.67 f
  div_313/U51/Q (MUX21X1)                                17.72     526.39 f
  div_313/U33/ZN (INVX0)                                  0.28     526.67 r
  div_313/U11/ZN (INVX0)                                  0.33     527.00 f
  div_313/u_div/u_fa_PartRem_0_4_3/CO (FADDX1)            0.49     527.49 f
  div_313/U26/Q (OR2X1)                                   0.31     527.80 f
  div_313/U52/Q (MUX21X1)                                17.75     545.55 r
  div_313/U21/Q (AND2X1)                                  1.25     546.81 r
  div_313/U17/Q (OR2X1)                                   0.81     547.62 r
  div_313/U53/Q (MUX21X1)                                 0.37     547.99 r
  div_313/U20/Q (AND2X1)                                  1.23     549.21 r
  div_313/U4/Q (OR2X1)                                    0.26     549.47 r
  div_313/U3/Q (MUX21X1)                                 17.73     567.20 r
  div_313/U22/Q (AND2X1)                                  1.26     568.46 r
  div_313/U15/Q (OR2X1)                                   0.80     569.26 r
  div_313/U14/Q (MUX21X1)                                 0.60     569.86 r
  div_313/U23/Q (AND2X1)                                  0.23     570.09 r
  div_313/U24/Q (OR2X1)                                   0.21     570.30 r
  div_313/quotient[0] (css_phy_tx_top_DW_div_uns_1)       0.00     570.30 r
  U6328/Q (AO22X1)                                        0.68     570.97 r
  U6351/Q (OR2X2)                                         3.49     574.46 r
  U6350/CO (FADDX1)                                       2.17     576.63 r
  U12523/Q (AND2X1)                                       3.02     579.65 r
  U12705/Q (AND2X1)                                       2.17     581.82 r
  U6367/Q (AND2X1)                                        1.87     583.69 r
  U12527/Q (AND2X4)                                       3.07     586.77 r
  U9797/QN (NAND2X0)                                      2.47     589.23 f
  U9796/Q (XNOR2X1)                                       1.15     590.39 r
  u_csk_sequencer/num_groups[10] (csk_sequencer)          0.00     590.39 r
  u_csk_sequencer/U109/ZN (INVX0)                         0.54     590.93 f
  u_csk_sequencer/U108/ZN (INVX0)                         0.48     591.41 r
  u_csk_sequencer/U90/Q (OR4X1)                           0.26     591.67 r
  u_csk_sequencer/U89/QN (NAND3X0)                        0.20     591.87 f
  u_csk_sequencer/U110/QN (NAND2X0)                       0.50     592.37 r
  u_csk_sequencer/U113/ZN (INVX0)                         0.37     592.74 f
  u_csk_sequencer/U112/QN (NOR2X0)                        2.36     595.11 r
  u_csk_sequencer/U102/ZN (INVX0)                         0.99     596.10 f
  u_csk_sequencer/U104/ZN (INVX0)                         0.31     596.40 r
  u_csk_sequencer/U42/Q (AO22X1)                          1.10     597.51 r
  u_csk_sequencer/group_count_reg[9]/D (DFFARX1)          0.03     597.54 r
  data arrival time                                                597.54

  clock CLK (rise edge)                                1000.00    1000.00
  clock network delay (ideal)                             0.00    1000.00
  clock uncertainty                                      -2.00     998.00
  u_csk_sequencer/group_count_reg[9]/CLK (DFFARX1)        0.00     998.00 r
  library setup time                                     -0.05     997.95
  data required time                                               997.95
  --------------------------------------------------------------------------
  data required time                                               997.95
  data arrival time                                               -597.54
  --------------------------------------------------------------------------
  slack (MET)                                                      400.41


  Startpoint: payloadLength[3]
              (input port clocked by CLK)
  Endpoint: u_csk_sequencer/group_count_reg[7]
            (rising edge-triggered flip-flop clocked by CLK)
  Path Group: CLK
  Path Type: max

  Des/Clust/Port     Wire Load Model       Library
  ------------------------------------------------
  css_phy_tx_top     540000                saed90nm_max
  css_phy_tx_top_DW_div_uns_3
                     8000                  saed90nm_max
  css_phy_tx_top_DW_div_uns_1
                     8000                  saed90nm_max
  csk_sequencer      8000                  saed90nm_max

  Point                                                   Incr       Path
  --------------------------------------------------------------------------
  clock CLK (rise edge)                                   0.00       0.00
  clock network delay (ideal)                             0.00       0.00
  input external delay                                  300.00     300.00 r
  payloadLength[3] (in)                                   0.08     300.08 r
  U12533/Q (XOR2X2)                                      77.17     377.24 r
  rem_302/a[6] (css_phy_tx_top_DW_div_uns_3)              0.00     377.24 r
  rem_302/U45/ZN (INVX0)                                 46.67     423.92 f
  rem_302/U46/ZN (INVX0)                                  0.13     424.05 r
  rem_302/U6/Q (MUX21X1)                                  0.50     424.55 r
  rem_302/U54/Q (MUX21X1)                                 0.53     425.07 r
  rem_302/U27/Q (AND2X1)                                  1.23     426.30 r
  rem_302/U22/Q (OR2X2)                                   0.26     426.56 r
  rem_302/U55/Q (MUX21X1)                                 1.91     428.47 r
  rem_302/U25/Q (AND2X1)                                  1.23     429.69 r
  rem_302/U8/Q (OR2X1)                                    0.27     429.96 r
  rem_302/U57/Q (MUX21X1)                                 1.92     431.88 r
  rem_302/U26/Q (AND2X1)                                  1.23     433.11 r
  rem_302/U2/Q (OR2X1)                                    0.24     433.35 r
  rem_302/U1/Z (NBUFFX2)                                  0.55     433.90 r
  rem_302/U17/Q (MUX21X2)                                 0.64     434.54 r
  rem_302/U24/Q (AND2X1)                                  0.82     435.36 r
  rem_302/U23/Q (OR2X1)                                   0.24     435.59 r
  rem_302/U37/Q (MUX21X1)                                 0.61     436.21 r
  rem_302/remainder[3] (css_phy_tx_top_DW_div_uns_3)      0.00     436.21 r
  U12545/ZN (INVX0)                                       1.98     438.18 f
  U8745/QN (NOR2X0)                                       3.00     441.18 r
  U6363/Q (AND2X1)                                        3.78     444.97 r
  add_307/U1_5/CO (FADDX1)                               13.27     458.23 r
  add_307/U1_6/CO (FADDX1)                                2.22     460.45 r
  U6344/CO (FADDX2)                                       2.19     462.64 r
  U6345/CO (FADDX2)                                       2.18     464.82 r
  U6346/CO (FADDX2)                                       2.16     466.98 r
  U12547/Q (XOR3X1)                                       1.02     468.01 r
  div_313/a[10] (css_phy_tx_top_DW_div_uns_1)             0.00     468.01 r
  div_313/U41/ZN (INVX0)                                  1.78     469.78 f
  div_313/U42/ZN (INVX0)                                  0.17     469.95 r
  div_313/u_div/u_fa_PartRem_0_7_3/CO (FADDX1)            0.87     470.83 r
  div_313/U44/Q (MUX21X2)                                17.58     488.41 r
  div_313/U19/Q (AND2X1)                                  1.22     489.63 r
  div_313/U7/Q (OR2X1)                                    0.26     489.88 r
  div_313/U49/Q (MUX21X2)                                17.57     507.46 f
  div_313/u_div/u_fa_PartRem_0_5_3/CO (FADDX1)            0.92     508.38 f
  div_313/U25/Q (OR2X1)                                   0.29     508.67 f
  div_313/U51/Q (MUX21X1)                                17.72     526.39 f
  div_313/U33/ZN (INVX0)                                  0.28     526.67 r
  div_313/U11/ZN (INVX0)                                  0.33     527.00 f
  div_313/u_div/u_fa_PartRem_0_4_3/CO (FADDX1)            0.49     527.49 f
  div_313/U26/Q (OR2X1)                                   0.31     527.80 f
  div_313/U52/Q (MUX21X1)                                17.75     545.55 r
  div_313/U21/Q (AND2X1)                                  1.25     546.81 r
  div_313/U17/Q (OR2X1)                                   0.81     547.62 r
  div_313/U53/Q (MUX21X1)                                 0.37     547.99 r
  div_313/U20/Q (AND2X1)                                  1.23     549.21 r
  div_313/U4/Q (OR2X1)                                    0.26     549.47 r
  div_313/U3/Q (MUX21X1)                                 17.73     567.20 r
  div_313/U22/Q (AND2X1)                                  1.26     568.46 r
  div_313/U15/Q (OR2X1)                                   0.80     569.26 r
  div_313/U14/Q (MUX21X1)                                 0.60     569.86 r
  div_313/U23/Q (AND2X1)                                  0.23     570.09 r
  div_313/U24/Q (OR2X1)                                   0.21     570.30 r
  div_313/quotient[0] (css_phy_tx_top_DW_div_uns_1)       0.00     570.30 r
  U6328/Q (AO22X1)                                        0.68     570.97 r
  U6351/Q (OR2X2)                                         3.49     574.46 r
  U6350/CO (FADDX1)                                       2.17     576.63 r
  U12523/Q (AND2X1)                                       3.02     579.65 r
  U12705/Q (AND2X1)                                       2.17     581.82 r
  U6367/Q (AND2X1)                                        1.87     583.69 r
  U12527/Q (AND2X4)                                       3.07     586.77 r
  U9797/QN (NAND2X0)                                      2.47     589.23 f
  U9796/Q (XNOR2X1)                                       1.15     590.39 r
  u_csk_sequencer/num_groups[10] (csk_sequencer)          0.00     590.39 r
  u_csk_sequencer/U109/ZN (INVX0)                         0.54     590.93 f
  u_csk_sequencer/U108/ZN (INVX0)                         0.48     591.41 r
  u_csk_sequencer/U90/Q (OR4X1)                           0.26     591.67 r
  u_csk_sequencer/U89/QN (NAND3X0)                        0.20     591.87 f
  u_csk_sequencer/U110/QN (NAND2X0)                       0.50     592.37 r
  u_csk_sequencer/U113/ZN (INVX0)                         0.37     592.74 f
  u_csk_sequencer/U112/QN (NOR2X0)                        2.36     595.11 r
  u_csk_sequencer/U102/ZN (INVX0)                         0.99     596.10 f
  u_csk_sequencer/U104/ZN (INVX0)                         0.31     596.40 r
  u_csk_sequencer/U41/Q (AO22X1)                          1.10     597.51 r
  u_csk_sequencer/group_count_reg[7]/D (DFFARX1)          0.03     597.54 r
  data arrival time                                                597.54

  clock CLK (rise edge)                                1000.00    1000.00
  clock network delay (ideal)                             0.00    1000.00
  clock uncertainty                                      -2.00     998.00
  u_csk_sequencer/group_count_reg[7]/CLK (DFFARX1)        0.00     998.00 r
  library setup time                                     -0.05     997.95
  data required time                                               997.95
  --------------------------------------------------------------------------
  data required time                                               997.95
  data arrival time                                               -597.54
  --------------------------------------------------------------------------
  slack (MET)                                                      400.41


1
