****************************************
Report : report_utilization
Design : css_phy_tx_top
Version: O-2018.06-SP1
Date   : Fri Sep 18 06:27:46 2026
****************************************
Utilization Ratio:			0.5858
Utilization options:
 - Area calculation based on:		site_row of block css_phy_tx_top_placement
 - Categories of objects excluded:	hard_macros macro_keepouts soft_macros io_cells hard_blockages 
Total Area:				926521.3440
Total Capacity Area:			926521.3440
Total Area of cells:			542780.9280
Area of excluded objects:
 - hard_macros         :		0.0000
 - macro_keepouts      :		0.0000
 - soft_macros         :		0.0000
 - io_cells            :		0.0000
 - hard_blockages      :		0.0000

Utilization of site-rows with:
 - Site 'unit':				0.5858

0.5858
