****************************************
Report : design
Design : css_phy_tx_top
Version: O-2018.06-SP1
Date   : Fri Sep 18 06:27:46 2026
****************************************

Total number of std cells in library : 223
Total number of dont_use lib cells   : 11
Total number of dont_touch lib cells : 11
Total number of buffers              : 11
Total number of inverters            : 15
Total number of flip-flops           : 46
Total number of latches              : 12
Total number of ICGs                 : 0

Cell Instance Type  Count         Area
--------------------------------------
TOTAL LEAF CELLS    35371   542986.445
Standard cells      35371   542986.445
Hard macro cells        0        0.000
Soft macro cells        0        0.000
Always on cells         0        0.000
Physical only           0        0.000
Fixed cells             0        0.000
Moveable cells      35371   542986.445
Sequential           9747   300294.144
Buffer/inverter      7615    44541.850
ICG cells               0        0.000

Logic Hierarchies                    : 38
Design Masters count                 : 60
Total Flat nets count                : 45300
Total FloatingNets count             : 7
Total no of Ports                    : 74
Number of Master Clocks in design    : 2
Number of Generated Clocks in design : 0
Number of Path Groups in design      : 8 (2 of them Non Default)
Number of Scan Chains in design      : 0
List of Modes                        : default
List of Corners                      : default
List of Scenarios                    : default

Core Area                            : 926521.344
Chip Area                            : 965423.744
Total Site Row Area                  : 926521.344
Number of Blockages                  : 0
Total area of Blockages              : 0.000
Number of Power Domains              : 1
Number of Voltage Areas              : 1
Number of Group Bounds               : 0
Number of Exclusive MoveBounds       : 0
Number of Hard or Soft MoveBounds    : 0
Number of Multibit Registers         : 0
Number of Multibit LS/ISO Cells      : 0
Number of Top Level RP Groups        : 0
Number of Tech Layers                : 66 (57 of them have unknown routing dir.)

Total wire length                    : 0.00 micron
Total number of wires                : 0
Total number of contacts             : 117510
1
