Info:  Net Ref:/WORK/css_phy_tx_top/SO is undriven.
Info:  Net Ref:/WORK/controller_DW_div_uns_0/quotient[10] is undriven.
Info:  Net Ref:/WORK/controller_DW_div_uns_0/quotient[9] is undriven.
Info:  Net Ref:/WORK/controller_DW_div_uns_0/quotient[8] is undriven.
Info:  Net Ref:/WORK/controller_DW_div_uns_0/remainder[3] is undriven.
Info:  Net Ref:/WORK/controller_DW_div_uns_0/remainder[2] is undriven.
Info:  Net Ref:/WORK/controller_DW_div_uns_0/remainder[1] is undriven.
Info:  Net Ref:/WORK/controller_DW_div_uns_0/remainder[0] is undriven.
Info:  Net Ref:/WORK/controller_DW_div_uns_0/divide_by_0 is undriven.
Info:  Net Ref:/WORK/controller_DW_div_uns_1/quotient[10] is undriven.
Info:  Net Ref:/WORK/controller_DW_div_uns_1/quotient[9] is undriven.
Info:  Net Ref:/WORK/controller_DW_div_uns_1/remainder[2] is undriven.
Info:  Net Ref:/WORK/controller_DW_div_uns_1/remainder[1] is undriven.
Info:  Net Ref:/WORK/controller_DW_div_uns_1/remainder[0] is undriven.
Info:  Net Ref:/WORK/controller_DW_div_uns_1/divide_by_0 is undriven.
Info:  Net Ref:/WORK/controller_DW_div_uns_2/quotient[10] is undriven.
Info:  Net Ref:/WORK/controller_DW_div_uns_2/quotient[9] is undriven.
Info:  Net Ref:/WORK/controller_DW_div_uns_2/quotient[8] is undriven.
Info:  Net Ref:/WORK/controller_DW_div_uns_2/quotient[7] is undriven.
Info:  Net Ref:/WORK/controller_DW_div_uns_2/quotient[6] is undriven.
Info:  Net Ref:/WORK/controller_DW_div_uns_2/quotient[5] is undriven.
Info:  Net Ref:/WORK/controller_DW_div_uns_2/quotient[4] is undriven.
Info:  Net Ref:/WORK/controller_DW_div_uns_2/quotient[3] is undriven.
Info:  Net Ref:/WORK/controller_DW_div_uns_2/quotient[2] is undriven.
Info:  Net Ref:/WORK/controller_DW_div_uns_2/quotient[1] is undriven.
Info:  Net Ref:/WORK/controller_DW_div_uns_2/quotient[0] is undriven.
Info:  Net Ref:/WORK/controller_DW_div_uns_2/remainder[2] is undriven.
Info:  Net Ref:/WORK/controller_DW_div_uns_2/remainder[1] is undriven.
Info:  Net Ref:/WORK/controller_DW_div_uns_2/remainder[0] is undriven.
Info:  Net Ref:/WORK/controller_DW_div_uns_2/divide_by_0 is undriven.
Info:  Net Ref:/WORK/controller_DW_div_uns_3/quotient[10] is undriven.
Info:  Net Ref:/WORK/controller_DW_div_uns_3/quotient[9] is undriven.
Info:  Net Ref:/WORK/controller_DW_div_uns_3/quotient[8] is undriven.
Info:  Net Ref:/WORK/controller_DW_div_uns_3/quotient[7] is undriven.
Info:  Net Ref:/WORK/controller_DW_div_uns_3/quotient[6] is undriven.
Info:  Net Ref:/WORK/controller_DW_div_uns_3/quotient[5] is undriven.
Info:  Net Ref:/WORK/controller_DW_div_uns_3/quotient[4] is undriven.
Info:  Net Ref:/WORK/controller_DW_div_uns_3/quotient[3] is undriven.
Info:  Net Ref:/WORK/controller_DW_div_uns_3/quotient[2] is undriven.
Info:  Net Ref:/WORK/controller_DW_div_uns_3/quotient[1] is undriven.
Info:  Net Ref:/WORK/controller_DW_div_uns_3/quotient[0] is undriven.
Info:  Net Ref:/WORK/controller_DW_div_uns_3/remainder[0] is undriven.
Info:  Net Ref:/WORK/controller_DW_div_uns_3/divide_by_0 is undriven.
Info:  Net Ref:/WORK/zero_padding_DW_div_uns_0/quotient[11] is undriven.
Info:  Net Ref:/WORK/zero_padding_DW_div_uns_0/quotient[10] is undriven.
Info:  Net Ref:/WORK/zero_padding_DW_div_uns_0/quotient[9] is undriven.
Info:  Net Ref:/WORK/zero_padding_DW_div_uns_0/quotient[8] is undriven.
Info:  Net Ref:/WORK/zero_padding_DW_div_uns_0/quotient[7] is undriven.
Info:  Net Ref:/WORK/zero_padding_DW_div_uns_0/quotient[6] is undriven.
Info:  Net Ref:/WORK/zero_padding_DW_div_uns_0/quotient[5] is undriven.
Info:  Net Ref:/WORK/zero_padding_DW_div_uns_0/quotient[4] is undriven.
Info:  Net Ref:/WORK/zero_padding_DW_div_uns_0/quotient[3] is undriven.
Info:  Net Ref:/WORK/zero_padding_DW_div_uns_0/quotient[2] is undriven.
Info:  Net Ref:/WORK/zero_padding_DW_div_uns_0/quotient[1] is undriven.
Info:  Net Ref:/WORK/zero_padding_DW_div_uns_0/quotient[0] is undriven.
Info:  Net Ref:/WORK/zero_padding_DW_div_uns_0/remainder[2] is undriven.
Info:  Net Ref:/WORK/zero_padding_DW_div_uns_0/remainder[1] is undriven.
Info:  Net Ref:/WORK/zero_padding_DW_div_uns_0/remainder[0] is undriven.
Info:  Net Ref:/WORK/zero_padding_DW_div_uns_0/divide_by_0 is undriven.
Info:  Net Ref:/WORK/zero_padding_DW_div_uns_1/quotient[11] is undriven.
Info:  Net Ref:/WORK/zero_padding_DW_div_uns_1/quotient[10] is undriven.
Info:  Net Ref:/WORK/zero_padding_DW_div_uns_1/quotient[9] is undriven.
Info:  Net Ref:/WORK/zero_padding_DW_div_uns_1/quotient[8] is undriven.
Info:  Net Ref:/WORK/zero_padding_DW_div_uns_1/quotient[7] is undriven.
Info:  Net Ref:/WORK/zero_padding_DW_div_uns_1/quotient[6] is undriven.
Info:  Net Ref:/WORK/zero_padding_DW_div_uns_1/quotient[5] is undriven.
Info:  Net Ref:/WORK/zero_padding_DW_div_uns_1/quotient[4] is undriven.
Info:  Net Ref:/WORK/zero_padding_DW_div_uns_1/quotient[3] is undriven.
Info:  Net Ref:/WORK/zero_padding_DW_div_uns_1/quotient[2] is undriven.
Info:  Net Ref:/WORK/zero_padding_DW_div_uns_1/quotient[1] is undriven.
Info:  Net Ref:/WORK/zero_padding_DW_div_uns_1/quotient[0] is undriven.
Info:  Net Ref:/WORK/zero_padding_DW_div_uns_1/remainder[0] is undriven.
Info:  Net Ref:/WORK/zero_padding_DW_div_uns_1/divide_by_0 is undriven.
Info:  Net Ref:/WORK/zero_padding_DW_div_uns_3/quotient[11] is undriven.
Info:  Net Ref:/WORK/zero_padding_DW_div_uns_3/quotient[10] is undriven.
Info:  Net Ref:/WORK/zero_padding_DW_div_uns_3/quotient[9] is undriven.
Info:  Net Ref:/WORK/zero_padding_DW_div_uns_3/quotient[8] is undriven.
Info:  Net Ref:/WORK/zero_padding_DW_div_uns_3/quotient[7] is undriven.
Info:  Net Ref:/WORK/zero_padding_DW_div_uns_3/quotient[6] is undriven.
Info:  Net Ref:/WORK/zero_padding_DW_div_uns_3/quotient[5] is undriven.
Info:  Net Ref:/WORK/zero_padding_DW_div_uns_3/quotient[4] is undriven.
Info:  Net Ref:/WORK/zero_padding_DW_div_uns_3/quotient[3] is undriven.
Info:  Net Ref:/WORK/zero_padding_DW_div_uns_3/quotient[2] is undriven.
Info:  Net Ref:/WORK/zero_padding_DW_div_uns_3/quotient[1] is undriven.
Info:  Net Ref:/WORK/zero_padding_DW_div_uns_3/quotient[0] is undriven.
Info:  Net Ref:/WORK/zero_padding_DW_div_uns_3/remainder[0] is undriven.
Info:  Net Ref:/WORK/zero_padding_DW_div_uns_3/divide_by_0 is undriven.
Info:  Net Ref:/WORK/dqpsk_csk_multiplier_DW01_add_0/CO is undriven.
Info:  Net Ref:/WORK/dqpsk_csk_multiplier_DW01_sub_0/CO is undriven.
Info:  Net Ref:/WORK/css_phy_tx_top_DW_div_uns_0/quotient[10] is undriven.
Info:  Net Ref:/WORK/css_phy_tx_top_DW_div_uns_0/quotient[9] is undriven.
Info:  Net Ref:/WORK/css_phy_tx_top_DW_div_uns_0/remainder[2] is undriven.
Info:  Net Ref:/WORK/css_phy_tx_top_DW_div_uns_0/remainder[1] is undriven.
Info:  Net Ref:/WORK/css_phy_tx_top_DW_div_uns_0/remainder[0] is undriven.
Info:  Net Ref:/WORK/css_phy_tx_top_DW_div_uns_0/divide_by_0 is undriven.
Info:  Net Ref:/WORK/css_phy_tx_top_DW_div_uns_1/quotient[10] is undriven.
Info:  Net Ref:/WORK/css_phy_tx_top_DW_div_uns_1/quotient[9] is undriven.
Info:  Net Ref:/WORK/css_phy_tx_top_DW_div_uns_1/quotient[8] is undriven.
Info:  Net Ref:/WORK/css_phy_tx_top_DW_div_uns_1/remainder[3] is undriven.
Info:  Net Ref:/WORK/css_phy_tx_top_DW_div_uns_1/remainder[2] is undriven.
Info:  Net Ref:/WORK/css_phy_tx_top_DW_div_uns_1/remainder[1] is undriven.
Info:  Net Ref:/WORK/css_phy_tx_top_DW_div_uns_1/remainder[0] is undriven.
Info:  Net Ref:/WORK/css_phy_tx_top_DW_div_uns_1/divide_by_0 is undriven.
Info:  Net Ref:/WORK/css_phy_tx_top_DW_div_uns_2/quotient[10] is undriven.
Info:  Net Ref:/WORK/css_phy_tx_top_DW_div_uns_2/quotient[9] is undriven.
Info:  Net Ref:/WORK/css_phy_tx_top_DW_div_uns_2/quotient[8] is undriven.
Info:  Net Ref:/WORK/css_phy_tx_top_DW_div_uns_2/quotient[7] is undriven.
Info:  Net Ref:/WORK/css_phy_tx_top_DW_div_uns_2/quotient[6] is undriven.
Info:  Net Ref:/WORK/css_phy_tx_top_DW_div_uns_2/quotient[5] is undriven.
Info:  Net Ref:/WORK/css_phy_tx_top_DW_div_uns_2/quotient[4] is undriven.
Info:  Net Ref:/WORK/css_phy_tx_top_DW_div_uns_2/quotient[3] is undriven.
Info:  Net Ref:/WORK/css_phy_tx_top_DW_div_uns_2/quotient[2] is undriven.
Info:  Net Ref:/WORK/css_phy_tx_top_DW_div_uns_2/quotient[1] is undriven.
Info:  Net Ref:/WORK/css_phy_tx_top_DW_div_uns_2/quotient[0] is undriven.
Info:  Net Ref:/WORK/css_phy_tx_top_DW_div_uns_2/remainder[0] is undriven.
Info:  Net Ref:/WORK/css_phy_tx_top_DW_div_uns_2/divide_by_0 is undriven.
Info:  Net Ref:/WORK/css_phy_tx_top_DW_div_uns_3/quotient[10] is undriven.
Info:  Net Ref:/WORK/css_phy_tx_top_DW_div_uns_3/quotient[9] is undriven.
Info:  Net Ref:/WORK/css_phy_tx_top_DW_div_uns_3/quotient[8] is undriven.
Info:  Net Ref:/WORK/css_phy_tx_top_DW_div_uns_3/quotient[7] is undriven.
Info:  Net Ref:/WORK/css_phy_tx_top_DW_div_uns_3/quotient[6] is undriven.
Info:  Net Ref:/WORK/css_phy_tx_top_DW_div_uns_3/quotient[5] is undriven.
Info:  Net Ref:/WORK/css_phy_tx_top_DW_div_uns_3/quotient[4] is undriven.
Info:  Net Ref:/WORK/css_phy_tx_top_DW_div_uns_3/quotient[3] is undriven.
Info:  Net Ref:/WORK/css_phy_tx_top_DW_div_uns_3/quotient[2] is undriven.
Info:  Net Ref:/WORK/css_phy_tx_top_DW_div_uns_3/quotient[1] is undriven.
Info:  Net Ref:/WORK/css_phy_tx_top_DW_div_uns_3/quotient[0] is undriven.
Info:  Net Ref:/WORK/css_phy_tx_top_DW_div_uns_3/remainder[2] is undriven.
Info:  Net Ref:/WORK/css_phy_tx_top_DW_div_uns_3/remainder[1] is undriven.
Info:  Net Ref:/WORK/css_phy_tx_top_DW_div_uns_3/remainder[0] is undriven.
Info:  Net Ref:/WORK/css_phy_tx_top_DW_div_uns_3/divide_by_0 is undriven.
Info:  Net Ref:/WORK/css_phy_tx_top_DW01_inc_2/SUM[1] is undriven.
Info:  Net Ref:/WORK/css_phy_tx_top_DW01_inc_2/SUM[0] is undriven.
Info:  Net Imp:/WORK/controller_DW_div_uns_0/quotient[10] is undriven.
Info:  Net Imp:/WORK/controller_DW_div_uns_0/quotient[9] is undriven.
Info:  Net Imp:/WORK/controller_DW_div_uns_0/quotient[8] is undriven.
Info:  Net Imp:/WORK/controller_DW_div_uns_0/remainder[3] is undriven.
Info:  Net Imp:/WORK/controller_DW_div_uns_0/remainder[2] is undriven.
Info:  Net Imp:/WORK/controller_DW_div_uns_0/remainder[1] is undriven.
Info:  Net Imp:/WORK/controller_DW_div_uns_0/remainder[0] is undriven.
Info:  Net Imp:/WORK/controller_DW_div_uns_0/divide_by_0 is undriven.
Info:  Net Imp:/WORK/controller_DW_div_uns_1/quotient[10] is undriven.
Info:  Net Imp:/WORK/controller_DW_div_uns_1/quotient[9] is undriven.
Info:  Net Imp:/WORK/controller_DW_div_uns_1/remainder[2] is undriven.
Info:  Net Imp:/WORK/controller_DW_div_uns_1/remainder[1] is undriven.
Info:  Net Imp:/WORK/controller_DW_div_uns_1/remainder[0] is undriven.
Info:  Net Imp:/WORK/controller_DW_div_uns_1/divide_by_0 is undriven.
Info:  Net Imp:/WORK/controller_DW_div_uns_2/quotient[10] is undriven.
Info:  Net Imp:/WORK/controller_DW_div_uns_2/quotient[9] is undriven.
Info:  Net Imp:/WORK/controller_DW_div_uns_2/quotient[8] is undriven.
Info:  Net Imp:/WORK/controller_DW_div_uns_2/quotient[7] is undriven.
Info:  Net Imp:/WORK/controller_DW_div_uns_2/quotient[6] is undriven.
Info:  Net Imp:/WORK/controller_DW_div_uns_2/quotient[5] is undriven.
Info:  Net Imp:/WORK/controller_DW_div_uns_2/quotient[4] is undriven.
Info:  Net Imp:/WORK/controller_DW_div_uns_2/quotient[3] is undriven.
Info:  Net Imp:/WORK/controller_DW_div_uns_2/quotient[2] is undriven.
Info:  Net Imp:/WORK/controller_DW_div_uns_2/quotient[1] is undriven.
Info:  Net Imp:/WORK/controller_DW_div_uns_2/quotient[0] is undriven.
Info:  Net Imp:/WORK/controller_DW_div_uns_2/remainder[2] is undriven.
Info:  Net Imp:/WORK/controller_DW_div_uns_2/remainder[1] is undriven.
Info:  Net Imp:/WORK/controller_DW_div_uns_2/remainder[0] is undriven.
Info:  Net Imp:/WORK/controller_DW_div_uns_2/divide_by_0 is undriven.
Info:  Net Imp:/WORK/controller_DW_div_uns_3/quotient[10] is undriven.
Info:  Net Imp:/WORK/controller_DW_div_uns_3/quotient[9] is undriven.
Info:  Net Imp:/WORK/controller_DW_div_uns_3/quotient[8] is undriven.
Info:  Net Imp:/WORK/controller_DW_div_uns_3/quotient[7] is undriven.
Info:  Net Imp:/WORK/controller_DW_div_uns_3/quotient[6] is undriven.
Info:  Net Imp:/WORK/controller_DW_div_uns_3/quotient[5] is undriven.
Info:  Net Imp:/WORK/controller_DW_div_uns_3/quotient[4] is undriven.
Info:  Net Imp:/WORK/controller_DW_div_uns_3/quotient[3] is undriven.
Info:  Net Imp:/WORK/controller_DW_div_uns_3/quotient[2] is undriven.
Info:  Net Imp:/WORK/controller_DW_div_uns_3/quotient[1] is undriven.
Info:  Net Imp:/WORK/controller_DW_div_uns_3/quotient[0] is undriven.
Info:  Net Imp:/WORK/controller_DW_div_uns_3/remainder[0] is undriven.
Info:  Net Imp:/WORK/controller_DW_div_uns_3/divide_by_0 is undriven.
Info:  Net Imp:/WORK/zero_padding_DW_div_uns_0/quotient[11] is undriven.
Info:  Net Imp:/WORK/zero_padding_DW_div_uns_0/quotient[10] is undriven.
Info:  Net Imp:/WORK/zero_padding_DW_div_uns_0/quotient[9] is undriven.
Info:  Net Imp:/WORK/zero_padding_DW_div_uns_0/quotient[8] is undriven.
Info:  Net Imp:/WORK/zero_padding_DW_div_uns_0/quotient[7] is undriven.
Info:  Net Imp:/WORK/zero_padding_DW_div_uns_0/quotient[6] is undriven.
Info:  Net Imp:/WORK/zero_padding_DW_div_uns_0/quotient[5] is undriven.
Info:  Net Imp:/WORK/zero_padding_DW_div_uns_0/quotient[4] is undriven.
Info:  Net Imp:/WORK/zero_padding_DW_div_uns_0/quotient[3] is undriven.
Info:  Net Imp:/WORK/zero_padding_DW_div_uns_0/quotient[2] is undriven.
Info:  Net Imp:/WORK/zero_padding_DW_div_uns_0/quotient[1] is undriven.
Info:  Net Imp:/WORK/zero_padding_DW_div_uns_0/quotient[0] is undriven.
Info:  Net Imp:/WORK/zero_padding_DW_div_uns_0/remainder[2] is undriven.
Info:  Net Imp:/WORK/zero_padding_DW_div_uns_0/remainder[1] is undriven.
Info:  Net Imp:/WORK/zero_padding_DW_div_uns_0/remainder[0] is undriven.
Info:  Net Imp:/WORK/zero_padding_DW_div_uns_0/divide_by_0 is undriven.
Info:  Net Imp:/WORK/zero_padding_DW_div_uns_1/quotient[11] is undriven.
Info:  Net Imp:/WORK/zero_padding_DW_div_uns_1/quotient[10] is undriven.
Info:  Net Imp:/WORK/zero_padding_DW_div_uns_1/quotient[9] is undriven.
Info:  Net Imp:/WORK/zero_padding_DW_div_uns_1/quotient[8] is undriven.
Info:  Net Imp:/WORK/zero_padding_DW_div_uns_1/quotient[7] is undriven.
Info:  Net Imp:/WORK/zero_padding_DW_div_uns_1/quotient[6] is undriven.
Info:  Net Imp:/WORK/zero_padding_DW_div_uns_1/quotient[5] is undriven.
Info:  Net Imp:/WORK/zero_padding_DW_div_uns_1/quotient[4] is undriven.
Info:  Net Imp:/WORK/zero_padding_DW_div_uns_1/quotient[3] is undriven.
Info:  Net Imp:/WORK/zero_padding_DW_div_uns_1/quotient[2] is undriven.
Info:  Net Imp:/WORK/zero_padding_DW_div_uns_1/quotient[1] is undriven.
Info:  Net Imp:/WORK/zero_padding_DW_div_uns_1/quotient[0] is undriven.
Info:  Net Imp:/WORK/zero_padding_DW_div_uns_1/remainder[0] is undriven.
Info:  Net Imp:/WORK/zero_padding_DW_div_uns_1/divide_by_0 is undriven.
Info:  Net Imp:/WORK/zero_padding_DW_div_uns_3/quotient[11] is undriven.
Info:  Net Imp:/WORK/zero_padding_DW_div_uns_3/quotient[10] is undriven.
Info:  Net Imp:/WORK/zero_padding_DW_div_uns_3/quotient[9] is undriven.
Info:  Net Imp:/WORK/zero_padding_DW_div_uns_3/quotient[8] is undriven.
Info:  Net Imp:/WORK/zero_padding_DW_div_uns_3/quotient[7] is undriven.
Info:  Net Imp:/WORK/zero_padding_DW_div_uns_3/quotient[6] is undriven.
Info:  Net Imp:/WORK/zero_padding_DW_div_uns_3/quotient[5] is undriven.
Info:  Net Imp:/WORK/zero_padding_DW_div_uns_3/quotient[4] is undriven.
Info:  Net Imp:/WORK/zero_padding_DW_div_uns_3/quotient[3] is undriven.
Info:  Net Imp:/WORK/zero_padding_DW_div_uns_3/quotient[2] is undriven.
Info:  Net Imp:/WORK/zero_padding_DW_div_uns_3/quotient[1] is undriven.
Info:  Net Imp:/WORK/zero_padding_DW_div_uns_3/quotient[0] is undriven.
Info:  Net Imp:/WORK/zero_padding_DW_div_uns_3/remainder[0] is undriven.
Info:  Net Imp:/WORK/zero_padding_DW_div_uns_3/divide_by_0 is undriven.
Info:  Net Imp:/WORK/dqpsk_csk_multiplier_DW01_add_0/CO is undriven.
Info:  Net Imp:/WORK/dqpsk_csk_multiplier_DW01_sub_0/CO is undriven.
Info:  Net Imp:/WORK/css_phy_tx_top_DW_div_uns_0/quotient[10] is undriven.
Info:  Net Imp:/WORK/css_phy_tx_top_DW_div_uns_0/quotient[9] is undriven.
Info:  Net Imp:/WORK/css_phy_tx_top_DW_div_uns_0/remainder[2] is undriven.
Info:  Net Imp:/WORK/css_phy_tx_top_DW_div_uns_0/remainder[1] is undriven.
Info:  Net Imp:/WORK/css_phy_tx_top_DW_div_uns_0/remainder[0] is undriven.
Info:  Net Imp:/WORK/css_phy_tx_top_DW_div_uns_0/divide_by_0 is undriven.
Info:  Net Imp:/WORK/css_phy_tx_top_DW_div_uns_1/quotient[10] is undriven.
Info:  Net Imp:/WORK/css_phy_tx_top_DW_div_uns_1/quotient[9] is undriven.
Info:  Net Imp:/WORK/css_phy_tx_top_DW_div_uns_1/quotient[8] is undriven.
Info:  Net Imp:/WORK/css_phy_tx_top_DW_div_uns_1/remainder[3] is undriven.
Info:  Net Imp:/WORK/css_phy_tx_top_DW_div_uns_1/remainder[2] is undriven.
Info:  Net Imp:/WORK/css_phy_tx_top_DW_div_uns_1/remainder[1] is undriven.
Info:  Net Imp:/WORK/css_phy_tx_top_DW_div_uns_1/remainder[0] is undriven.
Info:  Net Imp:/WORK/css_phy_tx_top_DW_div_uns_1/divide_by_0 is undriven.
Info:  Net Imp:/WORK/css_phy_tx_top_DW_div_uns_2/quotient[10] is undriven.
Info:  Net Imp:/WORK/css_phy_tx_top_DW_div_uns_2/quotient[9] is undriven.
Info:  Net Imp:/WORK/css_phy_tx_top_DW_div_uns_2/quotient[8] is undriven.
Info:  Net Imp:/WORK/css_phy_tx_top_DW_div_uns_2/quotient[7] is undriven.
Info:  Net Imp:/WORK/css_phy_tx_top_DW_div_uns_2/quotient[6] is undriven.
Info:  Net Imp:/WORK/css_phy_tx_top_DW_div_uns_2/quotient[5] is undriven.
Info:  Net Imp:/WORK/css_phy_tx_top_DW_div_uns_2/quotient[4] is undriven.
Info:  Net Imp:/WORK/css_phy_tx_top_DW_div_uns_2/quotient[3] is undriven.
Info:  Net Imp:/WORK/css_phy_tx_top_DW_div_uns_2/quotient[2] is undriven.
Info:  Net Imp:/WORK/css_phy_tx_top_DW_div_uns_2/quotient[1] is undriven.
Info:  Net Imp:/WORK/css_phy_tx_top_DW_div_uns_2/quotient[0] is undriven.
Info:  Net Imp:/WORK/css_phy_tx_top_DW_div_uns_2/remainder[0] is undriven.
Info:  Net Imp:/WORK/css_phy_tx_top_DW_div_uns_2/divide_by_0 is undriven.
Info:  Net Imp:/WORK/css_phy_tx_top_DW_div_uns_3/quotient[10] is undriven.
Info:  Net Imp:/WORK/css_phy_tx_top_DW_div_uns_3/quotient[9] is undriven.
Info:  Net Imp:/WORK/css_phy_tx_top_DW_div_uns_3/quotient[8] is undriven.
Info:  Net Imp:/WORK/css_phy_tx_top_DW_div_uns_3/quotient[7] is undriven.
Info:  Net Imp:/WORK/css_phy_tx_top_DW_div_uns_3/quotient[6] is undriven.
Info:  Net Imp:/WORK/css_phy_tx_top_DW_div_uns_3/quotient[5] is undriven.
Info:  Net Imp:/WORK/css_phy_tx_top_DW_div_uns_3/quotient[4] is undriven.
Info:  Net Imp:/WORK/css_phy_tx_top_DW_div_uns_3/quotient[3] is undriven.
Info:  Net Imp:/WORK/css_phy_tx_top_DW_div_uns_3/quotient[2] is undriven.
Info:  Net Imp:/WORK/css_phy_tx_top_DW_div_uns_3/quotient[1] is undriven.
Info:  Net Imp:/WORK/css_phy_tx_top_DW_div_uns_3/quotient[0] is undriven.
Info:  Net Imp:/WORK/css_phy_tx_top_DW_div_uns_3/remainder[2] is undriven.
Info:  Net Imp:/WORK/css_phy_tx_top_DW_div_uns_3/remainder[1] is undriven.
Info:  Net Imp:/WORK/css_phy_tx_top_DW_div_uns_3/remainder[0] is undriven.
Info:  Net Imp:/WORK/css_phy_tx_top_DW_div_uns_3/divide_by_0 is undriven.
Info:  Net Imp:/WORK/css_phy_tx_top_DW01_inc_2/SUM[1] is undriven.
Info:  Net Imp:/WORK/css_phy_tx_top_DW01_inc_2/SUM[0] is undriven.
