


                              IC Compiler II (TM)

             Version O-2018.06-SP1 for linux64 - Jul 17, 2018 -SLE

                    Copyright (c) 1988 - 2018 Synopsys, Inc.
   This software and the associated documentation are proprietary to Synopsys,
 Inc. This software may only be used in accordance with the terms and conditions
 of a written license agreement with Synopsys, Inc. All other use, reproduction,
            or distribution of this software is strictly prohibited.

set design "css_phy_tx_top"
css_phy_tx_top
# --- stages
set prev_stage "dlib"
dlib
set current_stage "floorplan"
floorplan
# ============================================================ #
# ==================== dlib Setup ============================ #
# ============================================================ #
open_block ../../design_lib/dlib/${design}.dlib:${design}.design
Information: User units loaded from library 'saed90nm_max' (LNK-040)
Opening block 'css_phy_tx_top.dlib:css_phy_tx_top.design' in edit mode
{css_phy_tx_top.dlib:css_phy_tx_top.design}
copy_block -from_block ${design}.dlib:${design}.design -to_block ${design}_${current_stage}.design
{css_phy_tx_top.dlib:css_phy_tx_top_floorplan.design}
current_block ${design}_${current_stage}.design
{css_phy_tx_top.dlib:css_phy_tx_top_floorplan.design}
# ============================================================ #
# ==================== Layers Setup ========================== #
# ============================================================ #
# -- Metal Layers Directions
set_attribute [get_layers {M1 M3 M5 M7 M9}] routing_direction horizontal
Information: The design specific attribute override for layer 'M1' is set in the current block 'css_phy_tx_top_floorplan', because the actual library setting may not be overwritten. (ATTR-12)
Information: The design specific attribute override for layer 'M3' is set in the current block 'css_phy_tx_top_floorplan', because the actual library setting may not be overwritten. (ATTR-12)
Information: The design specific attribute override for layer 'M5' is set in the current block 'css_phy_tx_top_floorplan', because the actual library setting may not be overwritten. (ATTR-12)
Information: The design specific attribute override for layer 'M7' is set in the current block 'css_phy_tx_top_floorplan', because the actual library setting may not be overwritten. (ATTR-12)
Information: The design specific attribute override for layer 'M9' is set in the current block 'css_phy_tx_top_floorplan', because the actual library setting may not be overwritten. (ATTR-12)
{M1 M3 M5 M7 M9}
set_attribute [get_layers {M2 M4 M6 M8 MRDL}] routing_direction vertical
Warning: No layer objects matched 'MRDL' (SEL-004)
Information: The design specific attribute override for layer 'M2' is set in the current block 'css_phy_tx_top_floorplan', because the actual library setting may not be overwritten. (ATTR-12)
Information: The design specific attribute override for layer 'M4' is set in the current block 'css_phy_tx_top_floorplan', because the actual library setting may not be overwritten. (ATTR-12)
Information: The design specific attribute override for layer 'M6' is set in the current block 'css_phy_tx_top_floorplan', because the actual library setting may not be overwritten. (ATTR-12)
Information: The design specific attribute override for layer 'M8' is set in the current block 'css_phy_tx_top_floorplan', because the actual library setting may not be overwritten. (ATTR-12)
{M2 M4 M6 M8}
# -- site def attribute
set Name_unit [get_site_defs]
{unit}
set_attribute $Name_unit is_default true
{unit}
# --- Access flipping symmetry to access power and ground rails from both sides of the cell
set_attribute $Name_unit symmetry {Y}
{unit}
# ============================================================ #
# ================= Initialize Floorplan ===================== #
# ============================================================ #
# --- All parameters related to core and die
initialize_floorplan -control_type core                      -core_utilization 0.6                      -shape R                      -core_offset {10}                      -flip_first_row true                      -side_ratio {1 1}
Using libraries: css_phy_tx_top.dlib saed90nm_max saed90_ndm_physical_only
Visiting block css_phy_tx_top.dlib:css_phy_tx_top_floorplan.design
Design 'css_phy_tx_top' was successfully linked.
Removing existing floorplan objects
Creating core...
Core utilization ratio = 60.13%
Unplacing all cells...
Creating site array...
Creating routing tracks...
Initializing floorplan completed.
# ============================================================ #
# ==================== Placement Pins ======================== #
# ============================================================ #
# --- Auto Placement Pins
place_pins -self -ports [get_ports *]
Begin building search trees for block css_phy_tx_top.dlib:css_phy_tx_top_floorplan.design
Done building search trees for block css_phy_tx_top.dlib:css_phy_tx_top_floorplan.design (time 0s)

Min routing layer: M1
Max routing layer: M9


Number of block ports: 47
Number of block pin locations assigned from router: 0
Number of PG ports on blocks: 0
Number of pins created: 47
CPU Time for Pin Placement: 00:00:00.05u 00:00:00.00s 00:00:00.05e: 
Total Pin Placement CPU Time: 00:00:00.09u 00:00:00.00s 00:00:00.10e: 
1
# ============================================================ #
# ==================== Handle Files ========================== #
# ============================================================ #
sh rm -rf ../results
sh mkdir -p ../results/reports
sh mkdir -p ../results/outputs
# ============================================================ #
# ======================== Reports =========================== #
# ============================================================ #
report_qor     > ../results/reports/qor.rpt
report_utilization     > ../results/reports/utilization_default.rpt
get_placement_blockages     > ../results/reports/Blockage.rpt
# ============================================================ #
# ======================= Save Block ========================= #
# ============================================================ #
save_block -as ${design}_${current_stage} ${design}.dlib:${design}_${current_stage}.design
Information: Saving block 'css_phy_tx_top.dlib:css_phy_tx_top_floorplan.design'
1
start_gui
icc2_shell> report_clc[Kocks
****************************************
Report : clock
Design : css_phy_tx_top
Mode   : default
Version: O-2018.06-SP1
Date   : Sat Sep 19 05:53:43 2026
****************************************


Attributes:
    p - Propagated clock
    G - Generated  clock
    U - Unexpanded generated clock

Clock          Period   Waveform            Attrs     Sources
--------------------------------------------------------------------------------
CLK             50.00   {0 25}                        {clk}

1
icc2_shell> exit
Maximum memory usage for this session: 350.96 MB
CPU usage for this session:     21 seconds (  0.01 hours)
Elapsed time for this session:     36 seconds (  0.01 hours)
Thank you for using IC Compiler II.
