
                           Design Compiler Graphical 
                                 DC Ultra (TM)
                                  DFTMAX (TM)
                              Power Compiler (TM)
                                 DesignWare (R)
                                 DC Expert (TM)
                               Design Vision (TM)
                               HDL Compiler (TM)
                               VHDL Compiler (TM)
                                  DFT Compiler
                               Design Compiler(R)

               Version O-2018.06-SP1 for linux64 - Jul 19, 2018 

                    Copyright (c) 1988 - 2018 Synopsys, Inc.
   This software and the associated documentation are proprietary to Synopsys,
 Inc. This software may only be used in accordance with the terms and conditions
 of a written license agreement with Synopsys, Inc. All other use, reproduction,
            or distribution of this software is strictly prohibited.
Initializing...
Initializing gui preferences from file  /home/ICer/.synopsys_dv_prefs.tcl
#################################### Generic Vars ####################################
set library "saed90nm_max.db"
saed90nm_max.db
set design "css_phy_tx_top"
css_phy_tx_top
#################################### Open SVF File ####################################
set_svf "../results/outputs/${design}_syn.svf"
1
##################### Define Working Library Directory ######################
define_design_lib work -path ./work
1
#################################### Set DC Variables ####################################
lappend search_path "../../std_cells"
. /home/synopsys/syn/O-2018.06-SP1/libraries/syn /home/synopsys/syn/O-2018.06-SP1/minpower/syn /home/synopsys/syn/O-2018.06-SP1/dw/syn_ver /home/synopsys/syn/O-2018.06-SP1/dw/sim_ver ../../std_cells
lappend search_path "../../project/RTL"
. /home/synopsys/syn/O-2018.06-SP1/libraries/syn /home/synopsys/syn/O-2018.06-SP1/minpower/syn /home/synopsys/syn/O-2018.06-SP1/dw/syn_ver /home/synopsys/syn/O-2018.06-SP1/dw/sim_ver ../../std_cells ../../project/RTL
set target_library "saed90nm_max.db"
saed90nm_max.db
set link_library [list "*" "saed90nm_max.db"]
* saed90nm_max.db
#################################### Reading RTL Files ####################################
puts "###############################################"
###############################################
puts "############## Reading RTL Files ##############"
############## Reading RTL Files ##############
puts "###############################################"
###############################################
set file_format "verilog"
verilog
read_file -format $file_format [glob ../../project/RTL/*.v]
Loading db file '/mnt/hgfs/Shared_Folder/Zigbee-CSS-PHY-Transmitter-main/std_cells/saed90nm_max.db'
Loading db file '/home/synopsys/syn/O-2018.06-SP1/libraries/syn/gtech.db'
Loading db file '/home/synopsys/syn/O-2018.06-SP1/libraries/syn/standard.sldb'
  Loading link library 'saed90nm_max'
  Loading link library 'gtech'
Loading verilog files: '/mnt/hgfs/Shared_Folder/Zigbee-CSS-PHY-Transmitter-main/project/RTL/bit_interleaver.v' '/mnt/hgfs/Shared_Folder/Zigbee-CSS-PHY-Transmitter-main/project/RTL/csk_generator.v' '/mnt/hgfs/Shared_Folder/Zigbee-CSS-PHY-Transmitter-main/project/RTL/csk_waveform_rom.v' '/mnt/hgfs/Shared_Folder/Zigbee-CSS-PHY-Transmitter-main/project/RTL/csk_waveform_selector.v' '/mnt/hgfs/Shared_Folder/Zigbee-CSS-PHY-Transmitter-main/project/RTL/css_phy_tx_top.v' '/mnt/hgfs/Shared_Folder/Zigbee-CSS-PHY-Transmitter-main/project/RTL/demux_iq.v' '/mnt/hgfs/Shared_Folder/Zigbee-CSS-PHY-Transmitter-main/project/RTL/dqpsk_csk_multiplier.v' '/mnt/hgfs/Shared_Folder/Zigbee-CSS-PHY-Transmitter-main/project/RTL/dqpsk_encoder.v' '/mnt/hgfs/Shared_Folder/Zigbee-CSS-PHY-Transmitter-main/project/RTL/form_ppdu.v' '/mnt/hgfs/Shared_Folder/Zigbee-CSS-PHY-Transmitter-main/project/RTL/mux2X1.v' '/mnt/hgfs/Shared_Folder/Zigbee-CSS-PHY-Transmitter-main/project/RTL/new_controller.v' '/mnt/hgfs/Shared_Folder/Zigbee-CSS-PHY-Transmitter-main/project/RTL/new_csk_sequencer.v' '/mnt/hgfs/Shared_Folder/Zigbee-CSS-PHY-Transmitter-main/project/RTL/new_zero_padding.v' '/mnt/hgfs/Shared_Folder/Zigbee-CSS-PHY-Transmitter-main/project/RTL/qpsk_mapper.v' '/mnt/hgfs/Shared_Folder/Zigbee-CSS-PHY-Transmitter-main/project/RTL/symbol_mapper.v' 
Detecting input file type automatically (-rtl or -netlist).
Reading with Presto HDL Compiler (equivalent to -rtl option).
Running PRESTO HDLC
Compiling source file /mnt/hgfs/Shared_Folder/Zigbee-CSS-PHY-Transmitter-main/project/RTL/bit_interleaver.v
Compiling source file /mnt/hgfs/Shared_Folder/Zigbee-CSS-PHY-Transmitter-main/project/RTL/csk_generator.v
Compiling source file /mnt/hgfs/Shared_Folder/Zigbee-CSS-PHY-Transmitter-main/project/RTL/csk_waveform_rom.v
Compiling source file /mnt/hgfs/Shared_Folder/Zigbee-CSS-PHY-Transmitter-main/project/RTL/csk_waveform_selector.v
Compiling source file /mnt/hgfs/Shared_Folder/Zigbee-CSS-PHY-Transmitter-main/project/RTL/css_phy_tx_top.v
Compiling source file /mnt/hgfs/Shared_Folder/Zigbee-CSS-PHY-Transmitter-main/project/RTL/demux_iq.v
Warning:  Little argument or return value checking implemented for system task or function '$time'. (VER-209)
Warning:  /mnt/hgfs/Shared_Folder/Zigbee-CSS-PHY-Transmitter-main/project/RTL/css_phy_tx_top.v:389: Invalid escape sequence '\0' in call to '$display'. (VER-941)
Warning:  /mnt/hgfs/Shared_Folder/Zigbee-CSS-PHY-Transmitter-main/project/RTL/css_phy_tx_top.v:389: Invalid escape sequence '\0' in call to '$display'. (VER-941)
Warning:  /mnt/hgfs/Shared_Folder/Zigbee-CSS-PHY-Transmitter-main/project/RTL/css_phy_tx_top.v:389: Invalid escape sequence '\0' in call to '$display'. (VER-941)
Compiling source file /mnt/hgfs/Shared_Folder/Zigbee-CSS-PHY-Transmitter-main/project/RTL/dqpsk_csk_multiplier.v
Compiling source file /mnt/hgfs/Shared_Folder/Zigbee-CSS-PHY-Transmitter-main/project/RTL/dqpsk_encoder.v
Compiling source file /mnt/hgfs/Shared_Folder/Zigbee-CSS-PHY-Transmitter-main/project/RTL/form_ppdu.v
Compiling source file /mnt/hgfs/Shared_Folder/Zigbee-CSS-PHY-Transmitter-main/project/RTL/mux2X1.v
Compiling source file /mnt/hgfs/Shared_Folder/Zigbee-CSS-PHY-Transmitter-main/project/RTL/new_controller.v
Compiling source file /mnt/hgfs/Shared_Folder/Zigbee-CSS-PHY-Transmitter-main/project/RTL/new_csk_sequencer.v
Compiling source file /mnt/hgfs/Shared_Folder/Zigbee-CSS-PHY-Transmitter-main/project/RTL/new_zero_padding.v
Warning:  /mnt/hgfs/Shared_Folder/Zigbee-CSS-PHY-Transmitter-main/project/RTL/new_csk_sequencer.v:60: Invalid escape sequence '\0' in call to '$display'. (VER-941)
Warning:  /mnt/hgfs/Shared_Folder/Zigbee-CSS-PHY-Transmitter-main/project/RTL/new_csk_sequencer.v:60: Invalid escape sequence '\0' in call to '$display'. (VER-941)
Warning:  /mnt/hgfs/Shared_Folder/Zigbee-CSS-PHY-Transmitter-main/project/RTL/new_csk_sequencer.v:60: Invalid escape sequence '\0' in call to '$display'. (VER-941)
Warning:  /mnt/hgfs/Shared_Folder/Zigbee-CSS-PHY-Transmitter-main/project/RTL/new_csk_sequencer.v:79: Invalid escape sequence '\0' in call to '$display'. (VER-941)
Warning:  /mnt/hgfs/Shared_Folder/Zigbee-CSS-PHY-Transmitter-main/project/RTL/new_csk_sequencer.v:79: Invalid escape sequence '\0' in call to '$display'. (VER-941)
Warning:  /mnt/hgfs/Shared_Folder/Zigbee-CSS-PHY-Transmitter-main/project/RTL/new_csk_sequencer.v:79: Invalid escape sequence '\0' in call to '$display'. (VER-941)
Compiling source file /mnt/hgfs/Shared_Folder/Zigbee-CSS-PHY-Transmitter-main/project/RTL/qpsk_mapper.v
Compiling source file /mnt/hgfs/Shared_Folder/Zigbee-CSS-PHY-Transmitter-main/project/RTL/symbol_mapper.v

Inferred memory devices in process
	in routine bit_interleaver line 36 in file
		'/mnt/hgfs/Shared_Folder/Zigbee-CSS-PHY-Transmitter-main/project/RTL/bit_interleaver.v'.
===============================================================================
|    Register Name    |   Type    | Width | Bus | MB | AR | AS | SR | SS | ST |
===============================================================================
|    valid_out_reg    | Flip-flop |   1   |  N  | N  | Y  | N  | N  | N  | N  |
|      i_out_reg      | Flip-flop |  64   |  Y  | N  | Y  | N  | N  | N  | N  |
|     q_temp_reg      | Flip-flop |  32   |  Y  | N  | Y  | N  | N  | N  | N  |
|     i_temp_reg      | Flip-flop |  32   |  Y  | N  | Y  | N  | N  | N  | N  |
|      q_out_reg      | Flip-flop |  64   |  Y  | N  | Y  | N  | N  | N  | N  |
|   wait_second_reg   | Flip-flop |   1   |  N  | N  | Y  | N  | N  | N  | N  |
===============================================================================

Inferred memory devices in process
	in routine csk_generator line 61 in file
		'/mnt/hgfs/Shared_Folder/Zigbee-CSS-PHY-Transmitter-main/project/RTL/csk_generator.v'.
==================================================================================
|     Register Name      |   Type    | Width | Bus | MB | AR | AS | SR | SS | ST |
==================================================================================
| csk_sample_valid_d_reg | Flip-flop |   1   |  N  | N  | Y  | N  | N  | N  | N  |
==================================================================================
Warning:  /mnt/hgfs/Shared_Folder/Zigbee-CSS-PHY-Transmitter-main/project/RTL/csk_waveform_rom.v:22: unsigned to signed assignment occurs. (VER-318)
Warning:  /mnt/hgfs/Shared_Folder/Zigbee-CSS-PHY-Transmitter-main/project/RTL/csk_waveform_rom.v:23: unsigned to signed assignment occurs. (VER-318)
Warning:  /mnt/hgfs/Shared_Folder/Zigbee-CSS-PHY-Transmitter-main/project/RTL/csk_waveform_rom.v:24: unsigned to signed assignment occurs. (VER-318)
Warning:  /mnt/hgfs/Shared_Folder/Zigbee-CSS-PHY-Transmitter-main/project/RTL/csk_waveform_rom.v:25: unsigned to signed assignment occurs. (VER-318)
Warning:  /mnt/hgfs/Shared_Folder/Zigbee-CSS-PHY-Transmitter-main/project/RTL/csk_waveform_rom.v:28: unsigned to signed assignment occurs. (VER-318)
Warning:  /mnt/hgfs/Shared_Folder/Zigbee-CSS-PHY-Transmitter-main/project/RTL/csk_waveform_rom.v:29: unsigned to signed assignment occurs. (VER-318)
Warning:  /mnt/hgfs/Shared_Folder/Zigbee-CSS-PHY-Transmitter-main/project/RTL/csk_waveform_rom.v:30: unsigned to signed assignment occurs. (VER-318)
Warning:  /mnt/hgfs/Shared_Folder/Zigbee-CSS-PHY-Transmitter-main/project/RTL/csk_waveform_rom.v:34: unsigned to signed assignment occurs. (VER-318)
Warning:  /mnt/hgfs/Shared_Folder/Zigbee-CSS-PHY-Transmitter-main/project/RTL/csk_waveform_rom.v:35: unsigned to signed assignment occurs. (VER-318)
Warning:  /mnt/hgfs/Shared_Folder/Zigbee-CSS-PHY-Transmitter-main/project/RTL/csk_waveform_rom.v:36: unsigned to signed assignment occurs. (VER-318)
Warning:  /mnt/hgfs/Shared_Folder/Zigbee-CSS-PHY-Transmitter-main/project/RTL/csk_waveform_rom.v:37: unsigned to signed assignment occurs. (VER-318)
Warning:  /mnt/hgfs/Shared_Folder/Zigbee-CSS-PHY-Transmitter-main/project/RTL/csk_waveform_rom.v:38: unsigned to signed assignment occurs. (VER-318)
Warning:  /mnt/hgfs/Shared_Folder/Zigbee-CSS-PHY-Transmitter-main/project/RTL/csk_waveform_rom.v:42: unsigned to signed assignment occurs. (VER-318)
Warning:  /mnt/hgfs/Shared_Folder/Zigbee-CSS-PHY-Transmitter-main/project/RTL/csk_waveform_rom.v:43: unsigned to signed assignment occurs. (VER-318)
Warning:  /mnt/hgfs/Shared_Folder/Zigbee-CSS-PHY-Transmitter-main/project/RTL/csk_waveform_rom.v:44: unsigned to signed assignment occurs. (VER-318)
Warning:  /mnt/hgfs/Shared_Folder/Zigbee-CSS-PHY-Transmitter-main/project/RTL/csk_waveform_rom.v:45: unsigned to signed assignment occurs. (VER-318)
Warning:  /mnt/hgfs/Shared_Folder/Zigbee-CSS-PHY-Transmitter-main/project/RTL/csk_waveform_rom.v:46: unsigned to signed assignment occurs. (VER-318)
Warning:  /mnt/hgfs/Shared_Folder/Zigbee-CSS-PHY-Transmitter-main/project/RTL/csk_waveform_rom.v:50: unsigned to signed assignment occurs. (VER-318)
Warning:  /mnt/hgfs/Shared_Folder/Zigbee-CSS-PHY-Transmitter-main/project/RTL/csk_waveform_rom.v:51: unsigned to signed assignment occurs. (VER-318)
Warning:  /mnt/hgfs/Shared_Folder/Zigbee-CSS-PHY-Transmitter-main/project/RTL/csk_waveform_rom.v:52: unsigned to signed assignment occurs. (VER-318)
Warning:  /mnt/hgfs/Shared_Folder/Zigbee-CSS-PHY-Transmitter-main/project/RTL/csk_waveform_rom.v:55: unsigned to signed assignment occurs. (VER-318)
Warning:  /mnt/hgfs/Shared_Folder/Zigbee-CSS-PHY-Transmitter-main/project/RTL/csk_waveform_rom.v:56: unsigned to signed assignment occurs. (VER-318)
Warning:  /mnt/hgfs/Shared_Folder/Zigbee-CSS-PHY-Transmitter-main/project/RTL/csk_waveform_rom.v:57: unsigned to signed assignment occurs. (VER-318)
Warning:  /mnt/hgfs/Shared_Folder/Zigbee-CSS-PHY-Transmitter-main/project/RTL/csk_waveform_rom.v:58: unsigned to signed assignment occurs. (VER-318)
Warning:  /mnt/hgfs/Shared_Folder/Zigbee-CSS-PHY-Transmitter-main/project/RTL/csk_waveform_rom.v:62: unsigned to signed assignment occurs. (VER-318)
Warning:  /mnt/hgfs/Shared_Folder/Zigbee-CSS-PHY-Transmitter-main/project/RTL/csk_waveform_rom.v:66: unsigned to signed assignment occurs. (VER-318)
Warning:  /mnt/hgfs/Shared_Folder/Zigbee-CSS-PHY-Transmitter-main/project/RTL/csk_waveform_rom.v:67: unsigned to signed assignment occurs. (VER-318)
Warning:  /mnt/hgfs/Shared_Folder/Zigbee-CSS-PHY-Transmitter-main/project/RTL/csk_waveform_rom.v:68: unsigned to signed assignment occurs. (VER-318)
Warning:  /mnt/hgfs/Shared_Folder/Zigbee-CSS-PHY-Transmitter-main/project/RTL/csk_waveform_rom.v:72: unsigned to signed assignment occurs. (VER-318)
Warning:  /mnt/hgfs/Shared_Folder/Zigbee-CSS-PHY-Transmitter-main/project/RTL/csk_waveform_rom.v:73: unsigned to signed assignment occurs. (VER-318)
Warning:  /mnt/hgfs/Shared_Folder/Zigbee-CSS-PHY-Transmitter-main/project/RTL/csk_waveform_rom.v:74: unsigned to signed assignment occurs. (VER-318)
Warning:  /mnt/hgfs/Shared_Folder/Zigbee-CSS-PHY-Transmitter-main/project/RTL/csk_waveform_rom.v:78: unsigned to signed assignment occurs. (VER-318)
Warning:  /mnt/hgfs/Shared_Folder/Zigbee-CSS-PHY-Transmitter-main/project/RTL/csk_waveform_rom.v:79: unsigned to signed assignment occurs. (VER-318)
Warning:  /mnt/hgfs/Shared_Folder/Zigbee-CSS-PHY-Transmitter-main/project/RTL/csk_waveform_rom.v:80: unsigned to signed assignment occurs. (VER-318)
Warning:  /mnt/hgfs/Shared_Folder/Zigbee-CSS-PHY-Transmitter-main/project/RTL/csk_waveform_rom.v:81: unsigned to signed assignment occurs. (VER-318)
Warning:  /mnt/hgfs/Shared_Folder/Zigbee-CSS-PHY-Transmitter-main/project/RTL/csk_waveform_rom.v:83: unsigned to signed assignment occurs. (VER-318)
Warning:  /mnt/hgfs/Shared_Folder/Zigbee-CSS-PHY-Transmitter-main/project/RTL/csk_waveform_rom.v:84: unsigned to signed assignment occurs. (VER-318)
Warning:  /mnt/hgfs/Shared_Folder/Zigbee-CSS-PHY-Transmitter-main/project/RTL/csk_waveform_rom.v:85: unsigned to signed assignment occurs. (VER-318)
Warning:  /mnt/hgfs/Shared_Folder/Zigbee-CSS-PHY-Transmitter-main/project/RTL/csk_waveform_rom.v:86: unsigned to signed assignment occurs. (VER-318)
Warning:  /mnt/hgfs/Shared_Folder/Zigbee-CSS-PHY-Transmitter-main/project/RTL/csk_waveform_rom.v:90: unsigned to signed assignment occurs. (VER-318)
Warning:  /mnt/hgfs/Shared_Folder/Zigbee-CSS-PHY-Transmitter-main/project/RTL/csk_waveform_rom.v:91: unsigned to signed assignment occurs. (VER-318)
Warning:  /mnt/hgfs/Shared_Folder/Zigbee-CSS-PHY-Transmitter-main/project/RTL/csk_waveform_rom.v:92: unsigned to signed assignment occurs. (VER-318)
Warning:  /mnt/hgfs/Shared_Folder/Zigbee-CSS-PHY-Transmitter-main/project/RTL/csk_waveform_rom.v:96: unsigned to signed assignment occurs. (VER-318)
Warning:  /mnt/hgfs/Shared_Folder/Zigbee-CSS-PHY-Transmitter-main/project/RTL/csk_waveform_rom.v:97: unsigned to signed assignment occurs. (VER-318)
Warning:  /mnt/hgfs/Shared_Folder/Zigbee-CSS-PHY-Transmitter-main/project/RTL/csk_waveform_rom.v:98: unsigned to signed assignment occurs. (VER-318)
Warning:  /mnt/hgfs/Shared_Folder/Zigbee-CSS-PHY-Transmitter-main/project/RTL/csk_waveform_rom.v:102: unsigned to signed assignment occurs. (VER-318)

Statistics for case statements in always block at line 17 in file
	'/mnt/hgfs/Shared_Folder/Zigbee-CSS-PHY-Transmitter-main/project/RTL/csk_waveform_rom.v'
===============================================
|           Line           |  full/ parallel  |
===============================================
|            18            |    auto/auto     |
===============================================

Inferred memory devices in process
	in routine csk_waveform_rom line 109 in file
		'/mnt/hgfs/Shared_Folder/Zigbee-CSS-PHY-Transmitter-main/project/RTL/csk_waveform_rom.v'.
===============================================================================
|    Register Name    |   Type    | Width | Bus | MB | AR | AS | SR | SS | ST |
===============================================================================
|       i_c_reg       | Flip-flop |   6   |  Y  | N  | N  | N  | N  | N  | N  |
|       q_c_reg       | Flip-flop |   6   |  Y  | N  | N  | N  | N  | N  | N  |
===============================================================================

Statistics for case statements in always block at line 14 in file
	'/mnt/hgfs/Shared_Folder/Zigbee-CSS-PHY-Transmitter-main/project/RTL/csk_waveform_selector.v'
===============================================
|           Line           |  full/ parallel  |
===============================================
|            15            |    auto/auto     |
===============================================
Warning:  /mnt/hgfs/Shared_Folder/Zigbee-CSS-PHY-Transmitter-main/project/RTL/css_phy_tx_top.v:389: Invalid escape sequence '\0' in call to '$display'. (VER-941)
Warning:  /mnt/hgfs/Shared_Folder/Zigbee-CSS-PHY-Transmitter-main/project/RTL/css_phy_tx_top.v:389: Invalid escape sequence '\0' in call to '$display'. (VER-941)
Warning:  /mnt/hgfs/Shared_Folder/Zigbee-CSS-PHY-Transmitter-main/project/RTL/css_phy_tx_top.v:389: Invalid escape sequence '\0' in call to '$display'. (VER-941)
$display output: [] TOP CSK START: expected_symbols=00 expected_groups=??

Inferred memory devices in process
	in routine css_phy_tx_top line 327 in file
		'/mnt/hgfs/Shared_Folder/Zigbee-CSS-PHY-Transmitter-main/project/RTL/css_phy_tx_top.v'.
=================================================================================
|     Register Name     |   Type    | Width | Bus | MB | AR | AS | SR | SS | ST |
=================================================================================
|  dqpsk_wr_count_reg   | Flip-flop |  11   |  Y  | N  | Y  | N  | N  | N  | N  |
|  dqpsk_mem_real_reg   | Flip-flop | 2048  |  Y  | N  | N  | N  | N  | N  | N  |
|  dqpsk_mem_imag_reg   | Flip-flop | 2048  |  Y  | N  | N  | N  | N  | N  | N  |
| csk_start_pending_reg | Flip-flop |   1   |  N  | N  | Y  | N  | N  | N  | N  |
|  capture_active_reg   | Flip-flop |   1   |  N  | N  | Y  | N  | N  | N  | N  |
=================================================================================

Inferred memory devices in process
	in routine css_phy_tx_top line 377 in file
		'/mnt/hgfs/Shared_Folder/Zigbee-CSS-PHY-Transmitter-main/project/RTL/css_phy_tx_top.v'.
===============================================================================
|    Register Name    |   Type    | Width | Bus | MB | AR | AS | SR | SS | ST |
===============================================================================
|   csk_running_reg   | Flip-flop |   1   |  N  | N  | Y  | N  | N  | N  | N  |
| csk_start_pulse_reg | Flip-flop |   1   |  N  | N  | Y  | N  | N  | N  | N  |
===============================================================================

Inferred memory devices in process
	in routine css_phy_tx_top line 444 in file
		'/mnt/hgfs/Shared_Folder/Zigbee-CSS-PHY-Transmitter-main/project/RTL/css_phy_tx_top.v'.
================================================================================
|    Register Name     |   Type    | Width | Bus | MB | AR | AS | SR | SS | ST |
================================================================================
| csk_symbol_index_reg | Flip-flop |  11   |  Y  | N  | Y  | N  | N  | N  | N  |
================================================================================

Inferred memory devices in process
	in routine css_phy_tx_top line 461 in file
		'/mnt/hgfs/Shared_Folder/Zigbee-CSS-PHY-Transmitter-main/project/RTL/css_phy_tx_top.v'.
===============================================================================
|    Register Name    |   Type    | Width | Bus | MB | AR | AS | SR | SS | ST |
===============================================================================
|  csk_valid_d1_reg   | Flip-flop |   1   |  N  | N  | Y  | N  | N  | N  | N  |
|  csk_valid_d2_reg   | Flip-flop |   1   |  N  | N  | Y  | N  | N  | N  | N  |
===============================================================================

Inferred memory devices in process
	in routine css_phy_tx_top line 511 in file
		'/mnt/hgfs/Shared_Folder/Zigbee-CSS-PHY-Transmitter-main/project/RTL/css_phy_tx_top.v'.
===============================================================================
|    Register Name    |   Type    | Width | Bus | MB | AR | AS | SR | SS | ST |
===============================================================================
|     done_Tx_reg     | Flip-flop |   1   |  N  | N  | Y  | N  | N  | N  | N  |
|  csk_finished_reg   | Flip-flop |   1   |  N  | N  | Y  | N  | N  | N  | N  |
|    css_seen_reg     | Flip-flop |   1   |  N  | N  | Y  | N  | N  | N  | N  |
===============================================================================
Statistics for MUX_OPs
========================================================
|  block name/line   | Inputs | Outputs | # sel inputs |
========================================================
| css_phy_tx_top/434 |  1024  |    4    |      10      |
========================================================

Inferred memory devices in process
	in routine demux_iq line 19 in file
		'/mnt/hgfs/Shared_Folder/Zigbee-CSS-PHY-Transmitter-main/project/RTL/demux_iq.v'.
===============================================================================
|    Register Name    |   Type    | Width | Bus | MB | AR | AS | SR | SS | ST |
===============================================================================
|     i_temp_reg      | Flip-flop |   1   |  N  | N  | Y  | N  | N  | N  | N  |
|      q_bit_reg      | Flip-flop |   1   |  N  | N  | Y  | N  | N  | N  | N  |
|      i_bit_reg      | Flip-flop |   1   |  N  | N  | Y  | N  | N  | N  | N  |
|    valid_out_reg    | Flip-flop |   1   |  N  | N  | Y  | N  | N  | N  | N  |
|     toggle_reg      | Flip-flop |   1   |  N  | N  | Y  | N  | N  | N  | N  |
===============================================================================

Inferred memory devices in process
	in routine dqpsk_csk_multiplier line 23 in file
		'/mnt/hgfs/Shared_Folder/Zigbee-CSS-PHY-Transmitter-main/project/RTL/dqpsk_csk_multiplier.v'.
===============================================================================
|    Register Name    |   Type    | Width | Bus | MB | AR | AS | SR | SS | ST |
===============================================================================
|   s_imag_held_reg   | Flip-flop |   1   |  N  | N  | Y  | N  | N  | N  | N  |
|   s_real_held_reg   | Flip-flop |   1   |  N  | N  | Y  | N  | N  | N  | N  |
===============================================================================

Inferred memory devices in process
	in routine dqpsk_csk_multiplier line 42 in file
		'/mnt/hgfs/Shared_Folder/Zigbee-CSS-PHY-Transmitter-main/project/RTL/dqpsk_csk_multiplier.v'.
===============================================================================
|    Register Name    |   Type    | Width | Bus | MB | AR | AS | SR | SS | ST |
===============================================================================
|      css_i_reg      | Flip-flop |   8   |  Y  | N  | Y  | N  | N  | N  | N  |
|      css_q_reg      | Flip-flop |   8   |  Y  | N  | Y  | N  | N  | N  | N  |
|    css_valid_reg    | Flip-flop |   1   |  N  | N  | Y  | N  | N  | N  | N  |
===============================================================================
Warning:  /mnt/hgfs/Shared_Folder/Zigbee-CSS-PHY-Transmitter-main/project/RTL/dqpsk_encoder.v:26: unsigned to signed assignment occurs. (VER-318)
Warning:  /mnt/hgfs/Shared_Folder/Zigbee-CSS-PHY-Transmitter-main/project/RTL/dqpsk_encoder.v:27: unsigned to signed assignment occurs. (VER-318)

Inferred memory devices in process
	in routine dqpsk_encoder line 29 in file
		'/mnt/hgfs/Shared_Folder/Zigbee-CSS-PHY-Transmitter-main/project/RTL/dqpsk_encoder.v'.
===============================================================================
|    Register Name    |   Type    | Width | Bus | MB | AR | AS | SR | SS | ST |
===============================================================================
|     s_imag_reg      | Flip-flop |   1   |  N  | N  | Y  | N  | N  | N  | N  |
|     s_imag_reg      | Flip-flop |   1   |  N  | N  | N  | Y  | N  | N  | N  |
|    s_real_d_reg     | Flip-flop |   4   |  Y  | N  | Y  | N  | N  | N  | N  |
|    s_real_d_reg     | Flip-flop |   4   |  Y  | N  | N  | Y  | N  | N  | N  |
|    s_imag_d_reg     | Flip-flop |   4   |  Y  | N  | Y  | N  | N  | N  | N  |
|    s_imag_d_reg     | Flip-flop |   4   |  Y  | N  | N  | Y  | N  | N  | N  |
|     s_real_reg      | Flip-flop |   1   |  N  | N  | Y  | N  | N  | N  | N  |
|     s_real_reg      | Flip-flop |   1   |  N  | N  | N  | Y  | N  | N  | N  |
|    valid_out_reg    | Flip-flop |   1   |  N  | N  | Y  | N  | N  | N  | N  |
===============================================================================

Statistics for case statements in always block at line 26 in file
	'/mnt/hgfs/Shared_Folder/Zigbee-CSS-PHY-Transmitter-main/project/RTL/form_ppdu.v'
===============================================
|           Line           |  full/ parallel  |
===============================================
|            34            |    auto/auto     |
===============================================

Inferred memory devices in process
	in routine form_ppdu line 26 in file
		'/mnt/hgfs/Shared_Folder/Zigbee-CSS-PHY-Transmitter-main/project/RTL/form_ppdu.v'.
===============================================================================
|    Register Name    |   Type    | Width | Bus | MB | AR | AS | SR | SS | ST |
===============================================================================
|     wr_ptr_reg      | Flip-flop |  12   |  Y  | N  | Y  | N  | N  | N  | N  |
|     i_fifo_reg      | Flip-flop | 2048  |  Y  | N  | N  | N  | N  | N  | N  |
|     q_fifo_reg      | Flip-flop | 2048  |  Y  | N  | N  | N  | N  | N  | N  |
===============================================================================

Inferred memory devices in process
	in routine form_ppdu line 63 in file
		'/mnt/hgfs/Shared_Folder/Zigbee-CSS-PHY-Transmitter-main/project/RTL/form_ppdu.v'.
===============================================================================
|    Register Name    |   Type    | Width | Bus | MB | AR | AS | SR | SS | ST |
===============================================================================
|     rd_ptr_reg      | Flip-flop |  12   |  Y  | N  | Y  | N  | N  | N  | N  |
|      q_out_reg      | Flip-flop |   1   |  N  | N  | Y  | N  | N  | N  | N  |
|  total_out_cnt_reg  | Flip-flop |  12   |  Y  | N  | Y  | N  | N  | N  | N  |
|  packet_active_reg  | Flip-flop |   1   |  N  | N  | Y  | N  | N  | N  | N  |
|    valid_out_reg    | Flip-flop |   1   |  N  | N  | Y  | N  | N  | N  | N  |
|      i_out_reg      | Flip-flop |   1   |  N  | N  | Y  | N  | N  | N  | N  |
===============================================================================
Statistics for MUX_OPs
======================================================
| block name/line  | Inputs | Outputs | # sel inputs |
======================================================
|   form_ppdu/91   |   32   |   128   |      5       |
|   form_ppdu/91   |   64   |    2    |      6       |
======================================================

Statistics for case statements in always block at line 140 in file
	'/mnt/hgfs/Shared_Folder/Zigbee-CSS-PHY-Transmitter-main/project/RTL/new_controller.v'
===============================================
|           Line           |  full/ parallel  |
===============================================
|           168            |    auto/auto     |
===============================================

Inferred memory devices in process
	in routine controller line 91 in file
		'/mnt/hgfs/Shared_Folder/Zigbee-CSS-PHY-Transmitter-main/project/RTL/new_controller.v'.
===============================================================================
|    Register Name    |   Type    | Width | Bus | MB | AR | AS | SR | SS | ST |
===============================================================================
|   payload_ram_reg   | Flip-flop | 1016  |  Y  | N  | N  | N  | N  | N  | N  |
===============================================================================

Inferred memory devices in process
	in routine controller line 140 in file
		'/mnt/hgfs/Shared_Folder/Zigbee-CSS-PHY-Transmitter-main/project/RTL/new_controller.v'.
=======================================================================================
|        Register Name        |   Type    | Width | Bus | MB | AR | AS | SR | SS | ST |
=======================================================================================
|   payload_length_reg_reg    | Flip-flop |   8   |  Y  | N  | Y  | N  | N  | N  | N  |
|      chip_counter_reg       | Flip-flop |  13   |  Y  | N  | Y  | N  | N  | N  | N  |
| expected_chip_count_reg_reg | Flip-flop |  13   |  Y  | N  | Y  | N  | N  | N  | N  |
|     total_bits_reg_reg      | Flip-flop |  11   |  Y  | N  | Y  | N  | N  | N  | N  |
|       serial_idx_reg        | Flip-flop |  11   |  Y  | N  | Y  | N  | N  | N  | N  |
|     frame_in_flight_reg     | Flip-flop |   1   |  N  | N  | Y  | N  | N  | N  | N  |
|       feed_state_reg        | Flip-flop |   2   |  Y  | N  | Y  | N  | N  | N  | N  |
|       start_frame_reg       | Flip-flop |   1   |  N  | N  | Y  | N  | N  | N  | N  |
|        valid_in_reg         | Flip-flop |   1   |  N  | N  | Y  | N  | N  | N  | N  |
|         bit_in_reg          | Flip-flop |   1   |  N  | N  | Y  | N  | N  | N  | N  |
|         done_Tx_reg         | Flip-flop |   1   |  N  | N  | Y  | N  | N  | N  | N  |
=======================================================================================
Statistics for MUX_OPs
======================================================
| block name/line  | Inputs | Outputs | # sel inputs |
======================================================
|  controller/131  |   8    |    1    |      3       |
|  controller/136  |  128   |    8    |      7       |
|  controller/136  |   8    |    1    |      3       |
======================================================
Warning:  /mnt/hgfs/Shared_Folder/Zigbee-CSS-PHY-Transmitter-main/project/RTL/new_csk_sequencer.v:60: Invalid escape sequence '\0' in call to '$display'. (VER-941)
Warning:  /mnt/hgfs/Shared_Folder/Zigbee-CSS-PHY-Transmitter-main/project/RTL/new_csk_sequencer.v:60: Invalid escape sequence '\0' in call to '$display'. (VER-941)
Warning:  /mnt/hgfs/Shared_Folder/Zigbee-CSS-PHY-Transmitter-main/project/RTL/new_csk_sequencer.v:60: Invalid escape sequence '\0' in call to '$display'. (VER-941)
Warning:  /mnt/hgfs/Shared_Folder/Zigbee-CSS-PHY-Transmitter-main/project/RTL/new_csk_sequencer.v:79: Invalid escape sequence '\0' in call to '$display'. (VER-941)
Warning:  /mnt/hgfs/Shared_Folder/Zigbee-CSS-PHY-Transmitter-main/project/RTL/new_csk_sequencer.v:79: Invalid escape sequence '\0' in call to '$display'. (VER-941)
Warning:  /mnt/hgfs/Shared_Folder/Zigbee-CSS-PHY-Transmitter-main/project/RTL/new_csk_sequencer.v:79: Invalid escape sequence '\0' in call to '$display'. (VER-941)

Statistics for case statements in always block at line 28 in file
	'/mnt/hgfs/Shared_Folder/Zigbee-CSS-PHY-Transmitter-main/project/RTL/new_csk_sequencer.v'
===============================================
|           Line           |  full/ parallel  |
===============================================
|            29            |    auto/auto     |
===============================================
$display output: [] SEQUENCER START: num_groups=00 m=??
$display output: [] GROUP END: group_count=00 num_groups=??

Statistics for case statements in always block at line 37 in file
	'/mnt/hgfs/Shared_Folder/Zigbee-CSS-PHY-Transmitter-main/project/RTL/new_csk_sequencer.v'
===============================================
|           Line           |  full/ parallel  |
===============================================
|            53            |    auto/auto     |
===============================================

Inferred memory devices in process
	in routine csk_sequencer line 37 in file
		'/mnt/hgfs/Shared_Folder/Zigbee-CSS-PHY-Transmitter-main/project/RTL/new_csk_sequencer.v'.
================================================================================
|    Register Name     |   Type    | Width | Bus | MB | AR | AS | SR | SS | ST |
================================================================================
|     k_index_reg      | Flip-flop |   2   |  Y  | N  | Y  | N  | N  | N  | N  |
|     even_odd_reg     | Flip-flop |   1   |  N  | N  | Y  | N  | N  | N  | N  |
|   sample_index_reg   | Flip-flop |   6   |  Y  | N  | Y  | N  | N  | N  | N  |
|   gap_counter_reg    | Flip-flop |   7   |  Y  | N  | Y  | N  | N  | N  | N  |
|  subchirp_tick_reg   | Flip-flop |   1   |  N  | N  | Y  | N  | N  | N  | N  |
|     finished_reg     | Flip-flop |   1   |  N  | N  | Y  | N  | N  | N  | N  |
|    seq_active_reg    | Flip-flop |   1   |  N  | N  | Y  | N  | N  | N  | N  |
| csk_sample_valid_reg | Flip-flop |   1   |  N  | N  | Y  | N  | N  | N  | N  |
|   group_count_reg    | Flip-flop |  11   |  Y  | N  | Y  | N  | N  | N  | N  |
|      state_reg       | Flip-flop |   2   |  Y  | N  | Y  | N  | N  | N  | N  |
================================================================================

Statistics for case statements in always block at line 31 in file
	'/mnt/hgfs/Shared_Folder/Zigbee-CSS-PHY-Transmitter-main/project/RTL/new_zero_padding.v'
===============================================
|           Line           |  full/ parallel  |
===============================================
|            47            |    auto/auto     |
|            59            |    auto/auto     |
|            65            |    auto/auto     |
===============================================

Inferred memory devices in process
	in routine zero_padding line 31 in file
		'/mnt/hgfs/Shared_Folder/Zigbee-CSS-PHY-Transmitter-main/project/RTL/new_zero_padding.v'.
===============================================================================
|    Register Name    |   Type    | Width | Bus | MB | AR | AS | SR | SS | ST |
===============================================================================
| data_bit_count_reg  | Flip-flop |  16   |  Y  | N  | Y  | N  | N  | N  | N  |
|  done_padding_reg   | Flip-flop |   1   |  N  | N  | Y  | N  | N  | N  | N  |
|    valid_out_reg    | Flip-flop |   1   |  N  | N  | Y  | N  | N  | N  | N  |
|     bit_out_reg     | Flip-flop |   1   |  N  | N  | Y  | N  | N  | N  | N  |
|      state_reg      | Flip-flop |   2   |  Y  | N  | Y  | N  | N  | N  | N  |
|  padding_total_reg  | Flip-flop |   6   |  Y  | N  | Y  | N  | N  | N  | N  |
|  padding_count_reg  | Flip-flop |   6   |  Y  | N  | Y  | N  | N  | N  | N  |
| total_data_bits_reg | Flip-flop |  16   |  Y  | N  | Y  | N  | N  | N  | N  |
===============================================================================

Statistics for case statements in always block at line 15 in file
	'/mnt/hgfs/Shared_Folder/Zigbee-CSS-PHY-Transmitter-main/project/RTL/qpsk_mapper.v'
===============================================
|           Line           |  full/ parallel  |
===============================================
|            24            |    auto/auto     |
===============================================

Inferred memory devices in process
	in routine qpsk_mapper line 15 in file
		'/mnt/hgfs/Shared_Folder/Zigbee-CSS-PHY-Transmitter-main/project/RTL/qpsk_mapper.v'.
===============================================================================
|    Register Name    |   Type    | Width | Bus | MB | AR | AS | SR | SS | ST |
===============================================================================
|    valid_out_reg    | Flip-flop |   1   |  N  | N  | Y  | N  | N  | N  | N  |
|     x_real_reg      | Flip-flop |   2   |  Y  | N  | Y  | N  | N  | N  | N  |
|     x_imag_reg      | Flip-flop |   2   |  Y  | N  | Y  | N  | N  | N  | N  |
===============================================================================
Warning:  /mnt/hgfs/Shared_Folder/Zigbee-CSS-PHY-Transmitter-main/project/RTL/symbol_mapper.v:22: DEFAULT branch of CASE statement cannot be reached. (ELAB-311)
Warning:  /mnt/hgfs/Shared_Folder/Zigbee-CSS-PHY-Transmitter-main/project/RTL/symbol_mapper.v:37: DEFAULT branch of CASE statement cannot be reached. (ELAB-311)

Statistics for case statements in always block at line 106 in file
	'/mnt/hgfs/Shared_Folder/Zigbee-CSS-PHY-Transmitter-main/project/RTL/symbol_mapper.v'
===============================================
|           Line           |  full/ parallel  |
===============================================
|            22            |    auto/auto     |
|            37            |    auto/auto     |
===============================================

Inferred memory devices in process
	in routine symbol_mapper line 106 in file
		'/mnt/hgfs/Shared_Folder/Zigbee-CSS-PHY-Transmitter-main/project/RTL/symbol_mapper.v'.
===============================================================================
|    Register Name    |   Type    | Width | Bus | MB | AR | AS | SR | SS | ST |
===============================================================================
|     bit_cnt_reg     | Flip-flop |   3   |  Y  | N  | Y  | N  | N  | N  | N  |
|    valid_out_reg    | Flip-flop |   1   |  N  | N  | Y  | N  | N  | N  | N  |
|    i_mapped_reg     | Flip-flop |  32   |  Y  | N  | Y  | N  | N  | N  | N  |
|    q_mapped_reg     | Flip-flop |  32   |  Y  | N  | Y  | N  | N  | N  | N  |
|     q_shift_reg     | Flip-flop |   5   |  Y  | N  | Y  | N  | N  | N  | N  |
|     i_shift_reg     | Flip-flop |   5   |  Y  | N  | Y  | N  | N  | N  | N  |
===============================================================================
Presto compilation completed successfully.
Current design is now '/mnt/hgfs/Shared_Folder/Zigbee-CSS-PHY-Transmitter-main/project/RTL/bit_interleaver.db:bit_interleaver'
Loaded 15 designs.
Current design is 'bit_interleaver'.
bit_interleaver csk_generator csk_waveform_rom csk_waveform_selector css_phy_tx_top demux_iq dqpsk_csk_multiplier dqpsk_encoder form_ppdu mux2X1 controller csk_sequencer zero_padding qpsk_mapper symbol_mapper
###################### Defining toplevel ###################################
current_design $design
Current design is 'css_phy_tx_top'.
{css_phy_tx_top}
#################### Liniking All The Design Parts #########################
puts "###############################################"
###############################################
puts "######## Liniking All The Design Parts ########"
######## Liniking All The Design Parts ########
puts "###############################################"
###############################################
link 

  Linking design 'css_phy_tx_top'
  Using the following designs and libraries:
  --------------------------------------------------------------------------
  * (15 designs)              /mnt/hgfs/Shared_Folder/Zigbee-CSS-PHY-Transmitter-main/project/RTL/css_phy_tx_top.db, etc
  saed90nm_max (library)      /mnt/hgfs/Shared_Folder/Zigbee-CSS-PHY-Transmitter-main/std_cells/saed90nm_max.db

1
#################### Liniking All The Design Parts #########################
puts "###############################################"
###############################################
puts "######## checking design consistency ##########"
######## checking design consistency ##########
puts "###############################################"
###############################################
check_design
 
****************************************
check_design summary:
Version:     O-2018.06-SP1
Date:        Fri Sep 18 00:42:16 2026
****************************************

                   Name                                            Total
--------------------------------------------------------------------------------
Inputs/Outputs                                                     11
    Unconnected ports (LINT-28)                                     8
    Feedthrough (LINT-29)                                           3

Cells                                                              44
    Cells do not drive (LINT-1)                                    33
    Connected to power or ground (LINT-32)                          6
    Nets connected to multiple pins on same cell (LINT-33)          2
    Cells have undriven hier pins (LINT-59)                         3

Nets                                                                8
    Unloaded nets (LINT-2)                                          5
    Undriven nets (LINT-3)                                          3
--------------------------------------------------------------------------------

Warning: In design 'css_phy_tx_top', cell 'B_29' does not drive any nets. (LINT-1)
Warning: In design 'css_phy_tx_top', cell 'B_30' does not drive any nets. (LINT-1)
Warning: In design 'css_phy_tx_top', cell 'C21234' does not drive any nets. (LINT-1)
Warning: In design 'css_phy_tx_top', cell 'C21235' does not drive any nets. (LINT-1)
Warning: In design 'css_phy_tx_top', cell 'C23387' does not drive any nets. (LINT-1)
Warning: In design 'controller', cell 'B_30' does not drive any nets. (LINT-1)
Warning: In design 'controller', cell 'B_31' does not drive any nets. (LINT-1)
Warning: In design 'controller', cell 'C2822' does not drive any nets. (LINT-1)
Warning: In design 'controller', cell 'C2839' does not drive any nets. (LINT-1)
Warning: In design 'zero_padding', cell 'C512' does not drive any nets. (LINT-1)
Warning: In design 'zero_padding', cell 'C521' does not drive any nets. (LINT-1)
Warning: In design 'zero_padding', cell 'C526' does not drive any nets. (LINT-1)
Warning: In design 'zero_padding', cell 'C531' does not drive any nets. (LINT-1)
Warning: In design 'symbol_mapper', cell 'C2413' does not drive any nets. (LINT-1)
Warning: In design 'symbol_mapper', cell 'C2986' does not drive any nets. (LINT-1)
Warning: In design 'form_ppdu', cell 'C36386' does not drive any nets. (LINT-1)
Warning: In design 'form_ppdu', cell 'C36449' does not drive any nets. (LINT-1)
Warning: In design 'form_ppdu', cell 'C37604' does not drive any nets. (LINT-1)
Warning: In design 'form_ppdu', cell 'C37612' does not drive any nets. (LINT-1)
Warning: In design 'form_ppdu', cell 'C37615' does not drive any nets. (LINT-1)
Warning: In design 'form_ppdu', cell 'C37619' does not drive any nets. (LINT-1)
Warning: In design 'form_ppdu', cell 'C37623' does not drive any nets. (LINT-1)
Warning: In design 'form_ppdu', cell 'C37626' does not drive any nets. (LINT-1)
Warning: In design 'form_ppdu', cell 'C37630' does not drive any nets. (LINT-1)
Warning: In design 'csk_sequencer', cell 'C546' does not drive any nets. (LINT-1)
Warning: In design 'csk_sequencer', cell 'C547' does not drive any nets. (LINT-1)
Warning: In design 'csk_sequencer', cell 'C551' does not drive any nets. (LINT-1)
Warning: In design 'csk_sequencer', cell 'C552' does not drive any nets. (LINT-1)
Warning: In design 'csk_sequencer', cell 'C557' does not drive any nets. (LINT-1)
Warning: In design 'dqpsk_csk_multiplier', cell 'B_2' does not drive any nets. (LINT-1)
Warning: In design 'dqpsk_csk_multiplier', cell 'B_3' does not drive any nets. (LINT-1)
Warning: In design 'dqpsk_csk_multiplier', cell 'B_4' does not drive any nets. (LINT-1)
Warning: In design 'dqpsk_csk_multiplier', cell 'B_5' does not drive any nets. (LINT-1)
Warning: In design 'css_phy_tx_top', net 'padding_done' driven by pin 'u_zero_padding/done_padding' has no loads. (LINT-2)
Warning: In design 'css_phy_tx_top', net 'ctrl_done' driven by pin 'u_controller/done_Tx' has no loads. (LINT-2)
Warning: In design 'css_phy_tx_top', net 'ctrl_valid_to_qpsk' driven by pin 'u_controller/valid_to_qpsk' has no loads. (LINT-2)
Warning: In design 'css_phy_tx_top', net 'ctrl_q_to_qpsk' driven by pin 'u_controller/q_to_qpsk' has no loads. (LINT-2)
Warning: In design 'css_phy_tx_top', net 'ctrl_i_to_qpsk' driven by pin 'u_controller/i_to_qpsk' has no loads. (LINT-2)
Warning: In design 'css_phy_tx_top', net 'ctrl_fp_valid_out' has no drivers.  Logic 0 assumed. (LINT-3)
Warning: In design 'css_phy_tx_top', net 'ctrl_fp_q_out' has no drivers.  Logic 0 assumed. (LINT-3)
Warning: In design 'css_phy_tx_top', net 'ctrl_fp_i_out' has no drivers.  Logic 0 assumed. (LINT-3)
Warning: In design 'css_phy_tx_top', port 'SI' is not connected to any nets. (LINT-28)
Warning: In design 'css_phy_tx_top', port 'SE' is not connected to any nets. (LINT-28)
Warning: In design 'css_phy_tx_top', port 'SO' is not connected to any nets. (LINT-28)
Warning: In design 'controller', port 'payload_addr[7]' is not connected to any nets. (LINT-28)
Warning: In design 'dqpsk_encoder', port 'x_real[0]' is not connected to any nets. (LINT-28)
Warning: In design 'csk_waveform_selector', port 'm[2]' is not connected to any nets. (LINT-28)
Warning: In design 'dqpsk_csk_multiplier', port 's_real[0]' is not connected to any nets. (LINT-28)
Warning: In design 'dqpsk_csk_multiplier', port 's_imag[0]' is not connected to any nets. (LINT-28)
Warning: In design 'controller', input port 'fp_i_out' is connected directly to output port 'i_to_qpsk'. (LINT-29)
Warning: In design 'controller', input port 'fp_q_out' is connected directly to output port 'q_to_qpsk'. (LINT-29)
Warning: In design 'controller', input port 'fp_valid_out' is connected directly to output port 'valid_to_qpsk'. (LINT-29)
Warning: In design 'css_phy_tx_top', a pin on submodule 'u_csk_sequencer' is connected to logic 1 or logic 0. (LINT-32)
   Pin 'm[2]' is connected to logic 0. 
Warning: In design 'css_phy_tx_top', a pin on submodule 'u_csk_sequencer' is connected to logic 1 or logic 0. (LINT-32)
   Pin 'm[1]' is connected to logic 0. 
Warning: In design 'css_phy_tx_top', a pin on submodule 'u_csk_sequencer' is connected to logic 1 or logic 0. (LINT-32)
   Pin 'm[0]' is connected to logic 1. 
Warning: In design 'css_phy_tx_top', a pin on submodule 'u_csk_selector' is connected to logic 1 or logic 0. (LINT-32)
   Pin 'm[2]' is connected to logic 0. 
Warning: In design 'css_phy_tx_top', a pin on submodule 'u_csk_selector' is connected to logic 1 or logic 0. (LINT-32)
   Pin 'm[1]' is connected to logic 0. 
Warning: In design 'css_phy_tx_top', a pin on submodule 'u_csk_selector' is connected to logic 1 or logic 0. (LINT-32)
   Pin 'm[0]' is connected to logic 1. 
Warning: In design 'css_phy_tx_top', the same net is connected to more than one pin on submodule 'u_csk_sequencer'. (LINT-33)
   Net '*Logic0*' is connected to pins 'm[2]', 'm[1]''.
Warning: In design 'css_phy_tx_top', the same net is connected to more than one pin on submodule 'u_csk_selector'. (LINT-33)
   Net '*Logic0*' is connected to pins 'm[2]', 'm[1]''.
Warning: In design 'css_phy_tx_top', input pin 'fp_i_out' of hierarchical cell 'u_controller' has one or more internal loads, but is not connected to any nets. 'Logic 0' is assumed. (LINT-59)
Warning: In design 'css_phy_tx_top', input pin 'fp_q_out' of hierarchical cell 'u_controller' has one or more internal loads, but is not connected to any nets. 'Logic 0' is assumed. (LINT-59)
Warning: In design 'css_phy_tx_top', input pin 'fp_valid_out' of hierarchical cell 'u_controller' has one or more internal loads, but is not connected to any nets. 'Logic 0' is assumed. (LINT-59)
1
#################### Constraints File #########################
puts "###############################################"
###############################################
puts "################## Compile ####################"
################## Compile ####################
puts "###############################################"
###############################################
source -e -v "../cons/cons.tcl"
#################################### Defining Clock ####################################
set TIGHT_PER 600
600
set CLK_PER 1000
1000
#using too tight clk to maximize optimization
create_clock -name "CLK" -period $TIGHT_PER [get_port clk]
1
set_clock_uncertainty 2 [get_clocks "CLK"]
1
set_clock_transition 2 [get_clocks "CLK"]
1
set_clock_latency 0 [get_clocks "CLK"]
1
set_dont_touch_network [get_clocks "CLK"]
1
set_ideal_network [get_ports {clk scan_clk reset scan_rst test_mode}]
1
#################################### In/Out Delays ####################################
# 30% of clk period
set input_delay [expr 0.3 * $CLK_PER]
300.0
set output_delay [expr 0.3 * $CLK_PER]
300.0
set_input_delay $input_delay -clock [get_clocks "CLK"] [remove_from_collection [all_inputs] [get_port clk]]
1
set_output_delay $output_delay -clock [get_clocks "CLK"] [all_outputs]
1
#################################### Driving Cell ####################################
set_driving_cell -library "saed90nm_max" -lib_cell IBUFFX2 [remove_from_collection [all_inputs] [get_port clk]]
Warning: Design rule attributes from the driving cell will be
	set on the port. (UID-401)
Warning: Design rule attributes from the driving cell will be
	set on the port. (UID-401)
Warning: Design rule attributes from the driving cell will be
	set on the port. (UID-401)
Warning: Design rule attributes from the driving cell will be
	set on the port. (UID-401)
Warning: Design rule attributes from the driving cell will be
	set on the port. (UID-401)
Warning: Design rule attributes from the driving cell will be
	set on the port. (UID-401)
Warning: Design rule attributes from the driving cell will be
	set on the port. (UID-401)
Warning: Design rule attributes from the driving cell will be
	set on the port. (UID-401)
Warning: Design rule attributes from the driving cell will be
	set on the port. (UID-401)
Warning: Design rule attributes from the driving cell will be
	set on the port. (UID-401)
Warning: Design rule attributes from the driving cell will be
	set on the port. (UID-401)
Warning: Design rule attributes from the driving cell will be
	set on the port. (UID-401)
Warning: Design rule attributes from the driving cell will be
	set on the port. (UID-401)
Warning: Design rule attributes from the driving cell will be
	set on the port. (UID-401)
Warning: Design rule attributes from the driving cell will be
	set on the port. (UID-401)
Warning: Design rule attributes from the driving cell will be
	set on the port. (UID-401)
Warning: Design rule attributes from the driving cell will be
	set on the port. (UID-401)
Warning: Design rule attributes from the driving cell will be
	set on the port. (UID-401)
Warning: Design rule attributes from the driving cell will be
	set on the port. (UID-401)
Warning: Design rule attributes from the driving cell will be
	set on the port. (UID-401)
Warning: Design rule attributes from the driving cell will be
	set on the port. (UID-401)
Warning: Design rule attributes from the driving cell will be
	set on the port. (UID-401)
Warning: Design rule attributes from the driving cell will be
	set on the port. (UID-401)
Warning: Design rule attributes from the driving cell will be
	set on the port. (UID-401)
Warning: Design rule attributes from the driving cell will be
	set on the port. (UID-401)
Warning: Design rule attributes from the driving cell will be
	set on the port. (UID-401)
Warning: Design rule attributes from the driving cell will be
	set on the port. (UID-401)
Warning: Design rule attributes from the driving cell will be
	set on the port. (UID-401)
Warning: Design rule attributes from the driving cell will be
	set on the port. (UID-401)
Warning: Design rule attributes from the driving cell will be
	set on the port. (UID-401)
Warning: Design rule attributes from the driving cell will be
	set on the port. (UID-401)
Warning: Design rule attributes from the driving cell will be
	set on the port. (UID-401)
Warning: Design rule attributes from the driving cell will be
	set on the port. (UID-401)
1
1
#################### Compile #########################
compile
Information: Evaluating DesignWare library utilization. (UISN-27)

============================================================================
| DesignWare Building Block Library  |         Version         | Available |
============================================================================
| Basic DW Building Blocks           | O-2018.06-DWBB_201806.1 |     *     |
| Licensed DW Building Blocks        |                         |           |
============================================================================


Information: There are 63 potential problems in your design. Please run 'check_design' for more information. (LINT-99)



  Beginning Pass 1 Mapping
  ------------------------
  Processing 'dqpsk_csk_multiplier'
  Processing 'csk_waveform_rom'
  Processing 'csk_waveform_selector'
  Processing 'csk_sequencer'
  Processing 'dqpsk_encoder'
  Processing 'qpsk_mapper'
  Processing 'form_ppdu'
  Processing 'bit_interleaver'
  Processing 'symbol_mapper'
  Processing 'demux_iq'
  Processing 'zero_padding'
Information: The register 'total_data_bits_reg[15]' is a constant and will be removed. (OPT-1206)
Information: The register 'total_data_bits_reg[14]' is a constant and will be removed. (OPT-1206)
Information: The register 'total_data_bits_reg[13]' is a constant and will be removed. (OPT-1206)
Information: The register 'total_data_bits_reg[12]' is a constant and will be removed. (OPT-1206)
  Processing 'controller'
  Processing 'mux2X1_0'
  Processing 'css_phy_tx_top'

  Updating timing information
Information: Updating design information... (UID-85)

  Beginning Implementation Selection
  ----------------------------------
  Processing 'css_phy_tx_top_DW01_inc_0'
  Processing 'css_phy_tx_top_DW01_inc_1'
  Processing 'css_phy_tx_top_DW01_cmp2_0'
  Processing 'css_phy_tx_top_DW01_add_0'
  Processing 'css_phy_tx_top_DW_div_uns_0'
  Processing 'css_phy_tx_top_DW_div_uns_1'
  Processing 'css_phy_tx_top_DW01_add_1'
  Processing 'css_phy_tx_top_DW_div_uns_2'
  Processing 'css_phy_tx_top_DW01_sub_0'
  Processing 'css_phy_tx_top_DW_div_uns_3'
  Processing 'css_phy_tx_top_DW01_add_2'
  Processing 'css_phy_tx_top_DW01_inc_2'
  Processing 'dqpsk_csk_multiplier_DW01_add_0'
  Processing 'dqpsk_csk_multiplier_DW01_sub_0'
  Processing 'dqpsk_csk_multiplier_DW01_sub_1'
  Processing 'dqpsk_csk_multiplier_DW01_sub_2'
  Processing 'csk_sequencer_DW01_dec_0'
  Processing 'csk_sequencer_DW01_cmp2_0'
  Processing 'csk_sequencer_DW01_inc_0'
  Processing 'csk_sequencer_DW01_inc_1'
  Processing 'csk_sequencer_DW01_cmp2_1'
  Processing 'csk_sequencer_DW01_inc_2'
  Processing 'form_ppdu_DW01_add_0'
  Processing 'form_ppdu_DW01_add_1'
  Processing 'form_ppdu_DW01_inc_0'
  Processing 'form_ppdu_DW01_inc_1'
  Processing 'form_ppdu_DW01_cmp2_0'
  Processing 'form_ppdu_DW01_cmp2_1'
  Processing 'form_ppdu_DW01_cmp2_2'
  Processing 'form_ppdu_DW01_cmp2_3'
  Processing 'zero_padding_DW01_inc_0'
  Processing 'zero_padding_DW01_cmp2_0'
  Processing 'zero_padding_DW01_inc_1'
  Processing 'zero_padding_DW01_cmp6_0'
  Processing 'zero_padding_DW01_sub_0'
  Processing 'zero_padding_DW_div_uns_0'
  Processing 'zero_padding_DW_div_uns_1'
  Processing 'zero_padding_DW01_inc_2'
  Processing 'zero_padding_DW01_add_0'
  Processing 'zero_padding_DW_div_uns_2'
  Processing 'zero_padding_DW_div_uns_3'
  Processing 'zero_padding_DW01_add_1'
  Processing 'controller_DW01_inc_0'
  Processing 'controller_DW01_cmp2_0'
  Processing 'controller_DW01_inc_1'
  Processing 'controller_DW01_cmp6_0'
  Processing 'controller_DW01_inc_2'
  Processing 'controller_DW01_cmp2_1'
  Processing 'controller_DW01_sub_0'
  Processing 'controller_DW01_cmp2_2'
  Processing 'controller_DW01_add_0'
  Processing 'controller_DW_div_uns_0'
  Processing 'controller_DW_div_uns_1'
  Processing 'controller_DW01_add_1'
  Processing 'controller_DW01_sub_1'
  Processing 'controller_DW_div_uns_2'
  Processing 'controller_DW_div_uns_3'
  Processing 'controller_DW01_add_2'
  Processing 'csk_waveform_rom_DW01_add_0'
  Processing 'csk_waveform_rom_DW02_mult_0'
  Processing 'csk_waveform_rom_DW01_add_1'

  Beginning Mapping Optimizations  (Medium effort)
  -------------------------------

                                  TOTAL                                      
   ELAPSED            WORST NEG   SETUP    DESIGN                            
    TIME      AREA      SLACK     COST    RULE COST         ENDPOINT         
  --------- --------- --------- --------- --------- -------------------------
    0:01:16  503517.1  21110.18 42323652.0    3429.4                          
    0:01:16  503517.1  21110.18 42323652.0    3429.4                          
Information: The register 'u_controller/expected_chip_count_reg_reg[1]' is a constant and will be removed. (OPT-1206)
Information: The register 'u_controller/expected_chip_count_reg_reg[0]' is a constant and will be removed. (OPT-1206)
Information: The register 'u_controller/total_bits_reg_reg[0]' is a constant and will be removed. (OPT-1206)
Information: The register 'u_controller/total_bits_reg_reg[1]' is a constant and will be removed. (OPT-1206)
Information: The register 'u_zero_padding/padding_total_reg[0]' is a constant and will be removed. (OPT-1206)
Information: The register 'u_zero_padding/total_data_bits_reg[0]' is a constant and will be removed. (OPT-1206)
Information: The register 'u_zero_padding/total_data_bits_reg[1]' is a constant and will be removed. (OPT-1206)
Information: The register 'u_form_ppdu/wr_ptr_reg[0]' is a constant and will be removed. (OPT-1206)
Information: The register 'u_form_ppdu/wr_ptr_reg[1]' is a constant and will be removed. (OPT-1206)
    0:01:34  605698.6    354.29  766827.2   23759.1                          
    0:01:34  605685.6    354.29  766827.2   23759.1                          
    0:01:34  605685.6    354.29  766827.2   23759.1                          
    0:01:35  605685.6    354.29  766827.2   23759.1                          
    0:01:35  605685.6    354.29  767200.2   23759.1                          
    0:01:42  502441.6    350.90  246035.8       0.0                          
    0:01:45  501555.0    281.63  211914.4       0.0                          
    0:01:47  502168.8    281.24  208994.7       0.0                          
    0:01:48  502168.8    281.22  208994.2       0.0                          
    0:01:50  502152.2    281.24  208994.7       0.0                          
    0:01:50  502154.0    281.22  208994.2       0.0                          
    0:01:51  502152.2    281.24  208994.7       0.0                          
    0:01:51  502154.0    281.22  208994.2       0.0                          
    0:01:52  502152.2    281.24  208994.7       0.0                          
    0:01:53  502154.0    281.22  208994.2       0.0                          
    0:01:53  502154.0    281.22  208994.2       0.0                          
    0:01:53  502154.0    281.22  208994.2       0.0                          
    0:01:53  502154.0    281.22  208994.2       0.0                          
    0:01:53  502154.0    281.22  208994.2       0.0                          
    0:01:53  502154.0    281.22  208994.2       0.0                          
    0:01:53  502154.0    281.22  208994.2       0.0                          



  Beginning Delay Optimization Phase
  ----------------------------------

                                  TOTAL                                      
   ELAPSED            WORST NEG   SETUP    DESIGN                            
    TIME      AREA      SLACK     COST    RULE COST         ENDPOINT         
  --------- --------- --------- --------- --------- -------------------------
    0:01:53  502154.0    281.22  208994.2       0.0                          
    0:01:54  502191.8    260.98  207849.4       0.0 csk_start_pending_reg/D  
    0:01:55  502305.2    248.65  207765.3       0.0 csk_start_pending_reg/D  
    0:01:55  502344.8    247.08  207712.1       0.0 csk_start_pending_reg/D  
    0:01:56  502387.2    238.82  207252.1       0.0 csk_start_pending_reg/D  
    0:01:56  502552.2     49.81   25656.2       0.0 u_form_ppdu/q_fifo_reg[7][53]/D
    0:01:56  502637.9     17.93   23261.3       0.0 u_form_ppdu/i_fifo_reg[27][31]/D
    0:01:57  502701.5     14.60   19786.8       0.0 u_form_ppdu/i_fifo_reg[29][43]/D
    0:01:57  502750.3     13.36   18056.9       0.0 u_form_ppdu/i_fifo_reg[17][31]/D
    0:01:57  502806.5     12.76   17322.9       0.0 u_form_ppdu/i_fifo_reg[8][31]/D
    0:01:57  502829.6     11.35   14940.3       0.0 u_form_ppdu/q_fifo_reg[7][53]/D
    0:01:57  502884.9     11.35   14447.4       0.0 u_form_ppdu/i_fifo_reg[27][47]/D
    0:01:57  502929.1     11.35   13720.9       0.0 u_form_ppdu/i_fifo_reg[23][47]/D
    0:01:57  502963.2     11.35   13240.2       0.0 u_form_ppdu/i_fifo_reg[27][27]/D
    0:01:58  503012.0     10.62   11881.7       0.0 u_form_ppdu/i_fifo_reg[17][15]/D
    0:01:58  503076.6      9.99    9350.1       0.0 u_form_ppdu/i_fifo_reg[27][59]/D
    0:01:58  503109.7      9.99    8870.8       0.0 u_form_ppdu/i_fifo_reg[20][59]/D
    0:01:58  503151.2      9.78    8224.9       0.0 u_form_ppdu/i_fifo_reg[8][59]/D
    0:01:58  503192.7      8.09    7914.7       0.0 u_form_ppdu/q_fifo_reg[22][3]/D
    0:01:59  503222.2      7.37    7807.9       0.0 u_form_ppdu/i_fifo_reg[20][47]/D
    0:01:59  503251.7      7.37    7713.0       0.0 u_form_ppdu/i_fifo_reg[14][47]/D
    0:01:59  503281.1      7.37    7618.0       0.0 u_form_ppdu/i_fifo_reg[19][55]/D
    0:01:59  503319.9      7.16    7163.7       0.0 u_form_ppdu/i_fifo_reg[21][35]/D
    0:01:59  503342.0      7.16    7092.5       0.0 u_form_ppdu/i_fifo_reg[21][27]/D
    0:01:59  503389.9      6.43    5386.6       0.0 u_form_ppdu/i_fifo_reg[14][43]/D
    0:02:00  503398.2      4.11    2170.8       0.0 u_form_ppdu/q_fifo_reg[14][3]/D
    0:02:00  503430.4      4.11    2006.6       0.0 u_form_ppdu/q_fifo_reg[8][3]/D
    0:02:00  503444.3      3.39    1959.1       0.0 u_form_ppdu/i_fifo_reg[12][47]/D
    0:02:00  503458.1      3.39    1914.6       0.0 u_form_ppdu/i_fifo_reg[9][15]/D
    0:02:00  503475.6      3.39    1851.9       0.0 u_form_ppdu/i_fifo_reg[14][55]/D
    0:02:00  503507.9      3.39    1716.4       0.0 u_form_ppdu/i_fifo_reg[10][43]/D
    0:02:01  503540.1      3.39    1580.9       0.0 u_form_ppdu/i_fifo_reg[7][55]/D
    0:02:01  503565.0      3.18    1486.8       0.0 u_form_ppdu/i_fifo_reg[10][35]/D
    0:02:01  503588.0      3.18    1398.7       0.0 u_form_ppdu/i_fifo_reg[13][27]/D
    0:02:01  503597.3      3.18    1369.0       0.0 u_form_ppdu/i_fifo_reg[7][27]/D
    0:02:01  503610.2      0.48      63.8       0.0 csk_start_pending_reg/D  
    0:02:01  503602.8      0.00       0.0       0.0                          
    0:02:02  503564.1      0.00       0.0       0.0                          


  Beginning Area-Recovery Phase  (cleanup)
  -----------------------------

                                  TOTAL                                      
   ELAPSED            WORST NEG   SETUP    DESIGN                            
    TIME      AREA      SLACK     COST    RULE COST         ENDPOINT         
  --------- --------- --------- --------- --------- -------------------------
    0:02:02  503564.1      0.00       0.0       0.0                          
    0:02:02  503564.1      0.00       0.0       0.0                          
    0:02:13  500681.3      0.05       0.0       0.0                          
    0:02:14  499035.3      0.05       0.0       0.0                          
    0:02:15  498056.6      1.53     171.8       0.0                          
    0:02:16  497566.3     20.72    4348.8       0.0                          
    0:02:16  497299.0     20.72    4473.8       0.0                          
    0:02:16  497055.7     20.72    4303.8       0.0                          
    0:02:17  496845.6     20.72    4303.8       0.0                          
    0:02:17  496696.3     20.72    4303.8       0.0                          
    0:02:17  496569.1     20.72    4303.8       0.0                          
    0:02:17  496370.1     20.72    4303.8       0.0                          
    0:02:18  496209.7     20.72    4303.8       0.0                          
    0:02:18  496093.6     20.72    4303.8       0.0                          
    0:02:18  495977.5     20.72    4303.8       0.0                          
    0:02:18  495866.9     20.72    4303.8       0.0                          
    0:02:18  495756.3     20.72    4303.8       0.0                          
    0:02:19  495640.2     20.72    4303.8       0.0                          
    0:02:19  495640.2     20.72    4303.8       0.0                          
    0:02:20  495769.2      0.78      27.4       0.0 u_form_ppdu/q_fifo_reg[30][36]/D
    0:02:21  495774.7      0.00       0.0       0.0                          
    0:02:22  493803.4     13.00     855.5       0.0                          
    0:02:22  493789.6     13.00     856.0       0.0                          
    0:02:22  493782.2     13.00     856.2       0.0                          
    0:02:22  493776.7     13.00     856.1       0.0                          
    0:02:22  493776.7     13.00     856.1       0.0                          
    0:02:22  493776.7     13.00     856.1       0.0                          
    0:02:22  493776.7     13.00     856.1       0.0                          
    0:02:22  493776.7     13.00     856.1       0.0                          
    0:02:23  493844.0      3.59     185.1       0.0 u_form_ppdu/q_fifo_reg[9][42]/D
    0:02:24  493848.6      2.02      73.5       0.0 u_form_ppdu/q_fifo_reg[30][36]/D
    0:02:25  493778.5      0.00       0.0       0.0                          
Loading db file '/mnt/hgfs/Shared_Folder/Zigbee-CSS-PHY-Transmitter-main/std_cells/saed90nm_max.db'


Note: Symbol # after min delay cost means estimated hold TNS across all active scenarios 


  Optimization Complete
  ---------------------
Warning: Design 'css_phy_tx_top' contains 1 high-fanout nets. A fanout number of 1000 will be used for delay calculations involving these nets. (TIM-134)
     Net 'u_dqpsk_csk_multiplier/clk': 9745 load(s), 1 driver(s)
1
#using real dedicated clk
create_clock -name "CLK" -period $CLK_PER [get_port clk]
1
update_timing
Information: Updating design information... (UID-85)
Warning: Design 'css_phy_tx_top' contains 1 high-fanout nets. A fanout number of 1000 will be used for delay calculations involving these nets. (TIM-134)
1
#################### Outputs #########################
write_file -format verilog -hierarchy -output ../results/outputs/${design}_syn_netlist.v
Writing verilog file '/mnt/hgfs/Shared_Folder/Zigbee-CSS-PHY-Transmitter-main/syn/results/outputs/css_phy_tx_top_syn_netlist.v'.
Warning: Verilog 'assign' or 'tran' statements are written out. (VO-4)
Warning: Verilog writer has added 9 nets to module controller using SYNOPSYS_UNCONNECTED_ as prefix.  Please use the change_names command to make the correct changes before invoking the verilog writer.  (VO-11)
Warning: Verilog writer has added 5 nets to module zero_padding using SYNOPSYS_UNCONNECTED_ as prefix.  Please use the change_names command to make the correct changes before invoking the verilog writer.  (VO-11)
Warning: Verilog writer has added 11 nets to module css_phy_tx_top using SYNOPSYS_UNCONNECTED_ as prefix.  Please use the change_names command to make the correct changes before invoking the verilog writer.  (VO-11)
1
write_file -format ddc -hierarchy -output ../results/outputs/${design}_syn.ddc
Writing ddc file '../results/outputs/css_phy_tx_top_syn.ddc'.
1
write_sdc ../results/outputs/${design}.sdc
1
#################### Reports #########################
report_clock -attributes > ../results/reports/clock.rpt
report_timing -max_paths 10 -delay_type max > ../results/reports/setup_syn.rpt
report_timing -max_paths 10 -delay_type min > ../results/reports/hold_syn.rpt
report_area -hierarchy > ../results/reports/area.rpt
report_power -hierarchy > ../results/reports/power.rpt
report_constraint -all_violators > ../results/reports/constraint.rpt
#################################### Close SVF File ####################################
set_svf -off
1
#gui_start
exit

Memory usage for main task 264 Mbytes.
Memory usage for this session 264 Mbytes.
CPU usage for this session 162 seconds ( 0.04 hours ).

Thank you...
