


                              IC Compiler II (TM)

             Version O-2018.06-SP1 for linux64 - Jul 17, 2018 -SLE

                    Copyright (c) 1988 - 2018 Synopsys, Inc.
   This software and the associated documentation are proprietary to Synopsys,
 Inc. This software may only be used in accordance with the terms and conditions
 of a written license agreement with Synopsys, Inc. All other use, reproduction,
            or distribution of this software is strictly prohibited.

# ========================================================== #
#                    Variable Setup                         #
# ========================================================== #
set design      "css_phy_tx_top"
css_phy_tx_top
set prev_stage    "floorplan"
floorplan
set current_stage "powerplan"
powerplan
# ========================================================== #
#                     dlib Setup                             #
# ========================================================== #
open_block ../../design_lib/dlib/${design}.dlib:${design}_${prev_stage}.design
Information: User units loaded from library 'saed90nm_max' (LNK-040)
Opening block 'css_phy_tx_top.dlib:css_phy_tx_top_floorplan.design' in edit mode
{css_phy_tx_top.dlib:css_phy_tx_top_floorplan.design}
copy_block -from_block ${design}_${prev_stage}.design -to_block ${design}_${current_stage}.design
Information: Overwriting block 'css_phy_tx_top_powerplan.design' in library 'css_phy_tx_top.dlib'. (DES-025)
{css_phy_tx_top.dlib:css_phy_tx_top_powerplan.design}
current_block ${design}_${current_stage}.design
{css_phy_tx_top.dlib:css_phy_tx_top_powerplan.design}
# ========================================================== #
#                    Initialization                          #
# ========================================================== #
remove_pg_via_master_rules -all
Using libraries: css_phy_tx_top.dlib saed90nm_max saed90_ndm_physical_only
Visiting block css_phy_tx_top.dlib:css_phy_tx_top_powerplan.design
Design 'css_phy_tx_top' was successfully linked.
No via def rule is found.
remove_pg_patterns       -all
No pattern is found.
remove_pg_strategies     -all
All strategies have been removed.
remove_pg_strategy       -all
All strategy via rules have been removed.
# ========================================================== #
#                 Creation of VDD/VSS nets                   #
# ========================================================== #
create_net -power  VDD
{VDD}
create_net -ground VSS
{VSS}
# ========================================================== #
#                    Ring VDD/VSS                            #
#       Create region, pattern, strategy and compile        #
# ========================================================== #
set ring_offset   1
1
set ring_width    3
3
set ring_spacing  4
4
set hm_top        M9
M9
set vm_top        M8
M8
set name_stratege core_ring
core_ring
create_pg_region power_ring_region -core -expand_by_edge     "{{side: 1} {offset: $ring_offset}} {{side: 2} {offset: $ring_offset}} {{side: 3} {offset: $ring_offset}} {{side: 4} {offset: $ring_offset}}"
Define region based on core area.
Expanding the region by: 
{Horizontal offset: 0.000} {Vertical offset: 0.000} {Edge ID: 1 offset: 1.000} {Edge ID: 2 offset: 1.000} {Edge ID: 3 offset: 1.000} {Edge ID: 4 offset: 1.000} 
Create region power_ring_region
{power_ring_region}
create_pg_ring_pattern ring_pattern     -horizontal_layer   $hm_top     -vertical_layer     $vm_top     -horizontal_width   $ring_width     -vertical_width     $ring_width     -horizontal_spacing $ring_spacing     -vertical_spacing   $ring_spacing
Successfully create PG ring pattern ring_pattern.
set_pg_strategy $name_stratege     -pg_regions {power_ring_region}     -pattern {{name: ring_pattern} {nets: "VDD VSS"}}
Successfully set PG strategy core_ring.
compile_pg -strategies $name_stratege
Sanity check for inputs.
No strategy-level via rule is specified, the default rule will be applied.
Automatic PG net connection through connect_pg_net is disabled.
Loading library and design information.
Begin building search trees for block css_phy_tx_top.dlib:css_phy_tx_top_powerplan.design
Done building search trees for block css_phy_tx_top.dlib:css_phy_tx_top_powerplan.design (time 0s)
Updating PG strategies.
Updating strategy core_ring.
Number of Standard Cells: 0
Number of Hard Macros: 0
Number of Pads: 0
Creating rings.
Creating via connection between strategies and existing shapes.
Via DRC checking runtime 0.00 seconds.
via connection runtime: 0 seconds.
Removing dangling/floating wire/vias after DRC check.
Start iteration 1:
Checking potential dangling/floating power plan wires.
Checking dangling/floating vias inside strategy core_ring.
Checking 8 stacked vias:0% 10% 20% 30% 50% 60% 70% 80% 100%
Finish removing all dangling or floating wires and vias.
Commiting wires and vias.
Committed 8 wires.
Committing wires takes 0.00 seconds.
Committed 8 vias.
Committed 0 wires for via creation.
Committing vias takes 0.00 seconds.
Overall PG creation runtime: 0 seconds.
Successfully compiled PG.
Overall runtime: 0 seconds.
1
# ========================================================== #
#                    Straps VDD/VSS                          #
# ========================================================== #
create_pg_mesh_pattern straps_vddvss -layers {
    {{vertical_layer: M8}   {width: 3} {pitch: 20} {spacing: interleaving} {offset: 1}}
    {{horizontal_layer: M9} {width: 3} {pitch: 20} {spacing: interleaving} {offset: 1}}
}
Successfully create mesh pattern straps_vddvss.
1
set_pg_strategy mesh_vddvss -core     -pattern {{pattern: straps_vddvss} {nets: "VDD VSS"}}     -extension {{stop: design_boundary_and_generate_pin}}
Successfully set PG strategy mesh_vddvss.
compile_pg -strategies mesh_vddvss
Sanity check for inputs.
No strategy-level via rule is specified, the default rule will be applied.
Automatic PG net connection through connect_pg_net is disabled.
Loading library and design information.
Updating PG strategies.
Updating strategy mesh_vddvss.
Number of Standard Cells: 0
Number of Hard Macros: 0
Number of Pads: 0
Creating straps and vias in power plan.
Creating wire shapes for strategies mesh_vddvss .
User specified offset for layer M8 in pattern straps_vddvss may result in some wires (partially) out of routing area boundary.
User specified offset for layer M9 in pattern straps_vddvss may result in some wires (partially) out of routing area boundary.
Creating wire shapes runtime: 0 seconds
Blockage cutting and DRC fixing for wire shapes for strategies mesh_vddvss .
Check and fix DRC for 191 wires for strategy mesh_vddvss.
Checking DRC for 191 wires:0% 10% 20% 30% 40% 50% 60% 70% 80% 90% 100%
Creating 191 wires after DRC fixing.
Wire DRC checking runtime 0.00 seconds.
Creating via shapes for strategies mesh_vddvss .
Working on strategy mesh_vddvss.
Number of detected intersections: 4560
Total runtime of via shapes creation: 0 seconds
Check and fix DRC for 4560 stacked vias for strategy mesh_vddvss.
Checking DRC for 4560 stacked vias:0% 5% 10% 15% 20% 25% 30% 35% 40% 45% 50% 55% 60% 65% 70% 75% 80% 85% 90% 95% 100%
Runtime of via DRC checking for strategy mesh_vddvss: 1.00 seconds.
Creating via connection between strategies and existing shapes.
Check and fix DRCs for 382 stacked vias.
Checking DRC for 382 stacked vias:0% 5% 10% 15% 20% 25% 30% 35% 40% 45% 50% 55% 60% 65% 70% 75% 80% 85% 90% 95% 100%
Via DRC checking runtime 0.00 seconds.
via connection runtime: 0 seconds.
Removing dangling/floating wire/vias after DRC check.
Start iteration 1:
Checking potential dangling/floating power plan wires.
Checking dangling/floating vias inside strategy mesh_vddvss.
Checking 4560 stacked vias:0% 10% 20% 30% 40% 50% 60% 70% 80% 90% 100%
Checking dangling/floating vias between strategies and existing shapes.
Checking 382 stacked vias:0% 10% 20% 30% 40% 50% 60% 70% 80% 90% 100%
Finish removing all dangling or floating wires and vias.
Commiting wires and vias.
Committed 573 wires.
Created 382 pins at design boundary.
Committing wires takes 0.00 seconds.
Committed 4942 vias.
Committed 0 wires for via creation.
Committing vias takes 0.00 seconds.
Overall PG creation runtime: 1 seconds.
Successfully compiled PG.
Overall runtime: 1 seconds.
1
# ========================================================== #
#                    Rails VDD/VSS                           #
# ========================================================== #
# ---- Variables
set rail_startegie rails_M1
rails_M1
set rail_pattern   std_cell_rail
std_cell_rail
set rail_layer     M1
M1
set rail_width     0.16
0.16
create_pg_std_cell_conn_pattern $rail_pattern     -layers $rail_layer     -rail_width $rail_width
Successfully create standard cell rail pattern std_cell_rail.
set_pg_strategy $rail_startegie -core     -pattern {{name: std_cell_rail} {nets: "VDD VSS"}}
Successfully set PG strategy rails_M1.
compile_pg -strategies $rail_startegie
Sanity check for inputs.
No strategy-level via rule is specified, the default rule will be applied.
Automatic PG net connection through connect_pg_net is disabled.
Loading library and design information.
Begin building search trees for block css_phy_tx_top.dlib:css_phy_tx_top_powerplan.design
Done building search trees for block css_phy_tx_top.dlib:css_phy_tx_top_powerplan.design (time 0s)
Updating PG strategies.
Updating strategy rails_M1.
Number of Standard Cells: 0
Number of Hard Macros: 0
Number of Pads: 0
Creating standard cell rails.
Creating standard cell rails for strategy rails_M1.
DRC checking and fixing for standard cell rail strategy rails_M1.
Checking DRC for 335 wires:0% 10% 20% 30% 40% 50% 60% 70% 80% 90% 100%
Creating 335 wires after DRC fixing.
Wire DRC checking runtime 0.00 seconds.
Creating via connection between strategies and existing shapes.
Check and fix DRCs for 16080 stacked vias.
Checking DRC for 16080 stacked vias:0% 5% 10% 15% 20% 25% 30% 35% 40% 45% 50% 55% 60% 65% 70% 75% 80% 85% 90% 95% 100%
Via DRC checking runtime 8.00 seconds.
via connection runtime: 8 seconds.
Removing dangling/floating wire/vias after DRC check.
Start iteration 1:
Checking potential dangling/floating power plan wires.
Checking dangling/floating vias between strategies and existing shapes.
Checking 16080 stacked vias:0% 10% 20% 30% 40% 50% 60% 70% 80% 90% 100%
Finish removing all dangling or floating wires and vias.
Commiting wires and vias.
Committed 335 wires.
Committing wires takes 0.00 seconds.
Committed 112560 vias.
Committed 0 wires for via creation.
Committing vias takes 0.00 seconds.
Overall PG creation runtime: 8 seconds.
Successfully compiled PG.
Overall runtime: 8 seconds.
1
connect_pg_net -net VDD [get_pins -hierarchical */VDD]
connect_pg_net -net VSS [get_pins -hierarchical */VSS]
# ========================================================== #
#             Verify PG routing / connectivity               #
# ========================================================== #
check_pg_drc
Design 'css_phy_tx_top_powerplan' has missing meta data file '__private_meta_data_:css_phy_tx_top_floorplan_dppinassgn.err', for attached data file 'css_phy_tx_top_floorplan_dppinassgn.err'
Command check_pg_drc started  at Fri Sep 18 06:04:05 2026
Command check_pg_drc finished at Fri Sep 18 06:04:09 2026
CPU usage for check_pg_drc: 4.74 seconds ( 0.00 hours)
Elapsed time for check_pg_drc: 4.75 seconds ( 0.00 hours)
No errors found.
check_pg_connectivity
Loading cell instances...
Number of Standard Cells: 36485
Number of Macro Cells: 0
Number of IO Pad Cells: 0
Number of Blocks: 0
Loading P/G wires and vias...
Number of VDD Wires: 267
Number of VDD Vias: 58898
Number of VDD Terminals: 190
Number of VSS Wires: 267
Number of VSS Vias: 58612
Number of VSS Terminals: 192
**************Verify net VDD connectivity*****************
  Number of floating wires: 0
  Number of floating vias: 0
  Number of floating std cells: 36485
  Number of floating hard macros: 0
  Number of floating I/O pads: 0
  Number of floating terminals: 0
  Number of floating hierarchical blocks: 0
************************************************************
**************Verify net VSS connectivity*****************
  Number of floating wires: 0
  Number of floating vias: 0
  Number of floating std cells: 36485
  Number of floating hard macros: 0
  Number of floating I/O pads: 0
  Number of floating terminals: 0
  Number of floating hierarchical blocks: 0
************************************************************
Overall runtime: 2 seconds.
check_pg_missing_vias
Check net VDD vias...
Number of missing vias: 0
Checking net VDD vias took 0 seconds.
Check net VSS vias...
Number of missing vias: 0
Checking net VSS vias took 0 seconds.
Overall runtime: 0 seconds.
# ========================================================== #
#                         Reports                            #
# ========================================================== #
sh rm -rf ../results
file mkdir ../results/reports
file mkdir ../results/outputs
check_pg_drc     > ../results/reports/pg_drc.rpt
check_pg_connectivity     > ../results/reports/pg_connectivity.rpt
check_pg_missing_vias     > ../results/reports/missing_via.rpt
# ========================================================== #
#                       Save Block                           #
# ========================================================== #
save_block
Information: Saving block 'css_phy_tx_top.dlib:css_phy_tx_top_powerplan.design'
1
write_def ../results/outputs/${design}.def
****************************************
Report : Data Mismatches
Version: O-2018.06-SP1
Date   : Fri Sep 18 06:04:23 2026
****************************************
No mismatches exist on the design.
---------------------------------------
Number of Written DEF Constructs
---------------------------------------
VERSION                        : 1
DIVIDERCHAR                    : 1
BUSBITCHARS                    : 1
DESIGN                         : 1
UNITS                          : 1
PROPERTYDEFINITIONS            : 1
DIEAREA                        : 1
ROW                            : 334
TRACKS                         : 18
VIAS                           : 10
COMPONENTS                     : 36485
PINS                           : 72
PINPROPERTIES                  : 70
SPECIALNETS                    : 2
NETS                           : 46428
1
write_verilog -include {all} ../results/outputs/${design}.v
1
# ========================================================== #
#                         DONE                               #
# ========================================================== #
puts "=========================================================="
==========================================================
puts " Power Planning completed successfully for ${design}"
 Power Planning completed successfully for css_phy_tx_top
puts " Reports : ../results/reports/"
 Reports : ../results/reports/
puts " Outputs : ../results/outputs/"
 Outputs : ../results/outputs/
puts "=========================================================="
==========================================================
start_gui
icc2_shell> gui_set_layout_layer_visibility -toggle [get_layers -filter {mask_name == metal9} -quiet]
1
icc2_shell> gui_set_layout_layer_visibility -toggle [get_layers -filter {mask_name == metal8} -quiet]
1
icc2_shell> gui_show_error_data
icc2_shell> exit
Maximum memory usage for this session: 383.72 MB
CPU usage for this session:     48 seconds (  0.01 hours)
Elapsed time for this session:     70 seconds (  0.02 hours)
Thank you for using IC Compiler II.
