****************************************************

Info:  Net Ref:/WORK/css_phy_tx_top/ctrl_fp_q_out is undriven.
Info:  Net Ref:/WORK/css_phy_tx_top/SO is undriven.
Info:  Net Ref:/WORK/css_phy_tx_top/ctrl_fp_valid_out is undriven.
Info:  Net Ref:/WORK/css_phy_tx_top/ctrl_fp_i_out is undriven.
Info:  Net Imp:/WORK/css_phy_tx_top/SO is undriven.
Info:  Net Imp:/WORK/controller_DW_div_uns_0/quotient[10] is undriven.
Info:  Net Imp:/WORK/controller_DW_div_uns_0/quotient[9] is undriven.
Info:  Net Imp:/WORK/controller_DW_div_uns_0/quotient[8] is undriven.
Info:  Net Imp:/WORK/controller_DW_div_uns_0/remainder[3] is undriven.
Info:  Net Imp:/WORK/controller_DW_div_uns_0/remainder[2] is undriven.
Info:  Net Imp:/WORK/controller_DW_div_uns_0/remainder[1] is undriven.
Info:  Net Imp:/WORK/controller_DW_div_uns_0/remainder[0] is undriven.
Info:  Net Imp:/WORK/controller_DW_div_uns_0/divide_by_0 is undriven.
Info:  Net Imp:/WORK/controller_DW_div_uns_1/quotient[10] is undriven.
Info:  Net Imp:/WORK/controller_DW_div_uns_1/quotient[9] is undriven.
Info:  Net Imp:/WORK/controller_DW_div_uns_1/remainder[2] is undriven.
Info:  Net Imp:/WORK/controller_DW_div_uns_1/remainder[1] is undriven.
Info:  Net Imp:/WORK/controller_DW_div_uns_1/remainder[0] is undriven.
Info:  Net Imp:/WORK/controller_DW_div_uns_1/divide_by_0 is undriven.
Info:  Net Imp:/WORK/controller_DW_div_uns_2/quotient[10] is undriven.
Info:  Net Imp:/WORK/controller_DW_div_uns_2/quotient[9] is undriven.
Info:  Net Imp:/WORK/controller_DW_div_uns_2/quotient[8] is undriven.
Info:  Net Imp:/WORK/controller_DW_div_uns_2/quotient[7] is undriven.
Info:  Net Imp:/WORK/controller_DW_div_uns_2/quotient[6] is undriven.
Info:  Net Imp:/WORK/controller_DW_div_uns_2/quotient[5] is undriven.
Info:  Net Imp:/WORK/controller_DW_div_uns_2/quotient[4] is undriven.
Info:  Net Imp:/WORK/controller_DW_div_uns_2/quotient[3] is undriven.
Info:  Net Imp:/WORK/controller_DW_div_uns_2/quotient[2] is undriven.
Info:  Net Imp:/WORK/controller_DW_div_uns_2/quotient[1] is undriven.
Info:  Net Imp:/WORK/controller_DW_div_uns_2/quotient[0] is undriven.
Info:  Net Imp:/WORK/controller_DW_div_uns_2/remainder[2] is undriven.
Info:  Net Imp:/WORK/controller_DW_div_uns_2/remainder[1] is undriven.
Info:  Net Imp:/WORK/controller_DW_div_uns_2/remainder[0] is undriven.
Info:  Net Imp:/WORK/controller_DW_div_uns_2/divide_by_0 is undriven.
Info:  Net Imp:/WORK/controller_DW_div_uns_3/quotient[10] is undriven.
Info:  Net Imp:/WORK/controller_DW_div_uns_3/quotient[9] is undriven.
Info:  Net Imp:/WORK/controller_DW_div_uns_3/quotient[8] is undriven.
Info:  Net Imp:/WORK/controller_DW_div_uns_3/quotient[7] is undriven.
Info:  Net Imp:/WORK/controller_DW_div_uns_3/quotient[6] is undriven.
Info:  Net Imp:/WORK/controller_DW_div_uns_3/quotient[5] is undriven.
Info:  Net Imp:/WORK/controller_DW_div_uns_3/quotient[4] is undriven.
Info:  Net Imp:/WORK/controller_DW_div_uns_3/quotient[3] is undriven.
Info:  Net Imp:/WORK/controller_DW_div_uns_3/quotient[2] is undriven.
Info:  Net Imp:/WORK/controller_DW_div_uns_3/quotient[1] is undriven.
Info:  Net Imp:/WORK/controller_DW_div_uns_3/quotient[0] is undriven.
Info:  Net Imp:/WORK/controller_DW_div_uns_3/remainder[0] is undriven.
Info:  Net Imp:/WORK/controller_DW_div_uns_3/divide_by_0 is undriven.
Info:  Net Imp:/WORK/zero_padding_DW_div_uns_0/quotient[11] is undriven.
Info:  Net Imp:/WORK/zero_padding_DW_div_uns_0/quotient[10] is undriven.
Info:  Net Imp:/WORK/zero_padding_DW_div_uns_0/quotient[9] is undriven.
Info:  Net Imp:/WORK/zero_padding_DW_div_uns_0/quotient[8] is undriven.
Info:  Net Imp:/WORK/zero_padding_DW_div_uns_0/quotient[7] is undriven.
Info:  Net Imp:/WORK/zero_padding_DW_div_uns_0/quotient[6] is undriven.
Info:  Net Imp:/WORK/zero_padding_DW_div_uns_0/quotient[5] is undriven.
Info:  Net Imp:/WORK/zero_padding_DW_div_uns_0/quotient[4] is undriven.
Info:  Net Imp:/WORK/zero_padding_DW_div_uns_0/quotient[3] is undriven.
Info:  Net Imp:/WORK/zero_padding_DW_div_uns_0/quotient[2] is undriven.
Info:  Net Imp:/WORK/zero_padding_DW_div_uns_0/quotient[1] is undriven.
Info:  Net Imp:/WORK/zero_padding_DW_div_uns_0/quotient[0] is undriven.
Info:  Net Imp:/WORK/zero_padding_DW_div_uns_0/remainder[2] is undriven.
Info:  Net Imp:/WORK/zero_padding_DW_div_uns_0/remainder[1] is undriven.
Info:  Net Imp:/WORK/zero_padding_DW_div_uns_0/remainder[0] is undriven.
Info:  Net Imp:/WORK/zero_padding_DW_div_uns_0/divide_by_0 is undriven.
Info:  Net Imp:/WORK/zero_padding_DW_div_uns_1/quotient[11] is undriven.
Info:  Net Imp:/WORK/zero_padding_DW_div_uns_1/quotient[10] is undriven.
Info:  Net Imp:/WORK/zero_padding_DW_div_uns_1/quotient[9] is undriven.
Info:  Net Imp:/WORK/zero_padding_DW_div_uns_1/quotient[8] is undriven.
Info:  Net Imp:/WORK/zero_padding_DW_div_uns_1/quotient[7] is undriven.
Info:  Net Imp:/WORK/zero_padding_DW_div_uns_1/quotient[6] is undriven.
Info:  Net Imp:/WORK/zero_padding_DW_div_uns_1/quotient[5] is undriven.
Info:  Net Imp:/WORK/zero_padding_DW_div_uns_1/quotient[4] is undriven.
Info:  Net Imp:/WORK/zero_padding_DW_div_uns_1/quotient[3] is undriven.
Info:  Net Imp:/WORK/zero_padding_DW_div_uns_1/quotient[2] is undriven.
Info:  Net Imp:/WORK/zero_padding_DW_div_uns_1/quotient[1] is undriven.
Info:  Net Imp:/WORK/zero_padding_DW_div_uns_1/quotient[0] is undriven.
Info:  Net Imp:/WORK/zero_padding_DW_div_uns_1/remainder[0] is undriven.
Info:  Net Imp:/WORK/zero_padding_DW_div_uns_1/divide_by_0 is undriven.
Info:  Net Imp:/WORK/zero_padding_DW_div_uns_3/quotient[11] is undriven.
Info:  Net Imp:/WORK/zero_padding_DW_div_uns_3/quotient[10] is undriven.
Info:  Net Imp:/WORK/zero_padding_DW_div_uns_3/quotient[9] is undriven.
Info:  Net Imp:/WORK/zero_padding_DW_div_uns_3/quotient[8] is undriven.
Info:  Net Imp:/WORK/zero_padding_DW_div_uns_3/quotient[7] is undriven.
Info:  Net Imp:/WORK/zero_padding_DW_div_uns_3/quotient[6] is undriven.
Info:  Net Imp:/WORK/zero_padding_DW_div_uns_3/quotient[5] is undriven.
Info:  Net Imp:/WORK/zero_padding_DW_div_uns_3/quotient[4] is undriven.
Info:  Net Imp:/WORK/zero_padding_DW_div_uns_3/quotient[3] is undriven.
Info:  Net Imp:/WORK/zero_padding_DW_div_uns_3/quotient[2] is undriven.
Info:  Net Imp:/WORK/zero_padding_DW_div_uns_3/quotient[1] is undriven.
Info:  Net Imp:/WORK/zero_padding_DW_div_uns_3/quotient[0] is undriven.
Info:  Net Imp:/WORK/zero_padding_DW_div_uns_3/remainder[0] is undriven.
Info:  Net Imp:/WORK/zero_padding_DW_div_uns_3/divide_by_0 is undriven.
Info:  Net Imp:/WORK/dqpsk_csk_multiplier_DW01_add_0/CO is undriven.
Info:  Net Imp:/WORK/dqpsk_csk_multiplier_DW01_sub_0/CO is undriven.
Info:  Net Imp:/WORK/css_phy_tx_top_DW_div_uns_2/quotient[10] is undriven.
Info:  Net Imp:/WORK/css_phy_tx_top_DW_div_uns_2/quotient[9] is undriven.
Info:  Net Imp:/WORK/css_phy_tx_top_DW_div_uns_2/quotient[8] is undriven.
Info:  Net Imp:/WORK/css_phy_tx_top_DW_div_uns_2/quotient[7] is undriven.
Info:  Net Imp:/WORK/css_phy_tx_top_DW_div_uns_2/quotient[6] is undriven.
Info:  Net Imp:/WORK/css_phy_tx_top_DW_div_uns_2/quotient[5] is undriven.
Info:  Net Imp:/WORK/css_phy_tx_top_DW_div_uns_2/quotient[4] is undriven.
Info:  Net Imp:/WORK/css_phy_tx_top_DW_div_uns_2/quotient[3] is undriven.
Info:  Net Imp:/WORK/css_phy_tx_top_DW_div_uns_2/quotient[2] is undriven.
Info:  Net Imp:/WORK/css_phy_tx_top_DW_div_uns_2/quotient[1] is undriven.
Info:  Net Imp:/WORK/css_phy_tx_top_DW_div_uns_2/quotient[0] is undriven.
Info:  Net Imp:/WORK/css_phy_tx_top_DW_div_uns_2/remainder[0] is undriven.
Info:  Net Imp:/WORK/css_phy_tx_top_DW_div_uns_2/divide_by_0 is undriven.
Info:  Net Imp:/WORK/css_phy_tx_top_DW_div_uns_3/quotient[10] is undriven.
Info:  Net Imp:/WORK/css_phy_tx_top_DW_div_uns_3/quotient[9] is undriven.
Info:  Net Imp:/WORK/css_phy_tx_top_DW_div_uns_3/quotient[8] is undriven.
Info:  Net Imp:/WORK/css_phy_tx_top_DW_div_uns_3/quotient[7] is undriven.
Info:  Net Imp:/WORK/css_phy_tx_top_DW_div_uns_3/quotient[6] is undriven.
Info:  Net Imp:/WORK/css_phy_tx_top_DW_div_uns_3/quotient[5] is undriven.
Info:  Net Imp:/WORK/css_phy_tx_top_DW_div_uns_3/quotient[4] is undriven.
Info:  Net Imp:/WORK/css_phy_tx_top_DW_div_uns_3/quotient[3] is undriven.
Info:  Net Imp:/WORK/css_phy_tx_top_DW_div_uns_3/quotient[2] is undriven.
Info:  Net Imp:/WORK/css_phy_tx_top_DW_div_uns_3/quotient[1] is undriven.
Info:  Net Imp:/WORK/css_phy_tx_top_DW_div_uns_3/quotient[0] is undriven.
Info:  Net Imp:/WORK/css_phy_tx_top_DW_div_uns_3/remainder[2] is undriven.
Info:  Net Imp:/WORK/css_phy_tx_top_DW_div_uns_3/remainder[1] is undriven.
Info:  Net Imp:/WORK/css_phy_tx_top_DW_div_uns_3/remainder[0] is undriven.
Info:  Net Imp:/WORK/css_phy_tx_top_DW_div_uns_3/divide_by_0 is undriven.
Info:  Net Imp:/WORK/css_phy_tx_top_DW01_inc_2/SUM[1] is undriven.
Info:  Net Imp:/WORK/css_phy_tx_top_DW01_inc_2/SUM[0] is undriven.
Info:  Net Imp:/WORK/css_phy_tx_top_DW_div_uns_4/quotient[10] is undriven.
Info:  Net Imp:/WORK/css_phy_tx_top_DW_div_uns_4/quotient[9] is undriven.
Info:  Net Imp:/WORK/css_phy_tx_top_DW_div_uns_4/remainder[2] is undriven.
Info:  Net Imp:/WORK/css_phy_tx_top_DW_div_uns_4/remainder[1] is undriven.
Info:  Net Imp:/WORK/css_phy_tx_top_DW_div_uns_4/remainder[0] is undriven.
Info:  Net Imp:/WORK/css_phy_tx_top_DW_div_uns_4/divide_by_0 is undriven.
Info:  Net Imp:/WORK/css_phy_tx_top_DW_div_uns_6/quotient[10] is undriven.
Info:  Net Imp:/WORK/css_phy_tx_top_DW_div_uns_6/quotient[9] is undriven.
Info:  Net Imp:/WORK/css_phy_tx_top_DW_div_uns_6/quotient[8] is undriven.
Info:  Net Imp:/WORK/css_phy_tx_top_DW_div_uns_6/remainder[3] is undriven.
Info:  Net Imp:/WORK/css_phy_tx_top_DW_div_uns_6/remainder[2] is undriven.
Info:  Net Imp:/WORK/css_phy_tx_top_DW_div_uns_6/remainder[1] is undriven.
Info:  Net Imp:/WORK/css_phy_tx_top_DW_div_uns_6/remainder[0] is undriven.
Info:  Net Imp:/WORK/css_phy_tx_top_DW_div_uns_6/divide_by_0 is undriven.
Info:  guide_uniquify 192 (Line: 1389)  Cannot find object "u_csk_rom/dp_cluster_0/mult_11" in design 'css_phy_tx_top'.
Info:  Pre-verification of Ref:/WORK/css_phy_tx_top/div_294 SUCCEEDED.
Info:  Pre-verification of Ref:/WORK/css_phy_tx_top/div_297 SUCCEEDED.
Info:  Pre-verification of Ref:/WORK/css_phy_tx_top/rem_285 SUCCEEDED.
Info:  Pre-verification of Ref:/WORK/css_phy_tx_top/rem_286 SUCCEEDED.
Info:  Pre-verification of Ref:/WORK/zero_padding/rem_67 SUCCEEDED.
Info:  Pre-verification of Ref:/WORK/zero_padding/rem_61 SUCCEEDED.
Info:  Pre-verification of Ref:/WORK/zero_padding/rem_65 SUCCEEDED.
Info:  Pre-verification of Ref:/WORK/zero_padding/rem_59 SUCCEEDED.
Info:  Pre-verification of Ref:/WORK/controller/div_109 SUCCEEDED.
Info:  Pre-verification of Ref:/WORK/controller/div_108 SUCCEEDED.
Info:  Pre-verification of Ref:/WORK/controller/rem_102 SUCCEEDED.
Info:  Pre-verification of Ref:/WORK/csk_waveform_rom/mult_11 SUCCEEDED.
Info:  Pre-verification of Ref:/WORK/controller/rem_101 SUCCEEDED.
****************************************************

