****************************************
Report : qor
Design : css_phy_tx_top
Version: O-2018.06-SP1
Date   : Fri Sep 18 03:33:49 2026
****************************************
************************************************************
Timer Settings:
Delay Calculation Style:                   auto
Signal Integrity Analysis:                 disabled
Timing Window Analysis:                    disabled
Advanced Waveform Propagation:             disabled
Variation Type:                            fixed_derate
Clock Reconvergence Pessimism Removal:     disabled
Advanced Receiver Model:                   disabled
************************************************************
Information: Corner default: no PVT mismatches. (PVT-032)
Information: The stitching and editing of coupling caps is turned OFF for design 'css_phy_tx_top.dlib:css_phy_tx_top_floorplan.design'. (TIM-125)
Information: Design Average RC for design css_phy_tx_top_floorplan  (NEX-011)
Information: r = 0.515372 ohm/um, via_r = 0.858630 ohm/cut, c = 0.063259 ff/um, cc = 0.000000 ff/um (X dir) (NEX-017)
Information: r = 0.562500 ohm/um, via_r = 0.870988 ohm/cut, c = 0.072961 ff/um, cc = 0.000000 ff/um (Y dir) (NEX-017)
Information: The RC mode used is VR for design 'css_phy_tx_top'. (NEX-022)
Information: Update timing completed net estimation for all the timing graph nets (TIM-111)
Information: Net estimation statistics: timing graph nets = 46421, routed nets = 0, across physical hierarchy nets = 0, parasitics cached nets = 0, delay annotated nets = 0, parasitics annotated nets = 0, multi-voltage nets = 0. (TIM-112)


Scenario           'default'
Timing Path Group  'CLK'
----------------------------------------
Levels of Logic:                     90
Critical Path Length:            322.47
Critical Path Slack:             675.29
Critical Path Clk Period:       1000.00
Total Negative Slack:              0.00
No. of Violating Paths:               0
Worst Hold Violation:             -1.25
Total Hold Violation:         -17754.63
No. of Hold Violations:           19471
----------------------------------------

Scenario           'default'
Timing Path Group  'SCAN_CLK'
----------------------------------------
Levels of Logic:                     14
Critical Path Length:              8.87
Critical Path Slack:             988.91
Critical Path Clk Period:       1000.00
Total Negative Slack:              0.00
No. of Violating Paths:               0
Worst Hold Violation:             -1.25
Total Hold Violation:         -17754.63
No. of Hold Violations:           19471
----------------------------------------


Cell Count
----------------------------------------
Hierarchical Cell Count:             38
Hierarchical Port Count:           1295
Leaf Cell Count:                  36485
Buf/Inv Cell Count:                7571
Buf Cell Count:                    2467
Inv Cell Count:                    5104
CT Buf/Inv Cell Count:                0
Combinational Cell Count:         26741
Sequential Cell Count:             9744
Macro Count:                          0
----------------------------------------


Area
----------------------------------------
Combinational Area:           256533.81
Noncombinational Area:        300196.45
Buf/Inv Area:                  45169.46
Total Buffer Area:             16935.32
Total Inverter Area:           28234.14
Macro/Black Box Area:              0.00
Net Area:                             0
Net XLength:                       0.00
Net YLength:                       0.00
----------------------------------------
Cell Area (netlist):                         556730.27
Cell Area (netlist and physical only):       556730.27
Net Length:                        0.00


Design Rules
----------------------------------------
Total Number of Nets:             46643
Nets with Violations:                 0
Max Trans Violations:                 0
Max Cap Violations:                   0
----------------------------------------

1
