****************************************
Report : Data Mismatches
Version: O-2018.06-SP1
Date   : Fri Sep 18 07:38:37 2026
****************************************
No mismatches exist on the design.
1
1
NEX: 62302 nets
NEX: 99.99%(62296/62302) nets are valid placed

Histogram of "num of nodes per net"
  value: 	percent%
     0: 	0.0% 
     1: 	0.0% 
     2: 	68.1% (peak)
     3: 	13.0% 
     4: 	1.1% (average = 4) 
     5: 	14.6% 
    10: 	3.3% 
    10000: 	0.0% 


Histogram of "net bbox size(um)"
  value: 	percent%
   0.00: 	0.0% 
   1.00: 	2.2% 
   2.00: 	1.1% 
   3.00: 	5.6% 
   4.00: 	10.2% (peak)
   5.00: 	32.5% 
   10.00: 	23.2% 
   20.00: 	12.0% (average = 22.4) 
   40.00: 	10.3% 
   100.00: 	1.6% 
   200.00: 	0.9% 
   400.00: 	0.3% 


Histogram of "net bbox aspect()"
  value: 	percent%
   0.00: 	0.0% 
   1.00: 	9.6% (peak)
   1.10: 	7.9% 
   1.20: 	9.5% 
   1.30: 	6.0% 
   1.40: 	5.4% 
   1.50: 	4.6% 
   1.60: 	4.5% 
   1.70: 	4.1% 
   1.80: 	3.6% 
   1.90: 	2.8% 
   2.00: 	11.9% 
   2.50: 	8.5% (average = 2.7) 
   3.00: 	8.4% 
   4.00: 	4.6% 
   5.00: 	6.6% 
   10.00: 	1.6% 
   20.00: 	0.4% 
   30.00: 	0.2% 
   40.00: 	0.1% 
   50.00: 	0.1% 
   100.00: 	0.0% 

NEX: 52373 insts

Histogram of "inst bbox size(um)"
  value: 	percent%
   3.00: 	30.9% (peak)
   4.00: 	22.6% 
   5.00: 	27.8% (average = 5.4) 
   10.00: 	18.7% 

NEX: 8 NDR rules: 
  [0] clk_network_NDR_root
  [1] clk_network_NDR_internal
  [2] default_rule_equivalent_ndr_double_spacing
  [3] clk_network_NDR_root_ext_spacing
  [4] clk_network_NDR_internal_ext_spacing
  [5] LOPT_M6_M7
  [6] LOPT_M3_M7
  [7] ICC2_GENERATED_DEFAULT_SPACING_RULE
************************************************************
Timer Settings:
Delay Calculation Style:                   auto
Signal Integrity Analysis:                 enabled
Timing Window Analysis:                    enabled
Advanced Waveform Propagation:             disabled
Variation Type:                            fixed_derate
Clock Reconvergence Pessimism Removal:     enabled
Advanced Receiver Model:                   disabled
************************************************************
1
Warning: Cell contains tie connections which are not connected to real PG. (ZRT-511)
Warning: Ignore contact DIFFCON. (ZRT-015)
Turn off antenna since no rule is specified
Cell Min-Routing-Layer = M2
Cell Max-Routing-Layer = M7
Warning: Ignore 2 top cell ports with no pins. (ZRT-027)
Info: number of net_type_blockage: 0 
Via on layer (VIA1) needs more than one tracks
Warning: Layer M1 pitch 0.320 may be too small: wire/via-down 0.315, wire/via-up 0.330. (ZRT-026)
Via on layer (VIA1) needs more than one tracks
Warning: Layer M2 pitch 0.320 may be too small: wire/via-down 0.360, wire/via-up 0.320. (ZRT-026)
soft rule ICC2_GENERATED_DEFAULT_SPACING_RULE_3_8_wire is redundant
soft rule LOPT_M3_M7_3_8_wire is redundant
soft rule LOPT_M6_M7_3_8_wire is redundant
Printing options for 'route.common.*'

Printing options for 'route.detail.*'
detail.antenna                                          :	 true                
detail.force_end_on_preferred_grid                      :	 true                

Printing options for 'route.auto_via_ladder.*'


============================================
==  Check for overlap of standard cells   ==
============================================

>>>>>> No overlap of standard cells found

============================================
==     Check for min-grid violations      ==
============================================

>>>>>> No min-grid violations found


============================================
==    Check for out-of-boundary ports     ==
============================================

>>>>>> No out-of-boundary error found

============================================
==        Check for blocked ports         ==
============================================

>>>>>> No blocked ports found

>>>>>> No blocked nets found

============================================
==     Check for shielding violations     ==
============================================

>>>>>> The following Non-PG net has a shape with shape_use shield_route

>>> No non-PG net has a shape with shape_use shield_route.

>>>>>> The following PG net has shape with shape_use detail_route and shape length is too long.

>>> No PG net has shape with shape_use detail_route and shape length is too long.

>>>>>> The following nets with shield non-default rule has no internal data representation in Zroute.

>>> No nets with shield non-default rule has no internal data representation in Zroute.

============================================
==     Check for via cut blockage violation   ==
============================================

>>>>>> The following via cut blockages are wrongly treated as real vias.

>>> No via cut blockage is wrongly treated as real via.

============================================
==     Check for custom via definition    ==
============================================

>>> No custom via definition has too many cuts

============================================
==          Check for via master          ==
============================================

>>> The total number of via master definition is 82

===============================================
==     Check non-default rule setting        ==
===============================================

>>> No NDR width is larger than signalRouteMaxWidth

>>> No NDR shield width is larger than signalRouteMaxWidth

End of check_routability
1
