#@ # 
#@ # Running icc2_shell Version O-2018.06-SP1 for linux64 -- Jul 17, 2018
#@ # Date:   Fri Sep 18 09:34:19 2026
#@ # Run by: ICer@IC_EDA
#@ 

set design      "css_phy_tx_top"
set prev_stage    "cts"
set current_stage "routing"
open_block ../../design_lib/dlib/${design}.dlib:${design}_${current_stage}.design
gui_start
gui_set_pref_value -category {SelectByNamePalette} -key {ObjectType} -value {Logical Cells}
win_set_filter -visible -class cell -filter {hard_macro_margin hard_margin route_blockage_margin soft_margin}
win_set_filter -visible -class placement_blockage -filter {wiring} -layer {0-77}
win_set_filter -expand_cell_types {soft_macro  }
win_set_select_class -visible {cell port bound routing_blockage shaping_blockage pg_region pin_blockage block_shielding topology_node topology_edge core_area die_area edit_group shape via terminal fill_cell placement_blockage }
win_set_filter -class cell -filter {cell_array hard_macro_margin hard_margin route_blockage_margin soft_margin}
win_set_filter -class placement_blockage -filter {wiring} -layer {0-77}
win_set_select_class {cell port bound routing_blockage shaping_blockage pg_region pin_blockage topology_node topology_edge edit_group shape via placement_blockage }
link_block
gui_zoom -window [gui_get_current_window -types Layout -view] -factor 2 -at_point {515.350 453.115}
gui_zoom -window [gui_get_current_window -types Layout -view] -factor 2 -at_point {501.170 457.815}
gui_zoom -window [gui_get_current_window -types Layout -view] -factor 2 -at_point {501.170 457.815}
gui_zoom -window [gui_get_current_window -types Layout -view] -factor 2 -at_point {501.170 457.815}
gui_zoom -window [gui_get_current_window -types Layout -view] -factor 2 -at_point {501.205 457.795}
gui_zoom -window [gui_get_current_window -types Layout -view] -factor 2 -at_point {501.185 457.780}
gui_zoom -window [gui_get_current_window -types Layout -view] -factor 0.5 -at_point {503.300 457.750}
gui_zoom -window [gui_get_current_window -types Layout -view] -factor 0.5 -at_point {503.325 457.765}
gui_zoom -window [gui_get_current_window -types Layout -view] -factor 0.5 -at_point {503.315 457.795}
gui_zoom -window [gui_get_current_window -types Layout -view] -factor 0.5 -at_point {503.220 457.815}
gui_zoom -window [gui_get_current_window -types Layout -view] -factor 0.5 -at_point {503.220 457.815}
gui_zoom -window [gui_get_current_window -types Layout -view] -factor 0.5 -at_point {504.445 457.815}
exit
