****************************************
Report : qor
Design : css_phy_tx_top
Version: O-2018.06-SP1
Date   : Sat Sep 19 05:53:22 2026
****************************************
************************************************************
Timer Settings:
Delay Calculation Style:                   auto
Signal Integrity Analysis:                 disabled
Timing Window Analysis:                    disabled
Advanced Waveform Propagation:             disabled
Variation Type:                            fixed_derate
Clock Reconvergence Pessimism Removal:     disabled
Advanced Receiver Model:                   disabled
************************************************************
Information: Corner default: no PVT mismatches. (PVT-032)
Information: The stitching and editing of coupling caps is turned OFF for design 'css_phy_tx_top.dlib:css_phy_tx_top_floorplan.design'. (TIM-125)
Information: Design Average RC for design css_phy_tx_top_floorplan  (NEX-011)
Information: r = 0.515372 ohm/um, via_r = 0.858630 ohm/cut, c = 0.062769 ff/um, cc = 0.000000 ff/um (X dir) (NEX-017)
Information: r = 0.562500 ohm/um, via_r = 0.870988 ohm/cut, c = 0.072228 ff/um, cc = 0.000000 ff/um (Y dir) (NEX-017)
Information: The RC mode used is VR for design 'css_phy_tx_top'. (NEX-022)
Information: Update timing completed net estimation for all the timing graph nets (TIM-111)
Information: Net estimation statistics: timing graph nets = 35059, routed nets = 0, across physical hierarchy nets = 0, parasitics cached nets = 0, delay annotated nets = 0, parasitics annotated nets = 0, multi-voltage nets = 0. (TIM-112)


Scenario           'default'
Timing Path Group  'CLK'
----------------------------------------
Levels of Logic:                     72
Critical Path Length:             26.76
Critical Path Slack:              21.92
Critical Path Clk Period:         50.00
Total Negative Slack:              0.00
No. of Violating Paths:               0
Worst Hold Violation:             -0.37
Total Hold Violation:           -713.42
No. of Hold Violations:            9340
----------------------------------------


Cell Count
----------------------------------------
Hierarchical Cell Count:             36
Hierarchical Port Count:           1243
Leaf Cell Count:                  34763
Buf/Inv Cell Count:                5536
Buf Cell Count:                    2899
Inv Cell Count:                    2637
CT Buf/Inv Cell Count:                0
Combinational Cell Count:         25018
Sequential Cell Count:             9745
Macro Count:                          0
----------------------------------------


Area
----------------------------------------
Combinational Area:           249600.61
Noncombinational Area:        246348.29
Buf/Inv Area:                  35772.83
Total Buffer Area:             21112.93
Total Inverter Area:           14659.89
Macro/Black Box Area:              0.00
Net Area:                             0
Net XLength:                       0.00
Net YLength:                       0.00
----------------------------------------
Cell Area (netlist):                         495948.90
Cell Area (netlist and physical only):       495948.90
Net Length:                        0.00


Design Rules
----------------------------------------
Total Number of Nets:             35288
Nets with Violations:                 0
Max Trans Violations:                 0
Max Cap Violations:                   0
----------------------------------------

1
