Warning: There are infeasible paths detected in your design that were ignored during optimization. Please run 'report_timing -attributes' and/or 'create_qor_snapshot/query_qor_snapshot -infeasible_paths' to identify these paths.  (OPT-1721)
 
****************************************
Report : constraint
        -all_violators
Design : css_phy_tx_top
Version: O-2018.06-SP1
Date   : Sat Sep 19 03:37:46 2026
****************************************


   min_delay/hold ('CLK' group)

                             Required        Actual
   Endpoint                 Path Delay     Path Delay        Slack
   -----------------------------------------------------------------
   u_zero_padding/total_data_bits_reg[2]/D
                                0.97           0.69 f        -0.28  (VIOLATED)
   csk_valid_d1_reg/D           0.98           0.74 f        -0.23  (VIOLATED)
   csk_valid_d2_reg/D           0.98           0.74 f        -0.23  (VIOLATED)
   csk_start_pending_reg/D      0.97           0.77 f        -0.21  (VIOLATED)
   u_form_ppdu/packet_active_reg/D
                                0.97           0.82 f        -0.15  (VIOLATED)
   u_qpsk/valid_out_reg/D       0.97           0.87 f        -0.10  (VIOLATED)
   u_csk_sequencer/group_count_reg[0]/D
                                0.99           0.89 f        -0.09  (VIOLATED)
   u_csk_sequencer/group_count_reg[2]/D
                                0.99           0.89 f        -0.09  (VIOLATED)
   u_csk_sequencer/group_count_reg[5]/D
                                0.99           0.89 f        -0.09  (VIOLATED)
   u_csk_sequencer/group_count_reg[6]/D
                                0.99           0.89 f        -0.09  (VIOLATED)
   u_csk_sequencer/group_count_reg[7]/D
                                0.99           0.89 f        -0.09  (VIOLATED)
   u_csk_sequencer/group_count_reg[9]/D
                                0.99           0.89 f        -0.09  (VIOLATED)
   u_controller/total_bits_reg_reg[2]/D
                                0.97           0.88 f        -0.09  (VIOLATED)
   u_csk_sequencer/group_count_reg[4]/D
                                0.99           0.92 f        -0.06  (VIOLATED)
   u_csk_sequencer/group_count_reg[3]/D
                                0.99           0.92 f        -0.06  (VIOLATED)
   u_csk_sequencer/group_count_reg[8]/D
                                0.99           0.92 f        -0.06  (VIOLATED)
   csk_running_reg/D            0.98           0.93 f        -0.05  (VIOLATED)
   u_csk_sequencer/group_count_reg[1]/D
                                0.98           0.95 f        -0.03  (VIOLATED)
   u_csk_sequencer/seq_active_reg/D
                                0.98           0.97 f         0.00  (VIOLATED: increase significant digits)


1
