Warning: There are infeasible paths detected in your design that were ignored during optimization. Please run 'report_timing -attributes' and/or 'create_qor_snapshot/query_qor_snapshot -infeasible_paths' to identify these paths.  (OPT-1721)
 
****************************************
Report : timing
        -path full
        -delay min
        -max_paths 10
        -sort_by slack
Design : css_phy_tx_top
Version: O-2018.06-SP1
Date   : Sat Sep 19 03:37:41 2026
****************************************

 # A fanout number of 1000 was used for high fanout net computations.

Operating Conditions: WORST   Library: saed90nm_max
Wire Load Model Mode: enclosed

  Startpoint: u_zero_padding/total_data_bits_reg[2]
              (rising edge-triggered flip-flop clocked by CLK)
  Endpoint: u_zero_padding/total_data_bits_reg[2]
            (rising edge-triggered flip-flop clocked by CLK)
  Path Group: CLK
  Path Type: min

  Des/Clust/Port     Wire Load Model       Library
  ------------------------------------------------
  css_phy_tx_top     ForQA                 saed90nm_max
  zero_padding       8000                  saed90nm_max

  Point                                                   Incr       Path
  --------------------------------------------------------------------------
  clock CLK (rise edge)                                   0.00       0.00
  clock network delay (ideal)                             0.00       0.00
  u_zero_padding/total_data_bits_reg[2]/CLK (DFFARX1)     0.00 #     0.00 r
  u_zero_padding/total_data_bits_reg[2]/QN (DFFARX1)      0.50       0.50 r
  u_zero_padding/U105/QN (NAND2X1)                        0.16       0.66 f
  u_zero_padding/total_data_bits_reg[2]/D (DFFARX1)       0.03       0.69 f
  data arrival time                                                  0.69

  clock CLK (rise edge)                                   0.00       0.00
  clock network delay (ideal)                             0.00       0.00
  clock uncertainty                                       1.00       1.00
  u_zero_padding/total_data_bits_reg[2]/CLK (DFFARX1)     0.00       1.00 r
  library hold time                                      -0.03       0.97
  data required time                                                 0.97
  --------------------------------------------------------------------------
  data required time                                                 0.97
  data arrival time                                                 -0.69
  --------------------------------------------------------------------------
  slack (VIOLATED)                                                  -0.28


  Startpoint: u_csk_sequencer/csk_sample_valid_reg
              (rising edge-triggered flip-flop clocked by CLK)
  Endpoint: csk_valid_d1_reg
            (rising edge-triggered flip-flop clocked by CLK)
  Path Group: CLK
  Path Type: min

  Des/Clust/Port     Wire Load Model       Library
  ------------------------------------------------
  css_phy_tx_top     ForQA                 saed90nm_max

  Point                                                   Incr       Path
  --------------------------------------------------------------------------
  clock CLK (rise edge)                                   0.00       0.00
  clock network delay (ideal)                             0.00       0.00
  u_csk_sequencer/csk_sample_valid_reg/CLK (DFFARX1)      0.00 #     0.00 r
  u_csk_sequencer/csk_sample_valid_reg/Q (DFFARX1)        0.72       0.72 f
  u_csk_sequencer/csk_sample_valid (csk_sequencer)        0.00       0.72 f
  csk_valid_d1_reg/D (DFFARX1)                            0.03       0.74 f
  data arrival time                                                  0.74

  clock CLK (rise edge)                                   0.00       0.00
  clock network delay (ideal)                             0.00       0.00
  clock uncertainty                                       1.00       1.00
  csk_valid_d1_reg/CLK (DFFARX1)                          0.00       1.00 r
  library hold time                                      -0.02       0.98
  data required time                                                 0.98
  --------------------------------------------------------------------------
  data required time                                                 0.98
  data arrival time                                                 -0.74
  --------------------------------------------------------------------------
  slack (VIOLATED)                                                  -0.23


  Startpoint: csk_valid_d1_reg
              (rising edge-triggered flip-flop clocked by CLK)
  Endpoint: csk_valid_d2_reg
            (rising edge-triggered flip-flop clocked by CLK)
  Path Group: CLK
  Path Type: min

  Des/Clust/Port     Wire Load Model       Library
  ------------------------------------------------
  css_phy_tx_top     ForQA                 saed90nm_max

  Point                                    Incr       Path
  -----------------------------------------------------------
  clock CLK (rise edge)                    0.00       0.00
  clock network delay (ideal)              0.00       0.00
  csk_valid_d1_reg/CLK (DFFARX1)           0.00 #     0.00 r
  csk_valid_d1_reg/Q (DFFARX1)             0.72       0.72 f
  csk_valid_d2_reg/D (DFFARX1)             0.03       0.74 f
  data arrival time                                   0.74

  clock CLK (rise edge)                    0.00       0.00
  clock network delay (ideal)              0.00       0.00
  clock uncertainty                        1.00       1.00
  csk_valid_d2_reg/CLK (DFFARX1)           0.00       1.00 r
  library hold time                       -0.02       0.98
  data required time                                  0.98
  -----------------------------------------------------------
  data required time                                  0.98
  data arrival time                                  -0.74
  -----------------------------------------------------------
  slack (VIOLATED)                                   -0.23


  Startpoint: csk_start_pending_reg
              (rising edge-triggered flip-flop clocked by CLK)
  Endpoint: csk_start_pending_reg
            (rising edge-triggered flip-flop clocked by CLK)
  Path Group: CLK
  Path Type: min

  Des/Clust/Port     Wire Load Model       Library
  ------------------------------------------------
  css_phy_tx_top     ForQA                 saed90nm_max

  Point                                    Incr       Path
  -----------------------------------------------------------
  clock CLK (rise edge)                    0.00       0.00
  clock network delay (ideal)              0.00       0.00
  csk_start_pending_reg/CLK (DFFARX1)      0.00 #     0.00 r
  csk_start_pending_reg/QN (DFFARX1)       0.44       0.44 f
  U13065/Q (AND3X1)                        0.30       0.74 f
  csk_start_pending_reg/D (DFFARX1)        0.03       0.77 f
  data arrival time                                   0.77

  clock CLK (rise edge)                    0.00       0.00
  clock network delay (ideal)              0.00       0.00
  clock uncertainty                        1.00       1.00
  csk_start_pending_reg/CLK (DFFARX1)      0.00       1.00 r
  library hold time                       -0.03       0.97
  data required time                                  0.97
  -----------------------------------------------------------
  data required time                                  0.97
  data arrival time                                  -0.77
  -----------------------------------------------------------
  slack (VIOLATED)                                   -0.21


  Startpoint: u_form_ppdu/packet_active_reg
              (rising edge-triggered flip-flop clocked by CLK)
  Endpoint: u_form_ppdu/packet_active_reg
            (rising edge-triggered flip-flop clocked by CLK)
  Path Group: CLK
  Path Type: min

  Des/Clust/Port     Wire Load Model       Library
  ------------------------------------------------
  css_phy_tx_top     ForQA                 saed90nm_max
  form_ppdu          ForQA                 saed90nm_max

  Point                                                   Incr       Path
  --------------------------------------------------------------------------
  clock CLK (rise edge)                                   0.00       0.00
  clock network delay (ideal)                             0.00       0.00
  u_form_ppdu/packet_active_reg/CLK (DFFARX1)             0.00 #     0.00 r
  u_form_ppdu/packet_active_reg/QN (DFFARX1)              0.50       0.50 r
  u_form_ppdu/U9063/QN (NAND2X1)                          0.18       0.68 f
  u_form_ppdu/packet_active_reg/D (DFFARX1)               0.14       0.82 f
  data arrival time                                                  0.82

  clock CLK (rise edge)                                   0.00       0.00
  clock network delay (ideal)                             0.00       0.00
  clock uncertainty                                       1.00       1.00
  u_form_ppdu/packet_active_reg/CLK (DFFARX1)             0.00       1.00 r
  library hold time                                      -0.03       0.97
  data required time                                                 0.97
  --------------------------------------------------------------------------
  data required time                                                 0.97
  data arrival time                                                 -0.82
  --------------------------------------------------------------------------
  slack (VIOLATED)                                                  -0.15


  Startpoint: u_form_ppdu/valid_out_reg
              (rising edge-triggered flip-flop clocked by CLK)
  Endpoint: u_qpsk/valid_out_reg
            (rising edge-triggered flip-flop clocked by CLK)
  Path Group: CLK
  Path Type: min

  Des/Clust/Port     Wire Load Model       Library
  ------------------------------------------------
  css_phy_tx_top     ForQA                 saed90nm_max

  Point                                                   Incr       Path
  --------------------------------------------------------------------------
  clock CLK (rise edge)                                   0.00       0.00
  clock network delay (ideal)                             0.00       0.00
  u_form_ppdu/valid_out_reg/CLK (DFFARX1)                 0.00 #     0.00 r
  u_form_ppdu/valid_out_reg/Q (DFFARX1)                   0.73       0.73 f
  u_form_ppdu/valid_out (form_ppdu)                       0.00       0.73 f
  u_qpsk/valid_in (qpsk_mapper)                           0.00       0.73 f
  u_qpsk/valid_out_reg/D (DFFARX1)                        0.14       0.87 f
  data arrival time                                                  0.87

  clock CLK (rise edge)                                   0.00       0.00
  clock network delay (ideal)                             0.00       0.00
  clock uncertainty                                       1.00       1.00
  u_qpsk/valid_out_reg/CLK (DFFARX1)                      0.00       1.00 r
  library hold time                                      -0.03       0.97
  data required time                                                 0.97
  --------------------------------------------------------------------------
  data required time                                                 0.97
  data arrival time                                                 -0.87
  --------------------------------------------------------------------------
  slack (VIOLATED)                                                  -0.10


  Startpoint: u_csk_sequencer/group_count_reg[0]
              (rising edge-triggered flip-flop clocked by CLK)
  Endpoint: u_csk_sequencer/group_count_reg[0]
            (rising edge-triggered flip-flop clocked by CLK)
  Path Group: CLK
  Path Type: min

  Des/Clust/Port     Wire Load Model       Library
  ------------------------------------------------
  css_phy_tx_top     ForQA                 saed90nm_max
  csk_sequencer      8000                  saed90nm_max

  Point                                                   Incr       Path
  --------------------------------------------------------------------------
  clock CLK (rise edge)                                   0.00       0.00
  clock network delay (ideal)                             0.00       0.00
  u_csk_sequencer/group_count_reg[0]/CLK (DFFARX1)        0.00 #     0.00 r
  u_csk_sequencer/group_count_reg[0]/QN (DFFARX1)         0.49       0.49 r
  u_csk_sequencer/U267/QN (OAI21X1)                       0.37       0.86 f
  u_csk_sequencer/group_count_reg[0]/D (DFFARX1)          0.03       0.89 f
  data arrival time                                                  0.89

  clock CLK (rise edge)                                   0.00       0.00
  clock network delay (ideal)                             0.00       0.00
  clock uncertainty                                       1.00       1.00
  u_csk_sequencer/group_count_reg[0]/CLK (DFFARX1)        0.00       1.00 r
  library hold time                                      -0.01       0.99
  data required time                                                 0.99
  --------------------------------------------------------------------------
  data required time                                                 0.99
  data arrival time                                                 -0.89
  --------------------------------------------------------------------------
  slack (VIOLATED)                                                  -0.09


  Startpoint: u_csk_sequencer/group_count_reg[2]
              (rising edge-triggered flip-flop clocked by CLK)
  Endpoint: u_csk_sequencer/group_count_reg[2]
            (rising edge-triggered flip-flop clocked by CLK)
  Path Group: CLK
  Path Type: min

  Des/Clust/Port     Wire Load Model       Library
  ------------------------------------------------
  css_phy_tx_top     ForQA                 saed90nm_max
  csk_sequencer      8000                  saed90nm_max

  Point                                                   Incr       Path
  --------------------------------------------------------------------------
  clock CLK (rise edge)                                   0.00       0.00
  clock network delay (ideal)                             0.00       0.00
  u_csk_sequencer/group_count_reg[2]/CLK (DFFARX1)        0.00 #     0.00 r
  u_csk_sequencer/group_count_reg[2]/QN (DFFARX1)         0.49       0.49 r
  u_csk_sequencer/U266/QN (OAI21X1)                       0.37       0.86 f
  u_csk_sequencer/group_count_reg[2]/D (DFFARX1)          0.03       0.89 f
  data arrival time                                                  0.89

  clock CLK (rise edge)                                   0.00       0.00
  clock network delay (ideal)                             0.00       0.00
  clock uncertainty                                       1.00       1.00
  u_csk_sequencer/group_count_reg[2]/CLK (DFFARX1)        0.00       1.00 r
  library hold time                                      -0.01       0.99
  data required time                                                 0.99
  --------------------------------------------------------------------------
  data required time                                                 0.99
  data arrival time                                                 -0.89
  --------------------------------------------------------------------------
  slack (VIOLATED)                                                  -0.09


  Startpoint: u_csk_sequencer/group_count_reg[5]
              (rising edge-triggered flip-flop clocked by CLK)
  Endpoint: u_csk_sequencer/group_count_reg[5]
            (rising edge-triggered flip-flop clocked by CLK)
  Path Group: CLK
  Path Type: min

  Des/Clust/Port     Wire Load Model       Library
  ------------------------------------------------
  css_phy_tx_top     ForQA                 saed90nm_max
  csk_sequencer      8000                  saed90nm_max

  Point                                                   Incr       Path
  --------------------------------------------------------------------------
  clock CLK (rise edge)                                   0.00       0.00
  clock network delay (ideal)                             0.00       0.00
  u_csk_sequencer/group_count_reg[5]/CLK (DFFARX1)        0.00 #     0.00 r
  u_csk_sequencer/group_count_reg[5]/QN (DFFARX1)         0.49       0.49 r
  u_csk_sequencer/U264/QN (OAI21X1)                       0.37       0.86 f
  u_csk_sequencer/group_count_reg[5]/D (DFFARX1)          0.03       0.89 f
  data arrival time                                                  0.89

  clock CLK (rise edge)                                   0.00       0.00
  clock network delay (ideal)                             0.00       0.00
  clock uncertainty                                       1.00       1.00
  u_csk_sequencer/group_count_reg[5]/CLK (DFFARX1)        0.00       1.00 r
  library hold time                                      -0.01       0.99
  data required time                                                 0.99
  --------------------------------------------------------------------------
  data required time                                                 0.99
  data arrival time                                                 -0.89
  --------------------------------------------------------------------------
  slack (VIOLATED)                                                  -0.09


  Startpoint: u_csk_sequencer/group_count_reg[6]
              (rising edge-triggered flip-flop clocked by CLK)
  Endpoint: u_csk_sequencer/group_count_reg[6]
            (rising edge-triggered flip-flop clocked by CLK)
  Path Group: CLK
  Path Type: min

  Des/Clust/Port     Wire Load Model       Library
  ------------------------------------------------
  css_phy_tx_top     ForQA                 saed90nm_max
  csk_sequencer      8000                  saed90nm_max

  Point                                                   Incr       Path
  --------------------------------------------------------------------------
  clock CLK (rise edge)                                   0.00       0.00
  clock network delay (ideal)                             0.00       0.00
  u_csk_sequencer/group_count_reg[6]/CLK (DFFARX1)        0.00 #     0.00 r
  u_csk_sequencer/group_count_reg[6]/QN (DFFARX1)         0.49       0.49 r
  u_csk_sequencer/U263/QN (OAI21X1)                       0.37       0.86 f
  u_csk_sequencer/group_count_reg[6]/D (DFFARX1)          0.03       0.89 f
  data arrival time                                                  0.89

  clock CLK (rise edge)                                   0.00       0.00
  clock network delay (ideal)                             0.00       0.00
  clock uncertainty                                       1.00       1.00
  u_csk_sequencer/group_count_reg[6]/CLK (DFFARX1)        0.00       1.00 r
  library hold time                                      -0.01       0.99
  data required time                                                 0.99
  --------------------------------------------------------------------------
  data required time                                                 0.99
  data arrival time                                                 -0.89
  --------------------------------------------------------------------------
  slack (VIOLATED)                                                  -0.09


1
