Loading db file '/mnt/hgfs/Shared_Folder/Zigbee-CSS-PHY-Transmitter-main/std_cells/saed90nm_max.db'
Information: Propagating switching activity (low effort zero delay simulation). (PWR-6)
Warning: Design has unannotated primary inputs. (PWR-414)
Warning: Design has unannotated sequential cell outputs. (PWR-415)
 
****************************************
Report : power
        -hier
        -analysis_effort low
Design : css_phy_tx_top
Version: O-2018.06-SP1
Date   : Sat Sep 19 03:37:45 2026
****************************************


Library(s) Used:

    saed90nm_max (File: /mnt/hgfs/Shared_Folder/Zigbee-CSS-PHY-Transmitter-main/std_cells/saed90nm_max.db)


Operating Conditions: WORST   Library: saed90nm_max
Wire Load Model Mode: enclosed

Design        Wire Load Model            Library
------------------------------------------------
css_phy_tx_top         ForQA             saed90nm_max
controller             ForQA             saed90nm_max
zero_padding           8000              saed90nm_max
demux_iq               8000              saed90nm_max
symbol_mapper          8000              saed90nm_max
bit_interleaver        16000             saed90nm_max
form_ppdu              ForQA             saed90nm_max
qpsk_mapper            8000              saed90nm_max
dqpsk_encoder          8000              saed90nm_max
csk_sequencer          8000              saed90nm_max
csk_waveform_selector  ForQA             saed90nm_max
csk_waveform_rom       8000              saed90nm_max
dqpsk_csk_multiplier   8000              saed90nm_max
css_phy_tx_top_DW01_inc_0
                       ForQA             saed90nm_max
css_phy_tx_top_DW01_inc_1
                       ForQA             saed90nm_max
css_phy_tx_top_DW_div_uns_2
                       8000              saed90nm_max
css_phy_tx_top_DW_div_uns_3
                       8000              saed90nm_max
css_phy_tx_top_DW01_inc_2
                       ForQA             saed90nm_max
dqpsk_csk_multiplier_DW01_add_0
                       8000              saed90nm_max
dqpsk_csk_multiplier_DW01_sub_0
                       8000              saed90nm_max
csk_sequencer_DW01_inc_1
                       ForQA             saed90nm_max
csk_sequencer_DW01_inc_2
                       ForQA             saed90nm_max
form_ppdu_DW01_inc_0   ForQA             saed90nm_max
form_ppdu_DW01_inc_1   ForQA             saed90nm_max
zero_padding_DW_div_uns_0
                       8000              saed90nm_max
zero_padding_DW_div_uns_1
                       8000              saed90nm_max
zero_padding_DW01_inc_2
                       8000              saed90nm_max
zero_padding_DW_div_uns_3
                       8000              saed90nm_max
controller_DW01_inc_0  ForQA             saed90nm_max
controller_DW01_inc_1  ForQA             saed90nm_max
controller_DW01_inc_2  ForQA             saed90nm_max
controller_DW_div_uns_0
                       8000              saed90nm_max
controller_DW_div_uns_1
                       8000              saed90nm_max
controller_DW_div_uns_2
                       8000              saed90nm_max
controller_DW_div_uns_3
                       8000              saed90nm_max
css_phy_tx_top_DW_div_uns_4
                       8000              saed90nm_max
css_phy_tx_top_DW_div_uns_6
                       8000              saed90nm_max


Global Operating Voltage = 0.7  
Power-specific unit information :
    Voltage Units = 1V
    Capacitance Units = 1.000000ff
    Time Units = 1ns
    Dynamic Power Units = 1uW    (derived from V,C,T units)
    Leakage Power Units = 1pW


--------------------------------------------------------------------------------
                                       Switch   Int      Leak     Total
Hierarchy                              Power    Power    Power    Power    %
--------------------------------------------------------------------------------
css_phy_tx_top                           10.079   35.779 1.80e+09 1.84e+03 100.0
  div_293 (css_phy_tx_top_DW_div_uns_6)
                                          0.618    1.602 4.21e+06    6.428   0.3
  div_290 (css_phy_tx_top_DW_div_uns_4)
                                          0.489    1.339 3.34e+06    5.169   0.3
  add_324 (css_phy_tx_top_DW01_inc_2)  3.56e-03 2.34e-02 7.38e+05    0.765   0.0
  rem_282 (css_phy_tx_top_DW_div_uns_3)
                                          0.375    1.187 3.14e+06    4.702   0.3
  rem_281 (css_phy_tx_top_DW_div_uns_2)
                                          0.283    0.941 2.07e+06    3.297   0.2
  r112 (css_phy_tx_top_DW01_inc_1)     5.75e-03 4.64e-02 7.89e+05    0.841   0.0
  add_431 (css_phy_tx_top_DW01_inc_0)  6.61e-06 1.58e-05 7.89e+05    0.789   0.0
  u_dqpsk_csk_multiplier (dqpsk_csk_multiplier)
                                       1.07e-03 4.39e-03 6.54e+06    6.543   0.4
    sub_38 (dqpsk_csk_multiplier_DW01_sub_0)
                                       1.60e-04 4.07e-04 8.66e+05    0.866   0.0
    add_39 (dqpsk_csk_multiplier_DW01_add_0)
                                       7.11e-05 6.48e-04 8.20e+05    0.821   0.0
  u_csk_rom (csk_waveform_rom)         1.32e-03 2.54e-03 5.39e+06    5.395   0.3
  u_csk_selector (csk_waveform_selector)
                                       1.58e-04 3.91e-04 2.74e+05    0.275   0.0
  u_csk_sequencer (csk_sequencer)         0.154    0.266 1.25e+07   12.947   0.7
    add_81 (csk_sequencer_DW01_inc_2)  1.16e-04 1.16e-03 7.89e+05    0.790   0.0
    r98 (csk_sequencer_DW01_inc_1)     7.91e-05 1.15e-03 7.89e+05    0.790   0.0
  u_dqpsk (dqpsk_encoder)              2.01e-02 2.76e-02 3.05e+06    3.100   0.2
  u_qpsk (qpsk_mapper)                 9.99e-03 1.40e-02 6.61e+05    0.685   0.0
  u_form_ppdu (form_ppdu)                 0.929    2.097 7.50e+08  752.720  40.8
    r113 (form_ppdu_DW01_inc_1)        7.69e-03 6.36e-02 8.70e+05    0.942   0.1
    r114 (form_ppdu_DW01_inc_0)        1.41e-05 9.03e-05 8.70e+05    0.871   0.0
  u_interleaver (bit_interleaver)      7.10e-02    0.127 2.74e+07   27.640   1.5
  u_symbol_mapper (symbol_mapper)         0.291    0.479 2.12e+07   21.932   1.2
  u_demux (demux_iq)                   4.70e-02    0.110 7.32e+05    0.889   0.0
  u_zero_padding (zero_padding)           1.071    3.476 1.66e+07   21.197   1.1
    rem_59 (zero_padding_DW_div_uns_3)    0.241    0.886 2.01e+06    3.140   0.2
    r106 (zero_padding_DW01_inc_2)     1.18e-02 6.22e-02 1.20e+06    1.271   0.1
    rem_61 (zero_padding_DW_div_uns_1)    0.239    0.891 2.03e+06    3.165   0.2
    rem_67 (zero_padding_DW_div_uns_0)    0.311    1.005 2.81e+06    4.124   0.2
  u_controller (controller)               4.045   19.094 2.07e+08  229.729  12.5
    rem_101 (controller_DW_div_uns_3)     0.277    1.039 2.26e+06    3.579   0.2
    rem_102 (controller_DW_div_uns_2)     0.313    1.020 2.75e+06    4.082   0.2
    div_108 (controller_DW_div_uns_1)     0.259    0.902 2.10e+06    3.261   0.2
    div_109 (controller_DW_div_uns_0)     0.466    1.392 3.23e+06    5.088   0.3
    add_159 (controller_DW01_inc_2)    8.74e-03 5.22e-02 9.52e+05    1.013   0.1
    add_164 (controller_DW01_inc_1)    6.21e-03 5.21e-02 9.52e+05    1.010   0.1
    add_189 (controller_DW01_inc_0)    8.41e-03 6.92e-02 7.89e+05    0.866   0.0
1
