****************************************
Report : qor
Design : css_phy_tx_top
Version: O-2018.06-SP1
Date   : Sat Sep 19 06:28:16 2026
****************************************
Information: Timer using 'SI, Timing Window Analysis, CRPR'. (TIM-050)


Scenario           'default'
Timing Path Group  'CLK'
----------------------------------------
Levels of Logic:                     74
Critical Path Length:             26.15
Critical Path Slack:              22.52
Critical Path Clk Period:         50.00
Total Negative Slack:              0.00
No. of Violating Paths:               0
Worst Hold Violation:              0.00
Total Hold Violation:              0.00
No. of Hold Violations:               0
----------------------------------------


Cell Count
----------------------------------------
Hierarchical Cell Count:             36
Hierarchical Port Count:           1645
Leaf Cell Count:                  42140
Buf/Inv Cell Count:               14057
Buf Cell Count:                   12067
Inv Cell Count:                    1990
CT Buf/Inv Cell Count:                0
Combinational Cell Count:         32392
Sequential Cell Count:             9748
Macro Count:                          0
----------------------------------------


Area
----------------------------------------
Combinational Area:           278694.60
Noncombinational Area:        246445.06
Buf/Inv Area:                  80720.18
Total Buffer Area:             68851.81
Total Inverter Area:           11868.36
Macro/Black Box Area:              0.00
Net Area:                             0
Net XLength:                       0.00
Net YLength:                       0.00
----------------------------------------
Cell Area (netlist):                         525139.66
Cell Area (netlist and physical only):       525139.66
Net Length:                        0.00


Design Rules
----------------------------------------
Total Number of Nets:             42433
Nets with Violations:                 0
Max Trans Violations:                 0
Max Cap Violations:                   0
----------------------------------------

1
